******************************************************************************
                  TI ARM Linker PC v15.12.1                    
******************************************************************************
>> Linked Sat Apr 15 17:46:27 2017

OUTPUT FILE NAME:   <FinalProject.out>
ENTRY POINT SYMBOL: "_c_int00"  address: 0000407d


MEMORY CONFIGURATION

         name            origin    length      used     unused   attr    fill
----------------------  --------  ---------  --------  --------  ----  --------
  FLASH                 00000000   00040000  00004564  0003ba9c  R  X
  SRAM                  20000000   00008000  00000ef3  0000710d  RW X


SEGMENT ALLOCATION MAP

run origin  load origin   length   init length attrs members
----------  ----------- ---------- ----------- ----- -------
00000000    00000000    0000456c   0000456c    r-x
  00000000    00000000    0000026c   0000026c    r-- .intvecs
  0000026c    0000026c    00004168   00004168    r-x .text
  000043d8    000043d8    0000013c   0000013c    r-- .const
  00004518    00004518    00000054   00000054    r-- .cinit
20000000    20000000    00000efa   00000000    rw-
  20000000    20000000    0000026c   00000000    rw- .vtable
  2000026c    2000026c    00000800   00000000    rw- .stack
  20000a70    20000a70    00000400   00000000    rw- .sysmem
  20000e70    20000e70    00000069   00000000    rw- .bss
  20000edc    20000edc    0000001e   00000000    rw- .data


SECTION ALLOCATION MAP

 output                                  attributes/
section   page    origin      length       input sections
--------  ----  ----------  ----------   ----------------
.intvecs   0    00000000    0000026c     
                  00000000    0000026c     tm4c123gh6pm_startup_ccs.obj (.intvecs)

.text      0    0000026c    00004168     
                  0000026c    00001110     rtsv7M4_T_le_v4SPD16_eabi.lib : _printfi.obj (.text)
                  0000137c    000009ac                                   : e_pow.obj (.text)
                  00001d28    000005c2     helpers.obj (.text)
                  000022ea    00000002     rtsv7M4_T_le_v4SPD16_eabi.lib : mpu_init.obj (.text)
                  000022ec    000002ec     lcd.obj (.text)
                  000025d8    00000218     ping.obj (.text)
                  000027f0    00000210     commands.obj (.text)
                  00002a00    000001f4     rtsv7M4_T_le_v4SPD16_eabi.lib : ull_div_t2.obj (.text)
                  00002bf4    000001b6                                   : fd_add_t2.obj (.text)
                  00002daa    00000002                                   : startup.obj (.text)
                  00002dac    00000174     ir.obj (.text)
                  00002f20    00000170     rtsv7M4_T_le_v4SPD16_eabi.lib : e_sqrt.obj (.text)
                  00003090    00000170     servo.obj (.text)
                  00003200    00000158     timer.obj (.text)
                  00003358    00000136     rtsv7M4_T_le_v4SPD16_eabi.lib : fd_div_t2.obj (.text)
                  0000348e    00000002     --HOLE-- [fill = 0]
                  00003490    00000128     uart.obj (.text)
                  000035b8    00000124     button.obj (.text)
                  000036dc    000000fc     rtsv7M4_T_le_v4SPD16_eabi.lib : fd_mul_t2.obj (.text)
                  000037d8    000000fc                                   : s_scalbn.obj (.text)
                  000038d4    000000b4                                   : s_cosf.obj (.text)
                  00003988    000000ac                                   : s_tanf.obj (.text)
                  00003a34    000000a4                                   : s_sinf.obj (.text)
                  00003ad8    0000009c                                   : memcpy_t2.obj (.text)
                  00003b74    00000094                                   : snprintf.obj (.text)
                  00003c08    00000088                                   : vsnprintf.obj (.text)
                  00003c90    00000086                                   : fd_cmp_t2.obj (.text:__aeabi_cdcmple)
                  00003d16    00000086                                   : fd_cmp_t2.obj (.text:__aeabi_cdrcmple)
                  00003d9c    0000007a                                   : memset_t2.obj (.text)
                  00003e16    00000002     --HOLE-- [fill = 0]
                  00003e18    00000070                                   : autoinit.obj (.text)
                  00003e88    0000006e                                   : fd_tos_t2.obj (.text)
                  00003ef6    0000006a                                   : copy_decompress_rle.obj (.text)
                  00003f60    00000064                                   : s_frexp.obj (.text)
                  00003fc4    00000060                                   : sprintf.obj (.text)
                  00004024    00000056                                   : ltoa.obj (.text)
                  0000407a    00000002     --HOLE-- [fill = 0]
                  0000407c    00000054                                   : boot.obj (.text)
                  000040d0    00000054                                   : exit.obj (.text)
                  00004124    0000004c                                   : atoi.obj (.text)
                  00004170    0000004c                                   : cpy_tbl.obj (.text)
                  000041bc    00000048                                   : fd_toi_t2.obj (.text)
                  00004204    00000038                                   : fs_tod_t2.obj (.text)
                  0000423c    00000034     driverlib.lib : interrupt.obj (.text:IntRegister)
                  00004270    00000032     main.obj (.text)
                  000042a2    0000002e     rtsv7M4_T_le_v4SPD16_eabi.lib : i_tofd_t2.obj (.text)
                  000042d0    0000001c                                   : memccpy.obj (.text)
                  000042ec    00000018                                   : args_main.obj (.text)
                  00004304    00000018                                   : strcmp.obj (.text)
                  0000431c    00000016                                   : strchr.obj (.text)
                  00004332    00000002     --HOLE-- [fill = 0]
                  00004334    00000014                                   : _lock.obj (.text)
                  00004348    00000014                                   : s_copysign.obj (.text)
                  0000435c    00000014                                   : strcpy.obj (.text)
                  00004370    00000014                                   : strlen.obj (.text)
                  00004384    00000010     driverlib.lib : interrupt.obj (.text:IntMasterEnable)
                  00004394    00000010     lcd.obj (.text:lcd_clear)
                  000043a4    0000000e     rtsv7M4_T_le_v4SPD16_eabi.lib : copy_decompress_none.obj (.text:decompress:none)
                  000043b2    0000000c     driverlib.lib : cpu.obj (.text:CPUcpsie)
                  000043be    0000000c     tm4c123gh6pm_startup_ccs.obj (.text)
                  000043ca    00000006     rtsv7M4_T_le_v4SPD16_eabi.lib : copy_decompress_rle.obj (.text:decompress:rle24)
                  000043d0    00000004                                   : pre_init.obj (.text)

.const     0    000043d8    0000013c     
                  000043d8    00000101     rtsv7M4_T_le_v4SPD16_eabi.lib : ctype.obj (.const:.string:_ctypes_)
                  000044d9    00000004     lcd.obj (.const:.string:lineAddress$1)
                  000044dd    00000003     --HOLE-- [fill = 0]
                  000044e0    00000030     rtsv7M4_T_le_v4SPD16_eabi.lib : e_pow.obj (.const:$O1$$)
                  00004510    00000004     lcd.obj (.const:.string:lineAddresses$2)

.cinit     0    00004518    00000054     
                  00004518    00000016     (.cinit..data.load) [load image, compression = rle]
                  0000452e    00000002     --HOLE-- [fill = 0]
                  00004530    0000000b     (.cinit..vtable.load) [load image, compression = rle]
                  0000453b    00000005     --HOLE-- [fill = 0]
                  00004540    00000009     (.cinit..bss.load) [load image, compression = rle]
                  00004549    00000003     --HOLE-- [fill = 0]
                  0000454c    00000008     (__TI_handler_table)
                  00004554    00000018     (__TI_cinit_table)

.init_array 
*          0    00000000    00000000     UNINITIALIZED

.vtable    0    20000000    0000026c     UNINITIALIZED
                  20000000    0000026c     driverlib.lib : interrupt.obj (.vtable)

.stack     0    2000026c    00000800     UNINITIALIZED
                  2000026c    00000800     --HOLE--

.sysmem    0    20000a70    00000400     UNINITIALIZED
                  20000a70    00000008     rtsv7M4_T_le_v4SPD16_eabi.lib : memory.obj (.sysmem)
                  20000a78    000003f8     --HOLE--

.bss       0    20000e70    00000069     UNINITIALIZED
                  20000e70    00000054     lcd.obj (.bss:lastbuffer$3)
                  20000ec4    00000004     (.common:fallingEdge)
                  20000ec8    00000004     (.common:isr_int_value)
                  20000ecc    00000004     (.common:pulseLength)
                  20000ed0    00000004     (.common:pulse_width)
                  20000ed4    00000004     (.common:risingEdge)
                  20000ed8    00000001     (.common:state)

.data      0    20000edc    0000001e     UNINITIALIZED
                  20000edc    0000000c     rtsv7M4_T_le_v4SPD16_eabi.lib : exit.obj (.data:$O1$$)
                  20000ee8    00000008                                   : _lock.obj (.data:$O1$$)
                  20000ef0    00000004                                   : errno.obj (.data)
                  20000ef4    00000004                                   : stkdepth_vars.obj (.data)
                  20000ef8    00000002     button.obj (.data)

MODULE SUMMARY

       Module                         code    ro data   rw data
       ------                         ----    -------   -------
    .\
       helpers.obj                    1474    0         0      
       lcd.obj                        764     8         84     
       tm4c123gh6pm_startup_ccs.obj   12      620       0      
       commands.obj                   528     0         21     
       ping.obj                       536     0         0      
       ir.obj                         372     0         0      
       servo.obj                      368     0         0      
       timer.obj                      344     0         0      
       uart.obj                       296     0         0      
       button.obj                     292     0         2      
       main.obj                       50      0         0      
    +--+------------------------------+-------+---------+---------+
       Total:                         5036    628       107    
                                                               
    C:/ti/TivaWare_C_Series-2.1.2.111/driverlib/ccs/Debug/driverlib.lib
       interrupt.obj                  68      0         620    
       cpu.obj                        12      0         0      
    +--+------------------------------+-------+---------+---------+
       Total:                         80      0         620    
                                                               
    C:\ti\ccsv6\tools\compiler\ti-cgt-arm_15.12.1.LTS\lib\rtsv7M4_T_le_v4SPD16_eabi.lib
       _printfi.obj                   4368    0         0      
       e_pow.obj                      2476    48        0      
       ull_div_t2.obj                 500     0         0      
       fd_add_t2.obj                  438     0         0      
       e_sqrt.obj                     368     0         0      
       fd_div_t2.obj                  310     0         0      
       fd_cmp_t2.obj                  268     0         0      
       ctype.obj                      0       257       0      
       fd_mul_t2.obj                  252     0         0      
       s_scalbn.obj                   252     0         0      
       s_cosf.obj                     180     0         0      
       s_tanf.obj                     172     0         0      
       s_sinf.obj                     164     0         0      
       memcpy_t2.obj                  156     0         0      
       snprintf.obj                   148     0         0      
       vsnprintf.obj                  136     0         0      
       memset_t2.obj                  122     0         0      
       autoinit.obj                   112     0         0      
       copy_decompress_rle.obj        112     0         0      
       fd_tos_t2.obj                  110     0         0      
       s_frexp.obj                    100     0         0      
       exit.obj                       84      0         12     
       sprintf.obj                    96      0         0      
       ltoa.obj                       86      0         0      
       boot.obj                       84      0         0      
       atoi.obj                       76      0         0      
       cpy_tbl.obj                    76      0         0      
       fd_toi_t2.obj                  72      0         0      
       fs_tod_t2.obj                  56      0         0      
       i_tofd_t2.obj                  46      0         0      
       _lock.obj                      20      0         8      
       memccpy.obj                    28      0         0      
       args_main.obj                  24      0         0      
       strcmp.obj                     24      0         0      
       strchr.obj                     22      0         0      
       s_copysign.obj                 20      0         0      
       strcpy.obj                     20      0         0      
       strlen.obj                     20      0         0      
       copy_decompress_none.obj       14      0         0      
       errno.obj                      0       0         4      
       pre_init.obj                   4       0         0      
       stkdepth_vars.obj              0       0         4      
       mpu_init.obj                   2       0         0      
       startup.obj                    2       0         0      
    +--+------------------------------+-------+---------+---------+
       Total:                         11620   305       28     
                                                               
       Heap:                          0       0         1024   
       Stack:                         0       0         2048   
       Linker Generated:              0       74        0      
    +--+------------------------------+-------+---------+---------+
       Grand Total:                   16736   1007      3827   


LINKER GENERATED COPY TABLES

__TI_cinit_table @ 00004554 records: 3, size/record: 8, table size: 24
	.data: load addr=00004518, load size=00000016 bytes, run addr=20000edc, run size=0000001e bytes, compression=rle
	.vtable: load addr=00004530, load size=0000000b bytes, run addr=20000000, run size=0000026c bytes, compression=rle
	.bss: load addr=00004540, load size=00000009 bytes, run addr=20000e70, run size=00000069 bytes, compression=rle


LINKER GENERATED HANDLER TABLE

__TI_handler_table @ 0000454c records: 2, size/record: 4, table size: 8
	index: 0, handler: __TI_decompress_rle24
	index: 1, handler: __TI_decompress_none


GLOBAL SYMBOLS: SORTED ALPHABETICALLY BY Name 

address   name                           
-------   ----                           
000040d1  C$$EXIT                        
000043b3  CPUcpsie                       
00004385  IntMasterEnable                
0000423d  IntRegister                    
000043bf  ResetISR                       
UNDEFED   SHT$$INIT_ARRAY$$Base          
UNDEFED   SHT$$INIT_ARRAY$$Limit         
000026e1  TIMER3B_Handler                
20000a6c  __STACK_END                    
00000800  __STACK_SIZE                   
2000046c  __STACK_TOP                    
00000400  __SYSMEM_SIZE                  
00004554  __TI_CINIT_Base                
0000456c  __TI_CINIT_Limit               
0000454c  __TI_Handler_Table_Base        
00004554  __TI_Handler_Table_Limit       
00003e19  __TI_auto_init                 
20000edc  __TI_cleanup_ptr               
000043a5  __TI_decompress_none           
000043cb  __TI_decompress_rle24          
20000ee0  __TI_dtors_ptr                 
20000ee4  __TI_enable_exit_profile_output
ffffffff  __TI_pprof_out_hndl            
00001077  __TI_printfi                   
ffffffff  __TI_prof_data_size            
ffffffff  __TI_prof_data_start           
00000000  __TI_static_base__             
00003c91  __aeabi_cdcmpeq                
00003c91  __aeabi_cdcmple                
00003d17  __aeabi_cdrcmple               
00003e89  __aeabi_d2f                    
000041bd  __aeabi_d2iz                   
00002bff  __aeabi_dadd                   
00003359  __aeabi_ddiv                   
000036dd  __aeabi_dmul                   
00002bf5  __aeabi_dsub                   
00004205  __aeabi_f2d                    
000042a3  __aeabi_i2d                    
00003d9d  __aeabi_memclr                 
00003d9d  __aeabi_memclr4                
00003d9d  __aeabi_memclr8                
00003ad9  __aeabi_memcpy                 
00003ad9  __aeabi_memcpy4                
00003ad9  __aeabi_memcpy8                
00003d9f  __aeabi_memset                 
00003d9f  __aeabi_memset4                
00003d9f  __aeabi_memset8                
00002a01  __aeabi_uldivmod               
ffffffff  __binit__                      
ffffffff  __c_args__                     
000022eb  __mpu_init                     
2000026c  __stack                        
000042ed  _args_main                     
0000407d  _c_int00                       
000043d8  _ctypes_                       
20000ee8  _lock                          
00004343  _nop                           
0000433b  _register_lock                 
00004335  _register_unlock               
20000a70  _sys_memory                    
00002dab  _system_post_cinit             
000043d1  _system_pre_init               
20000eec  _unlock                        
000040d5  abort                          
0000203d  arrayOutput                    
00004125  atoi                           
ffffffff  binit                          
000035e5  button_checkButtons            
000035ef  button_getButton               
0000366f  button_getButtonBlocking       
00003683  button_getButtonChange         
000036ad  button_getButtonChangeBlocking 
000035b9  button_init                    
00004171  copy_in                        
00004349  copysign                       
00004349  copysignl                      
000038d5  cosf                           
20000ef0  errno                          
000040dd  exit                           
20000ec4  fallingEdge                    
00003f61  frexp                          
00003f61  frexpl                         
20000000  g_pfnRAMVectors                
00000000  g_pfnVectors                   
0000427f  init_All                       
00002e51  ir_getDistance                 
00002dad  ir_init                        
00002e25  ir_read                        
20000ec8  isr_int_value                  
00004395  lcd_clear                      
00002485  lcd_gotoLine                   
000022ed  lcd_init                       
000024eb  lcd_printf                     
000023ad  lcd_putc                       
000023e5  lcd_puts                       
00002403  lcd_sendCommand                
00002441  lcd_sendNibble                 
000024ad  lcd_setCursorPos               
000037d9  ldexp                          
000037d9  ldexpl                         
00004025  ltoa                           
00004271  main                           
20000ef4  main_func_sp                   
000042d1  memccpy                        
00003ad9  memcpy                         
00003da5  memset                         
00003155  move_servo                     
000020f5  objectDataOutput               
00002741  ping_getDistance               
000025d9  ping_init                      
00001d29  polar2Cart                     
0000137d  pow                            
0000137d  powl                           
20000ecc  pulseLength                    
20000ed0  pulse_width                    
20000ed4  risingEdge                     
000037d9  scalbn                         
000037d9  scalbnl                        
00002677  send_pulse                     
00003091  servo_init                     
00001e51  setObjectData                  
00003a35  sinf                           
00003b75  snprintf                       
00003fc5  sprintf                        
00002f21  sqrt                           
00002f21  sqrtl                          
20000ed8  state                          
0000431d  strchr                         
00004305  strcmp                         
0000435d  strcpy                         
00004371  strlen                         
000027f1  sweep                          
00003989  tanf                           
00003311  timer_getClock                 
000032c5  timer_startClock               
0000325f  timer_startTimer               
00003317  timer_stopClock                
000032af  timer_stopTimer                
00003235  timer_waitMicros               
00003201  timer_waitMillis               
000034fd  uart_init                      
000034d7  uart_receive                   
000034bb  uart_sendChar                  
00003491  uart_sendStr                   
00003c09  vsnprintf                      


GLOBAL SYMBOLS: SORTED BY Symbol Address 

address   name                           
-------   ----                           
00000000  __TI_static_base__             
00000000  g_pfnVectors                   
00000400  __SYSMEM_SIZE                  
00000800  __STACK_SIZE                   
00001077  __TI_printfi                   
0000137d  pow                            
0000137d  powl                           
00001d29  polar2Cart                     
00001e51  setObjectData                  
0000203d  arrayOutput                    
000020f5  objectDataOutput               
000022eb  __mpu_init                     
000022ed  lcd_init                       
000023ad  lcd_putc                       
000023e5  lcd_puts                       
00002403  lcd_sendCommand                
00002441  lcd_sendNibble                 
00002485  lcd_gotoLine                   
000024ad  lcd_setCursorPos               
000024eb  lcd_printf                     
000025d9  ping_init                      
00002677  send_pulse                     
000026e1  TIMER3B_Handler                
00002741  ping_getDistance               
000027f1  sweep                          
00002a01  __aeabi_uldivmod               
00002bf5  __aeabi_dsub                   
00002bff  __aeabi_dadd                   
00002dab  _system_post_cinit             
00002dad  ir_init                        
00002e25  ir_read                        
00002e51  ir_getDistance                 
00002f21  sqrt                           
00002f21  sqrtl                          
00003091  servo_init                     
00003155  move_servo                     
00003201  timer_waitMillis               
00003235  timer_waitMicros               
0000325f  timer_startTimer               
000032af  timer_stopTimer                
000032c5  timer_startClock               
00003311  timer_getClock                 
00003317  timer_stopClock                
00003359  __aeabi_ddiv                   
00003491  uart_sendStr                   
000034bb  uart_sendChar                  
000034d7  uart_receive                   
000034fd  uart_init                      
000035b9  button_init                    
000035e5  button_checkButtons            
000035ef  button_getButton               
0000366f  button_getButtonBlocking       
00003683  button_getButtonChange         
000036ad  button_getButtonChangeBlocking 
000036dd  __aeabi_dmul                   
000037d9  ldexp                          
000037d9  ldexpl                         
000037d9  scalbn                         
000037d9  scalbnl                        
000038d5  cosf                           
00003989  tanf                           
00003a35  sinf                           
00003ad9  __aeabi_memcpy                 
00003ad9  __aeabi_memcpy4                
00003ad9  __aeabi_memcpy8                
00003ad9  memcpy                         
00003b75  snprintf                       
00003c09  vsnprintf                      
00003c91  __aeabi_cdcmpeq                
00003c91  __aeabi_cdcmple                
00003d17  __aeabi_cdrcmple               
00003d9d  __aeabi_memclr                 
00003d9d  __aeabi_memclr4                
00003d9d  __aeabi_memclr8                
00003d9f  __aeabi_memset                 
00003d9f  __aeabi_memset4                
00003d9f  __aeabi_memset8                
00003da5  memset                         
00003e19  __TI_auto_init                 
00003e89  __aeabi_d2f                    
00003f61  frexp                          
00003f61  frexpl                         
00003fc5  sprintf                        
00004025  ltoa                           
0000407d  _c_int00                       
000040d1  C$$EXIT                        
000040d5  abort                          
000040dd  exit                           
00004125  atoi                           
00004171  copy_in                        
000041bd  __aeabi_d2iz                   
00004205  __aeabi_f2d                    
0000423d  IntRegister                    
00004271  main                           
0000427f  init_All                       
000042a3  __aeabi_i2d                    
000042d1  memccpy                        
000042ed  _args_main                     
00004305  strcmp                         
0000431d  strchr                         
00004335  _register_unlock               
0000433b  _register_lock                 
00004343  _nop                           
00004349  copysign                       
00004349  copysignl                      
0000435d  strcpy                         
00004371  strlen                         
00004385  IntMasterEnable                
00004395  lcd_clear                      
000043a5  __TI_decompress_none           
000043b3  CPUcpsie                       
000043bf  ResetISR                       
000043cb  __TI_decompress_rle24          
000043d1  _system_pre_init               
000043d8  _ctypes_                       
0000454c  __TI_Handler_Table_Base        
00004554  __TI_CINIT_Base                
00004554  __TI_Handler_Table_Limit       
0000456c  __TI_CINIT_Limit               
20000000  g_pfnRAMVectors                
2000026c  __stack                        
2000046c  __STACK_TOP                    
20000a6c  __STACK_END                    
20000a70  _sys_memory                    
20000ec4  fallingEdge                    
20000ec8  isr_int_value                  
20000ecc  pulseLength                    
20000ed0  pulse_width                    
20000ed4  risingEdge                     
20000ed8  state                          
20000edc  __TI_cleanup_ptr               
20000ee0  __TI_dtors_ptr                 
20000ee4  __TI_enable_exit_profile_output
20000ee8  _lock                          
20000eec  _unlock                        
20000ef0  errno                          
20000ef4  main_func_sp                   
ffffffff  __TI_pprof_out_hndl            
ffffffff  __TI_prof_data_size            
ffffffff  __TI_prof_data_start           
ffffffff  __binit__                      
ffffffff  __c_args__                     
ffffffff  binit                          
UNDEFED   SHT$$INIT_ARRAY$$Base          
UNDEFED   SHT$$INIT_ARRAY$$Limit         

[145 symbols]
