******************************************************************************
                  TI ARM Linker PC v16.9.1                     
******************************************************************************
>> Linked Sat Apr 15 16:04:53 2017

OUTPUT FILE NAME:   <FinalProject.out>
ENTRY POINT SYMBOL: "_c_int00"  address: 00004925


MEMORY CONFIGURATION

         name            origin    length      used     unused   attr    fill
----------------------  --------  ---------  --------  --------  ----  --------
  FLASH                 00000000   00040000  00004e21  0003b1df  R  X
  SRAM                  20000000   00008000  00000f27  000070d9  RW X


SEGMENT ALLOCATION MAP

run origin  load origin   length   init length attrs members
----------  ----------- ---------- ----------- ----- -------
00000000    00000000    00004e28   00004e28    r-x
  00000000    00000000    0000026c   0000026c    r-- .intvecs
  0000026c    0000026c    00004a1a   00004a1a    r-x .text
  00004c88    00004c88    0000014b   0000014b    r-- .const
  00004dd8    00004dd8    00000050   00000050    r-- .cinit
20000000    20000000    00000f2e   00000000    rw-
  20000000    20000000    0000026c   00000000    rw- .vtable
  2000026c    2000026c    00000800   00000000    rw- .stack
  20000a70    20000a70    00000400   00000000    rw- .sysmem
  20000e70    20000e70    00000081   00000000    rw- .bss
  20000ef4    20000ef4    0000003a   00000000    rw- .data


SECTION ALLOCATION MAP

 output                                  attributes/
section   page    origin      length       input sections
--------  ----  ----------  ----------   ----------------
.intvecs   0    00000000    0000026c     
                  00000000    0000026c     tm4c123gh6pm_startup_ccs.obj (.intvecs)

.text      0    0000026c    00004a1a     
                  0000026c    0000113e     rtsv7M4_T_le_v4SPD16_eabi.lib : _printfi.obj (.text)
                  000013aa    00000002                                   : mpu_init.obj (.text)
                  000013ac    00000a84     open_interface.obj (.text)
                  00001e30    000009ac     rtsv7M4_T_le_v4SPD16_eabi.lib : e_pow.obj (.text)
                  000027dc    00000548     main.obj (.text)
                  00002d24    000003d0     rtsv7M4_T_le_v4SPD16_eabi.lib : memory.obj (.text)
                  000030f4    000002ec     lcd.obj (.text)
                  000033e0    00000218     ping.obj (.text)
                  000035f8    000001f4     rtsv7M4_T_le_v4SPD16_eabi.lib : ull_div_t2.obj (.text)
                  000037ec    000001b6                                   : fd_add_t2.obj (.text)
                  000039a2    00000002                                   : startup.obj (.text)
                  000039a4    00000174     ir.obj (.text)
                  00003b18    00000170     rtsv7M4_T_le_v4SPD16_eabi.lib : e_sqrt.obj (.text)
                  00003c88    00000170     servo.obj (.text)
                  00003df8    00000158     timer.obj (.text)
                  00003f50    00000136     rtsv7M4_T_le_v4SPD16_eabi.lib : fd_div_t2.obj (.text)
                  00004086    00000002     --HOLE-- [fill = 0]
                  00004088    00000128     uart.obj (.text)
                  000041b0    00000124     button.obj (.text)
                  000042d4    000000fc     rtsv7M4_T_le_v4SPD16_eabi.lib : fd_mul_t2.obj (.text)
                  000043d0    000000fc                                   : s_scalbn.obj (.text)
                  000044cc    0000009c                                   : memcpy_t2.obj (.text)
                  00004568    00000088                                   : vsnprintf.obj (.text)
                  000045f0    00000086                                   : fd_cmp_t2.obj (.text:__aeabi_cdcmple)
                  00004676    00000086                                   : fd_cmp_t2.obj (.text:__aeabi_cdrcmple)
                  000046fc    0000007a                                   : memset_t2.obj (.text)
                  00004776    00000002     --HOLE-- [fill = 0]
                  00004778    00000070                                   : autoinit.obj (.text)
                  000047e8    0000006e                                   : fd_tos_t2.obj (.text)
                  00004856    00000068                                   : copy_decompress_lzss.obj (.text:decompress:lzss)
                  000048be    00000002     --HOLE-- [fill = 0]
                  000048c0    00000064                                   : s_frexp.obj (.text)
                  00004924    00000054                                   : boot.obj (.text)
                  00004978    00000054                                   : exit.obj (.text)
                  000049cc    00000054                                   : ltoa.obj (.text)
                  00004a20    0000004c                                   : atoi.obj (.text)
                  00004a6c    0000004c                                   : cpy_tbl.obj (.text)
                  00004ab8    00000048                                   : fd_toi_t2.obj (.text)
                  00004b00    00000034     driverlib.lib : interrupt.obj (.text:IntRegister)
                  00004b34    0000002e     rtsv7M4_T_le_v4SPD16_eabi.lib : i_tofd_t2.obj (.text)
                  00004b62    0000001c                                   : memccpy.obj (.text)
                  00004b7e    00000018     open_interface.obj (.text:oi_parseInt)
                  00004b96    00000002     --HOLE-- [fill = 0]
                  00004b98    00000018     rtsv7M4_T_le_v4SPD16_eabi.lib : args_main.obj (.text)
                  00004bb0    00000018                                   : strcmp.obj (.text)
                  00004bc8    00000016                                   : strchr.obj (.text)
                  00004bde    00000002     --HOLE-- [fill = 0]
                  00004be0    00000014                                   : _lock.obj (.text)
                  00004bf4    00000014                                   : s_copysign.obj (.text)
                  00004c08    00000014                                   : strcpy.obj (.text)
                  00004c1c    00000014                                   : strlen.obj (.text)
                  00004c30    00000010     driverlib.lib : interrupt.obj (.text:IntMasterEnable)
                  00004c40    00000010     lcd.obj (.text:lcd_clear)
                  00004c50    0000000e     rtsv7M4_T_le_v4SPD16_eabi.lib : copy_decompress_none.obj (.text:decompress:none)
                  00004c5e    0000000c     driverlib.lib : cpu.obj (.text:CPUcpsie)
                  00004c6a    0000000c     rtsv7M4_T_le_v4SPD16_eabi.lib : copy_zero_init.obj (.text:decompress:ZI)
                  00004c76    0000000c     tm4c123gh6pm_startup_ccs.obj (.text)
                  00004c82    00000004     rtsv7M4_T_le_v4SPD16_eabi.lib : pre_init.obj (.text)

.const     0    00004c88    0000014b     
                  00004c88    00000101     rtsv7M4_T_le_v4SPD16_eabi.lib : ctype.obj (.const:.string:_ctypes_)
                  00004d89    00000004     lcd.obj (.const:.string:lineAddress$1)
                  00004d8d    00000003     --HOLE-- [fill = 0]
                  00004d90    00000030     rtsv7M4_T_le_v4SPD16_eabi.lib : e_pow.obj (.const:$O1$$)
                  00004dc0    0000000f     open_interface.obj (.const:.string:$P$T0$3)
                  00004dcf    00000004     lcd.obj (.const:.string:lineAddresses$2)

.cinit     0    00004dd8    00000050     
                  00004dd8    0000001c     (.cinit..data.load) [load image, compression = lzss]
                  00004df4    0000000c     (__TI_handler_table)
                  00004e00    00000008     (.cinit..bss.load) [load image, compression = zero_init]
                  00004e08    00000008     (.cinit..vtable.load) [load image, compression = zero_init]
                  00004e10    00000018     (__TI_cinit_table)

.init_array 
*          0    00000000    00000000     UNINITIALIZED

.vtable    0    20000000    0000026c     UNINITIALIZED
                  20000000    0000026c     driverlib.lib : interrupt.obj (.vtable)

.stack     0    2000026c    00000800     UNINITIALIZED
                  2000026c    00000800     --HOLE--

.sysmem    0    20000a70    00000400     UNINITIALIZED
                  20000a70    00000008     rtsv7M4_T_le_v4SPD16_eabi.lib : memory.obj (.sysmem)
                  20000a78    000003f8     --HOLE--

.bss       0    20000e70    00000081     UNINITIALIZED
                  20000e70    00000054     lcd.obj (.bss:lastbuffer$3)
                  20000ec4    00000018     open_interface.obj (.bss:firmware$2)
                  20000edc    00000004     (.common:fallingEdge)
                  20000ee0    00000004     (.common:isr_int_value)
                  20000ee4    00000004     (.common:pulseLength)
                  20000ee8    00000004     (.common:pulse_width)
                  20000eec    00000004     (.common:risingEdge)
                  20000ef0    00000001     (.common:state)

.data      0    20000ef4    0000003a     UNINITIALIZED
                  20000ef4    00000010     open_interface.obj (.data)
                  20000f04    0000000c     rtsv7M4_T_le_v4SPD16_eabi.lib : exit.obj (.data:$O1$$)
                  20000f10    0000000c                                   : memory.obj (.data:$O1$$)
                  20000f1c    00000008                                   : _lock.obj (.data:$O1$$)
                  20000f24    00000004                                   : errno.obj (.data)
                  20000f28    00000004                                   : stkdepth_vars.obj (.data)
                  20000f2c    00000002     button.obj (.data)

MODULE SUMMARY

       Module                         code    ro data   rw data
       ------                         ----    -------   -------
    .\
       open_interface.obj             2716    15        40     
       main.obj                       1352    0         17     
       lcd.obj                        764     8         84     
       tm4c123gh6pm_startup_ccs.obj   12      620       0      
       ping.obj                       536     0         0      
       ir.obj                         372     0         4      
       servo.obj                      368     0         0      
       timer.obj                      344     0         0      
       uart.obj                       296     0         0      
       button.obj                     292     0         2      
    +--+------------------------------+-------+---------+---------+
       Total:                         7052    643       147    
                                                               
    C:/ti/TivaWare_C_Series-2.1.2.111/driverlib/ccs/Debug/driverlib.lib
       interrupt.obj                  68      0         620    
       cpu.obj                        12      0         0      
    +--+------------------------------+-------+---------+---------+
       Total:                         80      0         620    
                                                               
    C:\ti\ccsv7\tools\compiler\ti-cgt-arm_16.9.1.LTS\lib\rtsv7M4_T_le_v4SPD16_eabi.lib
       _printfi.obj                   4414    0         0      
       e_pow.obj                      2476    48        0      
       memory.obj                     976     0         12     
       ull_div_t2.obj                 500     0         0      
       fd_add_t2.obj                  438     0         0      
       e_sqrt.obj                     368     0         0      
       fd_div_t2.obj                  310     0         0      
       fd_cmp_t2.obj                  268     0         0      
       ctype.obj                      0       257       0      
       fd_mul_t2.obj                  252     0         0      
       s_scalbn.obj                   252     0         0      
       memcpy_t2.obj                  156     0         0      
       vsnprintf.obj                  136     0         0      
       memset_t2.obj                  122     0         0      
       autoinit.obj                   112     0         0      
       fd_tos_t2.obj                  110     0         0      
       copy_decompress_lzss.obj       104     0         0      
       s_frexp.obj                    100     0         0      
       exit.obj                       84      0         12     
       boot.obj                       84      0         0      
       ltoa.obj                       84      0         0      
       atoi.obj                       76      0         0      
       cpy_tbl.obj                    76      0         0      
       fd_toi_t2.obj                  72      0         0      
       i_tofd_t2.obj                  46      0         0      
       _lock.obj                      20      0         8      
       memccpy.obj                    28      0         0      
       args_main.obj                  24      0         0      
       strcmp.obj                     24      0         0      
       strchr.obj                     22      0         0      
       s_copysign.obj                 20      0         0      
       strcpy.obj                     20      0         0      
       strlen.obj                     20      0         0      
       copy_decompress_none.obj       14      0         0      
       copy_zero_init.obj             12      0         0      
       errno.obj                      0       0         4      
       pre_init.obj                   4       0         0      
       stkdepth_vars.obj              0       0         4      
       mpu_init.obj                   2       0         0      
       startup.obj                    2       0         0      
    +--+------------------------------+-------+---------+---------+
       Total:                         11828   305       40     
                                                               
       Heap:                          0       0         1024   
       Stack:                         0       0         2048   
       Linker Generated:              0       80        0      
    +--+------------------------------+-------+---------+---------+
       Grand Total:                   18960   1028      3879   


LINKER GENERATED COPY TABLES

__TI_cinit_table @ 00004e10 records: 3, size/record: 8, table size: 24
	.data: load addr=00004dd8, load size=0000001c bytes, run addr=20000ef4, run size=0000003a bytes, compression=lzss
	.bss: load addr=00004e00, load size=00000008 bytes, run addr=20000e70, run size=00000081 bytes, compression=zero_init
	.vtable: load addr=00004e08, load size=00000008 bytes, run addr=20000000, run size=0000026c bytes, compression=zero_init


LINKER GENERATED HANDLER TABLE

__TI_handler_table @ 00004df4 records: 3, size/record: 4, table size: 12
	index: 0, handler: __TI_zero_init
	index: 1, handler: __TI_decompress_lzss
	index: 2, handler: __TI_decompress_none


GLOBAL SYMBOLS: SORTED ALPHABETICALLY BY Name 

address   name                           
-------   ----                           
00004979  C$$EXIT                        
00004c5f  CPUcpsie                       
00001ca3  GPIOF_Handler                  
00004c31  IntMasterEnable                
00004b01  IntRegister                    
00004c77  ResetISR                       
UNDEFED   SHT$$INIT_ARRAY$$Base          
UNDEFED   SHT$$INIT_ARRAY$$Limit         
000034e9  TIMER3B_Handler                
20000a6c  __STACK_END                    
00000800  __STACK_SIZE                   
2000046c  __STACK_TOP                    
00000400  __SYSMEM_SIZE                  
00004e10  __TI_CINIT_Base                
00004e28  __TI_CINIT_Limit               
00004df4  __TI_Handler_Table_Base        
00004e00  __TI_Handler_Table_Limit       
00004779  __TI_auto_init                 
20000f04  __TI_cleanup_ptr               
00004857  __TI_decompress_lzss           
00004c51  __TI_decompress_none           
20000f08  __TI_dtors_ptr                 
20000f0c  __TI_enable_exit_profile_output
ffffffff  __TI_pprof_out_hndl            
00000ab1  __TI_printfi                   
ffffffff  __TI_prof_data_size            
ffffffff  __TI_prof_data_start           
00000000  __TI_static_base__             
00004c6b  __TI_zero_init                 
000045f1  __aeabi_cdcmpeq                
000045f1  __aeabi_cdcmple                
00004677  __aeabi_cdrcmple               
000047e9  __aeabi_d2f                    
00004ab9  __aeabi_d2iz                   
000037f7  __aeabi_dadd                   
00003f51  __aeabi_ddiv                   
000042d5  __aeabi_dmul                   
000037ed  __aeabi_dsub                   
00004b35  __aeabi_i2d                    
000046fd  __aeabi_memclr                 
000046fd  __aeabi_memclr4                
000046fd  __aeabi_memclr8                
000044cd  __aeabi_memcpy                 
000044cd  __aeabi_memcpy4                
000044cd  __aeabi_memcpy8                
000046ff  __aeabi_memset                 
000046ff  __aeabi_memset4                
000046ff  __aeabi_memset8                
000035f9  __aeabi_uldivmod               
ffffffff  __binit__                      
ffffffff  __c_args__                     
000013ab  __mpu_init                     
2000026c  __stack                        
00004b99  _args_main                     
00004925  _c_int00                       
00004c88  _ctypes_                       
20000f1c  _lock                          
00004bef  _nop                           
00004be7  _register_lock                 
00004be1  _register_unlock               
20000a70  _sys_memory                    
000039a3  _system_post_cinit             
00004c83  _system_pre_init               
20000f20  _unlock                        
0000497d  abort                          
00004a21  atoi                           
ffffffff  binit                          
000041dd  button_checkButtons            
000041e7  button_getButton               
00004267  button_getButtonBlocking       
0000427b  button_getButtonChange         
000042a5  button_getButtonChangeBlocking 
000041b1  button_init                    
000030c5  calloc                         
00002ac1  checkBumper                    
00002af7  checkCliff                     
00002bfd  cliffWarning                   
00004a6d  copy_in                        
00004bf5  copysign                       
00004bf5  copysignl                      
20000f24  errno                          
00004985  exit                           
20000edc  fallingEdge                    
00002e0f  free                           
000048c1  frexp                          
000048c1  frexpl                         
20000000  g_pfnRAMVectors                
00000000  g_pfnVectors                   
00001cc5  getDegrees                     
00001a51  go_charge                      
000027f5  init_All                       
00003a49  ir_getDistance                 
000039a5  ir_init                        
00003a1d  ir_read                        
20000ee0  isr_int_value                  
00004c41  lcd_clear                      
0000328d  lcd_gotoLine                   
000030f5  lcd_init                       
000032f3  lcd_printf                     
000031b5  lcd_putc                       
000031ed  lcd_puts                       
0000320b  lcd_sendCommand                
00003249  lcd_sendNibble                 
000032b5  lcd_setCursorPos               
000043d1  ldexp                          
000043d1  ldexpl                         
000049cd  ltoa                           
000027dd  main                           
20000f28  main_func_sp                   
00002da5  malloc                         
00002fd9  memalign                       
00004b63  memccpy                        
000044cd  memcpy                         
00004705  memset                         
00002d25  minit                          
00002a1d  move_backwards                 
00002885  move_forward                   
0000281d  move_roomba                    
00003d4d  move_servo                     
000013ad  oi_alloc                       
00001b7b  oi_checkFirmware               
00001403  oi_close                       
000013b9  oi_free                        
000013ed  oi_init                        
000013c9  oi_init_noupdate               
000019e7  oi_loadSong                    
00004b7f  oi_parseInt                    
00001467  oi_parsePacket                 
00001a3d  oi_play_song                   
00001961  oi_setLeds                     
000019a5  oi_setWheels                   
00001c31  oi_shutoff_init                
00001a5f  oi_uartInit                    
00001b03  oi_uartReceive                 
00001b49  oi_uartSendBuff                
00001ae7  oi_uartSendChar                
00001b2b  oi_uartSendStr                 
00001415  oi_update                      
00003549  ping_getDistance               
000033e1  ping_init                      
00001e31  pow                            
00001e31  powl                           
20000ee4  pulseLength                    
20000ee8  pulse_width                    
00002ed1  realloc                        
20000eec  risingEdge                     
000043d1  scalbn                         
000043d1  scalbnl                        
00002abf  scan                           
0000347f  send_pulse                     
00003c89  servo_init                     
00003b19  sqrt                           
00003b19  sqrtl                          
20000ef0  state                          
00004bc9  strchr                         
00004bb1  strcmp                         
00004c09  strcpy                         
00004c1d  strlen                         
00003f09  timer_getClock                 
00003ebd  timer_startClock               
00003e57  timer_startTimer               
00003f0f  timer_stopClock                
00003ea7  timer_stopTimer                
00003e2d  timer_waitMicros               
00003df9  timer_waitMillis               
00002a95  turn_clockwise                 
00002a6b  turn_counterClockwise          
000040f5  uart_init                      
000040cf  uart_receive                   
000040b3  uart_sendChar                  
00004089  uart_sendStr                   
00004569  vsnprintf                      


GLOBAL SYMBOLS: SORTED BY Symbol Address 

address   name                           
-------   ----                           
00000000  __TI_static_base__             
00000000  g_pfnVectors                   
00000400  __SYSMEM_SIZE                  
00000800  __STACK_SIZE                   
00000ab1  __TI_printfi                   
000013ab  __mpu_init                     
000013ad  oi_alloc                       
000013b9  oi_free                        
000013c9  oi_init_noupdate               
000013ed  oi_init                        
00001403  oi_close                       
00001415  oi_update                      
00001467  oi_parsePacket                 
00001961  oi_setLeds                     
000019a5  oi_setWheels                   
000019e7  oi_loadSong                    
00001a3d  oi_play_song                   
00001a51  go_charge                      
00001a5f  oi_uartInit                    
00001ae7  oi_uartSendChar                
00001b03  oi_uartReceive                 
00001b2b  oi_uartSendStr                 
00001b49  oi_uartSendBuff                
00001b7b  oi_checkFirmware               
00001c31  oi_shutoff_init                
00001ca3  GPIOF_Handler                  
00001cc5  getDegrees                     
00001e31  pow                            
00001e31  powl                           
000027dd  main                           
000027f5  init_All                       
0000281d  move_roomba                    
00002885  move_forward                   
00002a1d  move_backwards                 
00002a6b  turn_counterClockwise          
00002a95  turn_clockwise                 
00002abf  scan                           
00002ac1  checkBumper                    
00002af7  checkCliff                     
00002bfd  cliffWarning                   
00002d25  minit                          
00002da5  malloc                         
00002e0f  free                           
00002ed1  realloc                        
00002fd9  memalign                       
000030c5  calloc                         
000030f5  lcd_init                       
000031b5  lcd_putc                       
000031ed  lcd_puts                       
0000320b  lcd_sendCommand                
00003249  lcd_sendNibble                 
0000328d  lcd_gotoLine                   
000032b5  lcd_setCursorPos               
000032f3  lcd_printf                     
000033e1  ping_init                      
0000347f  send_pulse                     
000034e9  TIMER3B_Handler                
00003549  ping_getDistance               
000035f9  __aeabi_uldivmod               
000037ed  __aeabi_dsub                   
000037f7  __aeabi_dadd                   
000039a3  _system_post_cinit             
000039a5  ir_init                        
00003a1d  ir_read                        
00003a49  ir_getDistance                 
00003b19  sqrt                           
00003b19  sqrtl                          
00003c89  servo_init                     
00003d4d  move_servo                     
00003df9  timer_waitMillis               
00003e2d  timer_waitMicros               
00003e57  timer_startTimer               
00003ea7  timer_stopTimer                
00003ebd  timer_startClock               
00003f09  timer_getClock                 
00003f0f  timer_stopClock                
00003f51  __aeabi_ddiv                   
00004089  uart_sendStr                   
000040b3  uart_sendChar                  
000040cf  uart_receive                   
000040f5  uart_init                      
000041b1  button_init                    
000041dd  button_checkButtons            
000041e7  button_getButton               
00004267  button_getButtonBlocking       
0000427b  button_getButtonChange         
000042a5  button_getButtonChangeBlocking 
000042d5  __aeabi_dmul                   
000043d1  ldexp                          
000043d1  ldexpl                         
000043d1  scalbn                         
000043d1  scalbnl                        
000044cd  __aeabi_memcpy                 
000044cd  __aeabi_memcpy4                
000044cd  __aeabi_memcpy8                
000044cd  memcpy                         
00004569  vsnprintf                      
000045f1  __aeabi_cdcmpeq                
000045f1  __aeabi_cdcmple                
00004677  __aeabi_cdrcmple               
000046fd  __aeabi_memclr                 
000046fd  __aeabi_memclr4                
000046fd  __aeabi_memclr8                
000046ff  __aeabi_memset                 
000046ff  __aeabi_memset4                
000046ff  __aeabi_memset8                
00004705  memset                         
00004779  __TI_auto_init                 
000047e9  __aeabi_d2f                    
00004857  __TI_decompress_lzss           
000048c1  frexp                          
000048c1  frexpl                         
00004925  _c_int00                       
00004979  C$$EXIT                        
0000497d  abort                          
00004985  exit                           
000049cd  ltoa                           
00004a21  atoi                           
00004a6d  copy_in                        
00004ab9  __aeabi_d2iz                   
00004b01  IntRegister                    
00004b35  __aeabi_i2d                    
00004b63  memccpy                        
00004b7f  oi_parseInt                    
00004b99  _args_main                     
00004bb1  strcmp                         
00004bc9  strchr                         
00004be1  _register_unlock               
00004be7  _register_lock                 
00004bef  _nop                           
00004bf5  copysign                       
00004bf5  copysignl                      
00004c09  strcpy                         
00004c1d  strlen                         
00004c31  IntMasterEnable                
00004c41  lcd_clear                      
00004c51  __TI_decompress_none           
00004c5f  CPUcpsie                       
00004c6b  __TI_zero_init                 
00004c77  ResetISR                       
00004c83  _system_pre_init               
00004c88  _ctypes_                       
00004df4  __TI_Handler_Table_Base        
00004e00  __TI_Handler_Table_Limit       
00004e10  __TI_CINIT_Base                
00004e28  __TI_CINIT_Limit               
20000000  g_pfnRAMVectors                
2000026c  __stack                        
2000046c  __STACK_TOP                    
20000a6c  __STACK_END                    
20000a70  _sys_memory                    
20000edc  fallingEdge                    
20000ee0  isr_int_value                  
20000ee4  pulseLength                    
20000ee8  pulse_width                    
20000eec  risingEdge                     
20000ef0  state                          
20000f04  __TI_cleanup_ptr               
20000f08  __TI_dtors_ptr                 
20000f0c  __TI_enable_exit_profile_output
20000f1c  _lock                          
20000f20  _unlock                        
20000f24  errno                          
20000f28  main_func_sp                   
ffffffff  __TI_pprof_out_hndl            
ffffffff  __TI_prof_data_size            
ffffffff  __TI_prof_data_start           
ffffffff  __binit__                      
ffffffff  __c_args__                     
ffffffff  binit                          
UNDEFED   SHT$$INIT_ARRAY$$Base          
UNDEFED   SHT$$INIT_ARRAY$$Limit         

[172 symbols]
