******************************************************************************
                  TI ARM Linker PC v16.9.1                     
******************************************************************************
>> Linked Mon Apr 17 16:55:47 2017

OUTPUT FILE NAME:   <FinalProject.out>
ENTRY POINT SYMBOL: "_c_int00"  address: 000054c5


MEMORY CONFIGURATION

         name            origin    length      used     unused   attr    fill
----------------------  --------  ---------  --------  --------  ----  --------
  FLASH                 00000000   00040000  00005ab0  0003a550  R  X
  SRAM                  20000000   00008000  00000f27  000070d9  RW X


SEGMENT ALLOCATION MAP

run origin  load origin   length   init length attrs members
----------  ----------- ---------- ----------- ----- -------
00000000    00000000    00005ab8   00005ab8    r-x
  00000000    00000000    0000026c   0000026c    r-- .intvecs
  0000026c    0000026c    0000562a   0000562a    r-x .text
  00005898    00005898    000001ca   000001ca    r-- .const
  00005a68    00005a68    00000050   00000050    r-- .cinit
20000000    20000000    00000f2e   00000000    rw-
  20000000    20000000    0000026c   00000000    rw- .vtable
  2000026c    2000026c    00000800   00000000    rw- .stack
  20000a70    20000a70    00000400   00000000    rw- .sysmem
  20000e70    20000e70    00000081   00000000    rw- .bss
  20000ef4    20000ef4    0000003a   00000000    rw- .data


SECTION ALLOCATION MAP

 output                                  attributes/
section   page    origin      length       input sections
--------  ----  ----------  ----------   ----------------
.intvecs   0    00000000    0000026c     
                  00000000    0000026c     tm4c123gh6pm_startup_ccs.obj (.intvecs)

.text      0    0000026c    0000562a     
                  0000026c    0000113e     rtsv7M4_T_le_v4SPD16_eabi.lib : _printfi.obj (.text)
                  000013aa    00000002                                   : mpu_init.obj (.text)
                  000013ac    00000a84     open_interface.obj (.text)
                  00001e30    000009ac     rtsv7M4_T_le_v4SPD16_eabi.lib : e_pow.obj (.text)
                  000027dc    0000079c     commands.obj (.text)
                  00002f78    000005c2     helpers.obj (.text)
                  0000353a    00000002     rtsv7M4_T_le_v4SPD16_eabi.lib : startup.obj (.text)
                  0000353c    000003d0                                   : memory.obj (.text)
                  0000390c    000002ec     lcd.obj (.text)
                  00003bf8    00000218     ping.obj (.text)
                  00003e10    000001f4     rtsv7M4_T_le_v4SPD16_eabi.lib : ull_div_t2.obj (.text)
                  00004004    000001b6                                   : fd_add_t2.obj (.text)
                  000041ba    00000002     --HOLE-- [fill = 0]
                  000041bc    00000178     ir.obj (.text)
                  00004334    00000170     rtsv7M4_T_le_v4SPD16_eabi.lib : e_sqrt.obj (.text)
                  000044a4    00000170     servo.obj (.text)
                  00004614    00000158     timer.obj (.text)
                  0000476c    00000136     rtsv7M4_T_le_v4SPD16_eabi.lib : fd_div_t2.obj (.text)
                  000048a2    00000002     --HOLE-- [fill = 0]
                  000048a4    00000128     uart.obj (.text)
                  000049cc    00000124     button.obj (.text)
                  00004af0    000000fc     rtsv7M4_T_le_v4SPD16_eabi.lib : fd_mul_t2.obj (.text)
                  00004bec    000000fc                                   : s_scalbn.obj (.text)
                  00004ce8    000000b4                                   : s_cosf.obj (.text)
                  00004d9c    000000ac                                   : s_tanf.obj (.text)
                  00004e48    000000a4                                   : s_sinf.obj (.text)
                  00004eec    0000009c                                   : memcpy_t2.obj (.text)
                  00004f88    00000094                                   : snprintf.obj (.text)
                  0000501c    00000088                                   : vsnprintf.obj (.text)
                  000050a4    00000086                                   : fd_cmp_t2.obj (.text:__aeabi_cdcmple)
                  0000512a    00000086                                   : fd_cmp_t2.obj (.text:__aeabi_cdrcmple)
                  000051b0    00000080                                   : s_floorf.obj (.text)
                  00005230    0000007a                                   : memset_t2.obj (.text)
                  000052aa    00000002     --HOLE-- [fill = 0]
                  000052ac    00000070                                   : autoinit.obj (.text)
                  0000531c    0000006e                                   : fd_tos_t2.obj (.text)
                  0000538a    0000006e                                   : s_roundf.obj (.text)
                  000053f8    00000068                                   : copy_decompress_lzss.obj (.text:decompress:lzss)
                  00005460    00000064                                   : s_frexp.obj (.text)
                  000054c4    00000054                                   : boot.obj (.text)
                  00005518    00000054                                   : exit.obj (.text)
                  0000556c    00000054                                   : ltoa.obj (.text)
                  000055c0    0000004c                                   : atoi.obj (.text)
                  0000560c    0000004c                                   : cpy_tbl.obj (.text)
                  00005658    00000048                                   : fd_toi_t2.obj (.text)
                  000056a0    00000038     main.obj (.text)
                  000056d8    00000038     rtsv7M4_T_le_v4SPD16_eabi.lib : fs_tod_t2.obj (.text)
                  00005710    00000034     driverlib.lib : interrupt.obj (.text:IntRegister)
                  00005744    0000002e     rtsv7M4_T_le_v4SPD16_eabi.lib : i_tofd_t2.obj (.text)
                  00005772    0000001c                                   : memccpy.obj (.text)
                  0000578e    00000018     open_interface.obj (.text:oi_parseInt)
                  000057a6    00000002     --HOLE-- [fill = 0]
                  000057a8    00000018     rtsv7M4_T_le_v4SPD16_eabi.lib : args_main.obj (.text)
                  000057c0    00000018                                   : strcmp.obj (.text)
                  000057d8    00000016                                   : strchr.obj (.text)
                  000057ee    00000002     --HOLE-- [fill = 0]
                  000057f0    00000014                                   : _lock.obj (.text)
                  00005804    00000014                                   : s_copysign.obj (.text)
                  00005818    00000014                                   : strcpy.obj (.text)
                  0000582c    00000014                                   : strlen.obj (.text)
                  00005840    00000010     driverlib.lib : interrupt.obj (.text:IntMasterEnable)
                  00005850    00000010     lcd.obj (.text:lcd_clear)
                  00005860    0000000e     rtsv7M4_T_le_v4SPD16_eabi.lib : copy_decompress_none.obj (.text:decompress:none)
                  0000586e    0000000c     driverlib.lib : cpu.obj (.text:CPUcpsie)
                  0000587a    0000000c     rtsv7M4_T_le_v4SPD16_eabi.lib : copy_zero_init.obj (.text:decompress:ZI)
                  00005886    0000000c     tm4c123gh6pm_startup_ccs.obj (.text)
                  00005892    00000004     rtsv7M4_T_le_v4SPD16_eabi.lib : pre_init.obj (.text)

.const     0    00005898    000001ca     
                  00005898    00000101     rtsv7M4_T_le_v4SPD16_eabi.lib : ctype.obj (.const:.string:_ctypes_)
                  00005999    00000004     lcd.obj (.const:.string:lineAddress$1)
                  0000599d    00000003     --HOLE-- [fill = 0]
                  000059a0    00000030     rtsv7M4_T_le_v4SPD16_eabi.lib : e_pow.obj (.const:$O1$$)
                  000059d0    00000022     commands.obj (.const:.string:$P$T3$4)
                  000059f2    00000020     commands.obj (.const:.string:$P$T4$5)
                  00005a12    0000001d     commands.obj (.const:.string:$P$T2$3)
                  00005a2f    00000011     commands.obj (.const:.string:$P$T1$2)
                  00005a40    0000000f     commands.obj (.const:.string:$P$T0$1)
                  00005a4f    0000000f     open_interface.obj (.const:.string:$P$T0$3)
                  00005a5e    00000004     lcd.obj (.const:.string:lineAddresses$2)

.cinit     0    00005a68    00000050     
                  00005a68    0000001c     (.cinit..data.load) [load image, compression = lzss]
                  00005a84    0000000c     (__TI_handler_table)
                  00005a90    00000008     (.cinit..bss.load) [load image, compression = zero_init]
                  00005a98    00000008     (.cinit..vtable.load) [load image, compression = zero_init]
                  00005aa0    00000018     (__TI_cinit_table)

.init_array 
*          0    00000000    00000000     UNINITIALIZED

.vtable    0    20000000    0000026c     UNINITIALIZED
                  20000000    0000026c     driverlib.lib : interrupt.obj (.vtable)

.stack     0    2000026c    00000800     UNINITIALIZED
                  2000026c    00000800     --HOLE--

.sysmem    0    20000a70    00000400     UNINITIALIZED
                  20000a70    00000008     rtsv7M4_T_le_v4SPD16_eabi.lib : memory.obj (.sysmem)
                  20000a78    000003f8     --HOLE--

.bss       0    20000e70    00000081     UNINITIALIZED
                  20000e70    00000054     lcd.obj (.bss:lastbuffer$3)
                  20000ec4    00000018     open_interface.obj (.bss:firmware$2)
                  20000edc    00000004     (.common:fallingEdge)
                  20000ee0    00000004     (.common:isr_int_value)
                  20000ee4    00000004     (.common:pulseLength)
                  20000ee8    00000004     (.common:pulse_width)
                  20000eec    00000004     (.common:risingEdge)
                  20000ef0    00000001     (.common:state)

.data      0    20000ef4    0000003a     UNINITIALIZED
                  20000ef4    00000010     open_interface.obj (.data)
                  20000f04    0000000c     rtsv7M4_T_le_v4SPD16_eabi.lib : exit.obj (.data:$O1$$)
                  20000f10    0000000c                                   : memory.obj (.data:$O1$$)
                  20000f1c    00000008                                   : _lock.obj (.data:$O1$$)
                  20000f24    00000004                                   : errno.obj (.data)
                  20000f28    00000004                                   : stkdepth_vars.obj (.data)
                  20000f2c    00000002     button.obj (.data)

MODULE SUMMARY

       Module                         code    ro data   rw data
       ------                         ----    -------   -------
    .\
       open_interface.obj             2716    15        40     
       commands.obj                   1948    127       21     
       helpers.obj                    1474    0         0      
       lcd.obj                        764     8         84     
       tm4c123gh6pm_startup_ccs.obj   12      620       0      
       ping.obj                       536     0         0      
       ir.obj                         376     0         0      
       servo.obj                      368     0         0      
       timer.obj                      344     0         0      
       uart.obj                       296     0         0      
       button.obj                     292     0         2      
       main.obj                       56      0         0      
    +--+------------------------------+-------+---------+---------+
       Total:                         9182    770       147    
                                                               
    C:/ti/TivaWare_C_Series-2.1.2.111/driverlib/ccs/Debug/driverlib.lib
       interrupt.obj                  68      0         620    
       cpu.obj                        12      0         0      
    +--+------------------------------+-------+---------+---------+
       Total:                         80      0         620    
                                                               
    C:\ti\ccsv7\tools\compiler\ti-cgt-arm_16.9.1.LTS\lib\rtsv7M4_T_le_v4SPD16_eabi.lib
       _printfi.obj                   4414    0         0      
       e_pow.obj                      2476    48        0      
       memory.obj                     976     0         12     
       ull_div_t2.obj                 500     0         0      
       fd_add_t2.obj                  438     0         0      
       e_sqrt.obj                     368     0         0      
       fd_div_t2.obj                  310     0         0      
       fd_cmp_t2.obj                  268     0         0      
       ctype.obj                      0       257       0      
       fd_mul_t2.obj                  252     0         0      
       s_scalbn.obj                   252     0         0      
       s_cosf.obj                     180     0         0      
       s_tanf.obj                     172     0         0      
       s_sinf.obj                     164     0         0      
       memcpy_t2.obj                  156     0         0      
       snprintf.obj                   148     0         0      
       vsnprintf.obj                  136     0         0      
       s_floorf.obj                   128     0         0      
       memset_t2.obj                  122     0         0      
       autoinit.obj                   112     0         0      
       fd_tos_t2.obj                  110     0         0      
       s_roundf.obj                   110     0         0      
       copy_decompress_lzss.obj       104     0         0      
       s_frexp.obj                    100     0         0      
       exit.obj                       84      0         12     
       boot.obj                       84      0         0      
       ltoa.obj                       84      0         0      
       atoi.obj                       76      0         0      
       cpy_tbl.obj                    76      0         0      
       fd_toi_t2.obj                  72      0         0      
       fs_tod_t2.obj                  56      0         0      
       i_tofd_t2.obj                  46      0         0      
       _lock.obj                      20      0         8      
       memccpy.obj                    28      0         0      
       args_main.obj                  24      0         0      
       strcmp.obj                     24      0         0      
       strchr.obj                     22      0         0      
       s_copysign.obj                 20      0         0      
       strcpy.obj                     20      0         0      
       strlen.obj                     20      0         0      
       copy_decompress_none.obj       14      0         0      
       copy_zero_init.obj             12      0         0      
       errno.obj                      0       0         4      
       pre_init.obj                   4       0         0      
       stkdepth_vars.obj              0       0         4      
       mpu_init.obj                   2       0         0      
       startup.obj                    2       0         0      
    +--+------------------------------+-------+---------+---------+
       Total:                         12786   305       40     
                                                               
       Heap:                          0       0         1024   
       Stack:                         0       0         2048   
       Linker Generated:              0       80        0      
    +--+------------------------------+-------+---------+---------+
       Grand Total:                   22048   1155      3879   


LINKER GENERATED COPY TABLES

__TI_cinit_table @ 00005aa0 records: 3, size/record: 8, table size: 24
	.data: load addr=00005a68, load size=0000001c bytes, run addr=20000ef4, run size=0000003a bytes, compression=lzss
	.bss: load addr=00005a90, load size=00000008 bytes, run addr=20000e70, run size=00000081 bytes, compression=zero_init
	.vtable: load addr=00005a98, load size=00000008 bytes, run addr=20000000, run size=0000026c bytes, compression=zero_init


LINKER GENERATED HANDLER TABLE

__TI_handler_table @ 00005a84 records: 3, size/record: 4, table size: 12
	index: 0, handler: __TI_zero_init
	index: 1, handler: __TI_decompress_lzss
	index: 2, handler: __TI_decompress_none


GLOBAL SYMBOLS: SORTED ALPHABETICALLY BY Name 

address   name                           
-------   ----                           
00005519  C$$EXIT                        
0000586f  CPUcpsie                       
00001ca3  GPIOF_Handler                  
00005841  IntMasterEnable                
00005711  IntRegister                    
00005887  ResetISR                       
UNDEFED   SHT$$INIT_ARRAY$$Base          
UNDEFED   SHT$$INIT_ARRAY$$Limit         
00003d01  TIMER3B_Handler                
20000a6c  __STACK_END                    
00000800  __STACK_SIZE                   
2000046c  __STACK_TOP                    
00000400  __SYSMEM_SIZE                  
00005aa0  __TI_CINIT_Base                
00005ab8  __TI_CINIT_Limit               
00005a84  __TI_Handler_Table_Base        
00005a90  __TI_Handler_Table_Limit       
000052ad  __TI_auto_init                 
20000f04  __TI_cleanup_ptr               
000053f9  __TI_decompress_lzss           
00005861  __TI_decompress_none           
20000f08  __TI_dtors_ptr                 
20000f0c  __TI_enable_exit_profile_output
ffffffff  __TI_pprof_out_hndl            
00000ab1  __TI_printfi                   
ffffffff  __TI_prof_data_size            
ffffffff  __TI_prof_data_start           
00000000  __TI_static_base__             
0000587b  __TI_zero_init                 
000050a5  __aeabi_cdcmpeq                
000050a5  __aeabi_cdcmple                
0000512b  __aeabi_cdrcmple               
0000531d  __aeabi_d2f                    
00005659  __aeabi_d2iz                   
0000400f  __aeabi_dadd                   
0000476d  __aeabi_ddiv                   
00004af1  __aeabi_dmul                   
00004005  __aeabi_dsub                   
000056d9  __aeabi_f2d                    
00005745  __aeabi_i2d                    
00005231  __aeabi_memclr                 
00005231  __aeabi_memclr4                
00005231  __aeabi_memclr8                
00004eed  __aeabi_memcpy                 
00004eed  __aeabi_memcpy4                
00004eed  __aeabi_memcpy8                
00005233  __aeabi_memset                 
00005233  __aeabi_memset4                
00005233  __aeabi_memset8                
00003e11  __aeabi_uldivmod               
ffffffff  __binit__                      
ffffffff  __c_args__                     
000013ab  __mpu_init                     
2000026c  __stack                        
000057a9  _args_main                     
000054c5  _c_int00                       
00005898  _ctypes_                       
20000f1c  _lock                          
000057ff  _nop                           
000057f7  _register_lock                 
000057f1  _register_unlock               
20000a70  _sys_memory                    
0000353b  _system_post_cinit             
00005893  _system_pre_init               
20000f20  _unlock                        
0000551d  abort                          
00003345  arrayGridPutty                 
0000328d  arrayOutput                    
000055c1  atoi                           
ffffffff  binit                          
000049f9  button_checkButtons            
00004a03  button_getButton               
00004a83  button_getButtonBlocking       
00004a97  button_getButtonChange         
00004ac1  button_getButtonChangeBlocking 
000049cd  button_init                    
000038dd  calloc                         
00002d13  checkBumper                    
00002d49  checkCliff                     
00002e51  cliffWarning                   
0000560d  copy_in                        
00005805  copysign                       
00005805  copysignl                      
00004ce9  cosf                           
20000f24  errno                          
00005525  exit                           
20000edc  fallingEdge                    
000051b1  floorf                         
00003627  free                           
00005461  frexp                          
00005461  frexpl                         
20000000  g_pfnRAMVectors                
00000000  g_pfnVectors                   
00001cc5  getDegrees                     
00001a51  go_charge                      
000056ad  init_All                       
00004261  ir_getDistance                 
000041bd  ir_init                        
00004235  ir_read                        
20000ee0  isr_int_value                  
00005851  lcd_clear                      
00003aa5  lcd_gotoLine                   
0000390d  lcd_init                       
00003b0b  lcd_printf                     
000039cd  lcd_putc                       
00003a05  lcd_puts                       
00003a23  lcd_sendCommand                
00003a61  lcd_sendNibble                 
00003acd  lcd_setCursorPos               
00004bed  ldexp                          
00004bed  ldexpl                         
0000556d  ltoa                           
000056a1  main                           
20000f28  main_func_sp                   
000035bd  malloc                         
000037f1  memalign                       
00005773  memccpy                        
00004eed  memcpy                         
00005239  memset                         
0000353d  minit                          
00002c71  move_backwards                 
00002ad5  move_forward                   
000029e1  move_roomba                    
00004569  move_servo                     
00003429  objectDataOutput               
000013ad  oi_alloc                       
00001b7b  oi_checkFirmware               
00001403  oi_close                       
000013b9  oi_free                        
000013ed  oi_init                        
000013c9  oi_init_noupdate               
000019e7  oi_loadSong                    
0000578f  oi_parseInt                    
00001467  oi_parsePacket                 
00001a3d  oi_play_song                   
00001961  oi_setLeds                     
000019a5  oi_setWheels                   
00001c31  oi_shutoff_init                
00001a5f  oi_uartInit                    
00001b03  oi_uartReceive                 
00001b49  oi_uartSendBuff                
00001ae7  oi_uartSendChar                
00001b2b  oi_uartSendStr                 
00001415  oi_update                      
00003d61  ping_getDistance               
00003bf9  ping_init                      
00002f79  polar2Cart                     
00001e31  pow                            
00001e31  powl                           
20000ee4  pulseLength                    
20000ee8  pulse_width                    
000036e9  realloc                        
20000eec  risingEdge                     
0000538b  roundf                         
00004bed  scalbn                         
00004bed  scalbnl                        
00003c97  send_pulse                     
000044a5  servo_init                     
000030a1  setObjectData                  
00004e49  sinf                           
00004f89  snprintf                       
00004335  sqrt                           
00004335  sqrtl                          
20000ef0  state                          
000057d9  strchr                         
000057c1  strcmp                         
00005819  strcpy                         
0000582d  strlen                         
000027dd  sweep                          
00004d9d  tanf                           
00004725  timer_getClock                 
000046d9  timer_startClock               
00004673  timer_startTimer               
0000472b  timer_stopClock                
000046c3  timer_stopTimer                
00004649  timer_waitMicros               
00004615  timer_waitMillis               
00002ce9  turn_clockwise                 
00002cbf  turn_counterClockwise          
00004911  uart_init                      
000048eb  uart_receive                   
000048cf  uart_sendChar                  
000048a5  uart_sendStr                   
0000501d  vsnprintf                      


GLOBAL SYMBOLS: SORTED BY Symbol Address 

address   name                           
-------   ----                           
00000000  __TI_static_base__             
00000000  g_pfnVectors                   
00000400  __SYSMEM_SIZE                  
00000800  __STACK_SIZE                   
00000ab1  __TI_printfi                   
000013ab  __mpu_init                     
000013ad  oi_alloc                       
000013b9  oi_free                        
000013c9  oi_init_noupdate               
000013ed  oi_init                        
00001403  oi_close                       
00001415  oi_update                      
00001467  oi_parsePacket                 
00001961  oi_setLeds                     
000019a5  oi_setWheels                   
000019e7  oi_loadSong                    
00001a3d  oi_play_song                   
00001a51  go_charge                      
00001a5f  oi_uartInit                    
00001ae7  oi_uartSendChar                
00001b03  oi_uartReceive                 
00001b2b  oi_uartSendStr                 
00001b49  oi_uartSendBuff                
00001b7b  oi_checkFirmware               
00001c31  oi_shutoff_init                
00001ca3  GPIOF_Handler                  
00001cc5  getDegrees                     
00001e31  pow                            
00001e31  powl                           
000027dd  sweep                          
000029e1  move_roomba                    
00002ad5  move_forward                   
00002c71  move_backwards                 
00002cbf  turn_counterClockwise          
00002ce9  turn_clockwise                 
00002d13  checkBumper                    
00002d49  checkCliff                     
00002e51  cliffWarning                   
00002f79  polar2Cart                     
000030a1  setObjectData                  
0000328d  arrayOutput                    
00003345  arrayGridPutty                 
00003429  objectDataOutput               
0000353b  _system_post_cinit             
0000353d  minit                          
000035bd  malloc                         
00003627  free                           
000036e9  realloc                        
000037f1  memalign                       
000038dd  calloc                         
0000390d  lcd_init                       
000039cd  lcd_putc                       
00003a05  lcd_puts                       
00003a23  lcd_sendCommand                
00003a61  lcd_sendNibble                 
00003aa5  lcd_gotoLine                   
00003acd  lcd_setCursorPos               
00003b0b  lcd_printf                     
00003bf9  ping_init                      
00003c97  send_pulse                     
00003d01  TIMER3B_Handler                
00003d61  ping_getDistance               
00003e11  __aeabi_uldivmod               
00004005  __aeabi_dsub                   
0000400f  __aeabi_dadd                   
000041bd  ir_init                        
00004235  ir_read                        
00004261  ir_getDistance                 
00004335  sqrt                           
00004335  sqrtl                          
000044a5  servo_init                     
00004569  move_servo                     
00004615  timer_waitMillis               
00004649  timer_waitMicros               
00004673  timer_startTimer               
000046c3  timer_stopTimer                
000046d9  timer_startClock               
00004725  timer_getClock                 
0000472b  timer_stopClock                
0000476d  __aeabi_ddiv                   
000048a5  uart_sendStr                   
000048cf  uart_sendChar                  
000048eb  uart_receive                   
00004911  uart_init                      
000049cd  button_init                    
000049f9  button_checkButtons            
00004a03  button_getButton               
00004a83  button_getButtonBlocking       
00004a97  button_getButtonChange         
00004ac1  button_getButtonChangeBlocking 
00004af1  __aeabi_dmul                   
00004bed  ldexp                          
00004bed  ldexpl                         
00004bed  scalbn                         
00004bed  scalbnl                        
00004ce9  cosf                           
00004d9d  tanf                           
00004e49  sinf                           
00004eed  __aeabi_memcpy                 
00004eed  __aeabi_memcpy4                
00004eed  __aeabi_memcpy8                
00004eed  memcpy                         
00004f89  snprintf                       
0000501d  vsnprintf                      
000050a5  __aeabi_cdcmpeq                
000050a5  __aeabi_cdcmple                
0000512b  __aeabi_cdrcmple               
000051b1  floorf                         
00005231  __aeabi_memclr                 
00005231  __aeabi_memclr4                
00005231  __aeabi_memclr8                
00005233  __aeabi_memset                 
00005233  __aeabi_memset4                
00005233  __aeabi_memset8                
00005239  memset                         
000052ad  __TI_auto_init                 
0000531d  __aeabi_d2f                    
0000538b  roundf                         
000053f9  __TI_decompress_lzss           
00005461  frexp                          
00005461  frexpl                         
000054c5  _c_int00                       
00005519  C$$EXIT                        
0000551d  abort                          
00005525  exit                           
0000556d  ltoa                           
000055c1  atoi                           
0000560d  copy_in                        
00005659  __aeabi_d2iz                   
000056a1  main                           
000056ad  init_All                       
000056d9  __aeabi_f2d                    
00005711  IntRegister                    
00005745  __aeabi_i2d                    
00005773  memccpy                        
0000578f  oi_parseInt                    
000057a9  _args_main                     
000057c1  strcmp                         
000057d9  strchr                         
000057f1  _register_unlock               
000057f7  _register_lock                 
000057ff  _nop                           
00005805  copysign                       
00005805  copysignl                      
00005819  strcpy                         
0000582d  strlen                         
00005841  IntMasterEnable                
00005851  lcd_clear                      
00005861  __TI_decompress_none           
0000586f  CPUcpsie                       
0000587b  __TI_zero_init                 
00005887  ResetISR                       
00005893  _system_pre_init               
00005898  _ctypes_                       
00005a84  __TI_Handler_Table_Base        
00005a90  __TI_Handler_Table_Limit       
00005aa0  __TI_CINIT_Base                
00005ab8  __TI_CINIT_Limit               
20000000  g_pfnRAMVectors                
2000026c  __stack                        
2000046c  __STACK_TOP                    
20000a6c  __STACK_END                    
20000a70  _sys_memory                    
20000edc  fallingEdge                    
20000ee0  isr_int_value                  
20000ee4  pulseLength                    
20000ee8  pulse_width                    
20000eec  risingEdge                     
20000ef0  state                          
20000f04  __TI_cleanup_ptr               
20000f08  __TI_dtors_ptr                 
20000f0c  __TI_enable_exit_profile_output
20000f1c  _lock                          
20000f20  _unlock                        
20000f24  errno                          
20000f28  main_func_sp                   
ffffffff  __TI_pprof_out_hndl            
ffffffff  __TI_prof_data_size            
ffffffff  __TI_prof_data_start           
ffffffff  __binit__                      
ffffffff  __c_args__                     
ffffffff  binit                          
UNDEFED   SHT$$INIT_ARRAY$$Base          
UNDEFED   SHT$$INIT_ARRAY$$Limit         

[184 symbols]
