<?xml version="1.0"?>
<link_info>
   <banner>TI ARM Linker PC v15.12.1.LTS</banner>
   <copyright>Copyright (c) 1996-2015 Texas Instruments Incorporated</copyright>
   <link_time>0x58f2a2c3</link_time>
   <link_errors>0x0</link_errors>
   <output_file>FinalProject.out</output_file>
   <entry_point>
      <name>_c_int00</name>
      <address>0x407d</address>
   </entry_point>
   <input_file_list>
      <input_file id="fl-2">
         <path>.\</path>
         <kind>object</kind>
         <file>WiFi.obj</file>
         <name>WiFi.obj</name>
      </input_file>
      <input_file id="fl-3">
         <path>.\</path>
         <kind>object</kind>
         <file>button.obj</file>
         <name>button.obj</name>
      </input_file>
      <input_file id="fl-4">
         <path>.\</path>
         <kind>object</kind>
         <file>commands.obj</file>
         <name>commands.obj</name>
      </input_file>
      <input_file id="fl-5">
         <path>.\</path>
         <kind>object</kind>
         <file>helpers.obj</file>
         <name>helpers.obj</name>
      </input_file>
      <input_file id="fl-6">
         <path>.\</path>
         <kind>object</kind>
         <file>ir.obj</file>
         <name>ir.obj</name>
      </input_file>
      <input_file id="fl-7">
         <path>.\</path>
         <kind>object</kind>
         <file>lcd.obj</file>
         <name>lcd.obj</name>
      </input_file>
      <input_file id="fl-8">
         <path>.\</path>
         <kind>object</kind>
         <file>main.obj</file>
         <name>main.obj</name>
      </input_file>
      <input_file id="fl-9">
         <path>.\</path>
         <kind>object</kind>
         <file>open_interface.obj</file>
         <name>open_interface.obj</name>
      </input_file>
      <input_file id="fl-a">
         <path>.\</path>
         <kind>object</kind>
         <file>ping.obj</file>
         <name>ping.obj</name>
      </input_file>
      <input_file id="fl-b">
         <path>.\</path>
         <kind>object</kind>
         <file>servo.obj</file>
         <name>servo.obj</name>
      </input_file>
      <input_file id="fl-c">
         <path>.\</path>
         <kind>object</kind>
         <file>timer.obj</file>
         <name>timer.obj</name>
      </input_file>
      <input_file id="fl-d">
         <path>.\</path>
         <kind>object</kind>
         <file>tm4c123gh6pm_startup_ccs.obj</file>
         <name>tm4c123gh6pm_startup_ccs.obj</name>
      </input_file>
      <input_file id="fl-e">
         <path>.\</path>
         <kind>object</kind>
         <file>uart.obj</file>
         <name>uart.obj</name>
      </input_file>
      <input_file id="fl-c9">
         <path>C:\ti\ccsv6\tools\compiler\ti-cgt-arm_15.12.1.LTS\lib\</path>
         <kind>archive</kind>
         <file>rtsv7M4_T_le_v4SPD16_eabi.lib</file>
         <name>boot.obj</name>
      </input_file>
      <input_file id="fl-ca">
         <path>C:\ti\ccsv6\tools\compiler\ti-cgt-arm_15.12.1.LTS\lib\</path>
         <kind>archive</kind>
         <file>rtsv7M4_T_le_v4SPD16_eabi.lib</file>
         <name>copy_decompress_none.obj</name>
      </input_file>
      <input_file id="fl-cb">
         <path>C:\ti\ccsv6\tools\compiler\ti-cgt-arm_15.12.1.LTS\lib\</path>
         <kind>archive</kind>
         <file>rtsv7M4_T_le_v4SPD16_eabi.lib</file>
         <name>copy_decompress_rle.obj</name>
      </input_file>
      <input_file id="fl-cc">
         <path>C:\ti\ccsv6\tools\compiler\ti-cgt-arm_15.12.1.LTS\lib\</path>
         <kind>archive</kind>
         <file>rtsv7M4_T_le_v4SPD16_eabi.lib</file>
         <name>copy_zero_init.obj</name>
      </input_file>
      <input_file id="fl-cd">
         <path>C:\ti\ccsv6\tools\compiler\ti-cgt-arm_15.12.1.LTS\lib\</path>
         <kind>archive</kind>
         <file>rtsv7M4_T_le_v4SPD16_eabi.lib</file>
         <name>e_pow.obj</name>
      </input_file>
      <input_file id="fl-ce">
         <path>C:\ti\ccsv6\tools\compiler\ti-cgt-arm_15.12.1.LTS\lib\</path>
         <kind>archive</kind>
         <file>rtsv7M4_T_le_v4SPD16_eabi.lib</file>
         <name>e_sqrt.obj</name>
      </input_file>
      <input_file id="fl-cf">
         <path>C:\ti\ccsv6\tools\compiler\ti-cgt-arm_15.12.1.LTS\lib\</path>
         <kind>archive</kind>
         <file>rtsv7M4_T_le_v4SPD16_eabi.lib</file>
         <name>errno.obj</name>
      </input_file>
      <input_file id="fl-d0">
         <path>C:\ti\ccsv6\tools\compiler\ti-cgt-arm_15.12.1.LTS\lib\</path>
         <kind>archive</kind>
         <file>rtsv7M4_T_le_v4SPD16_eabi.lib</file>
         <name>exit.obj</name>
      </input_file>
      <input_file id="fl-d1">
         <path>C:\ti\ccsv6\tools\compiler\ti-cgt-arm_15.12.1.LTS\lib\</path>
         <kind>archive</kind>
         <file>rtsv7M4_T_le_v4SPD16_eabi.lib</file>
         <name>fd_add_t2.obj</name>
      </input_file>
      <input_file id="fl-d2">
         <path>C:\ti\ccsv6\tools\compiler\ti-cgt-arm_15.12.1.LTS\lib\</path>
         <kind>archive</kind>
         <file>rtsv7M4_T_le_v4SPD16_eabi.lib</file>
         <name>fd_cmp_t2.obj</name>
      </input_file>
      <input_file id="fl-d3">
         <path>C:\ti\ccsv6\tools\compiler\ti-cgt-arm_15.12.1.LTS\lib\</path>
         <kind>archive</kind>
         <file>rtsv7M4_T_le_v4SPD16_eabi.lib</file>
         <name>fd_div_t2.obj</name>
      </input_file>
      <input_file id="fl-d4">
         <path>C:\ti\ccsv6\tools\compiler\ti-cgt-arm_15.12.1.LTS\lib\</path>
         <kind>archive</kind>
         <file>rtsv7M4_T_le_v4SPD16_eabi.lib</file>
         <name>fd_mul_t2.obj</name>
      </input_file>
      <input_file id="fl-d5">
         <path>C:\ti\ccsv6\tools\compiler\ti-cgt-arm_15.12.1.LTS\lib\</path>
         <kind>archive</kind>
         <file>rtsv7M4_T_le_v4SPD16_eabi.lib</file>
         <name>fd_toi_t2.obj</name>
      </input_file>
      <input_file id="fl-d6">
         <path>C:\ti\ccsv6\tools\compiler\ti-cgt-arm_15.12.1.LTS\lib\</path>
         <kind>archive</kind>
         <file>rtsv7M4_T_le_v4SPD16_eabi.lib</file>
         <name>fd_tos_t2.obj</name>
      </input_file>
      <input_file id="fl-d7">
         <path>C:\ti\ccsv6\tools\compiler\ti-cgt-arm_15.12.1.LTS\lib\</path>
         <kind>archive</kind>
         <file>rtsv7M4_T_le_v4SPD16_eabi.lib</file>
         <name>fs_tod_t2.obj</name>
      </input_file>
      <input_file id="fl-d8">
         <path>C:\ti\ccsv6\tools\compiler\ti-cgt-arm_15.12.1.LTS\lib\</path>
         <kind>archive</kind>
         <file>rtsv7M4_T_le_v4SPD16_eabi.lib</file>
         <name>i_tofd_t2.obj</name>
      </input_file>
      <input_file id="fl-d9">
         <path>C:\ti\ccsv6\tools\compiler\ti-cgt-arm_15.12.1.LTS\lib\</path>
         <kind>archive</kind>
         <file>rtsv7M4_T_le_v4SPD16_eabi.lib</file>
         <name>memcpy_t2.obj</name>
      </input_file>
      <input_file id="fl-da">
         <path>C:\ti\ccsv6\tools\compiler\ti-cgt-arm_15.12.1.LTS\lib\</path>
         <kind>archive</kind>
         <file>rtsv7M4_T_le_v4SPD16_eabi.lib</file>
         <name>memory.obj</name>
      </input_file>
      <input_file id="fl-db">
         <path>C:\ti\ccsv6\tools\compiler\ti-cgt-arm_15.12.1.LTS\lib\</path>
         <kind>archive</kind>
         <file>rtsv7M4_T_le_v4SPD16_eabi.lib</file>
         <name>memset_t2.obj</name>
      </input_file>
      <input_file id="fl-dc">
         <path>C:\ti\ccsv6\tools\compiler\ti-cgt-arm_15.12.1.LTS\lib\</path>
         <kind>archive</kind>
         <file>rtsv7M4_T_le_v4SPD16_eabi.lib</file>
         <name>mpu_init.obj</name>
      </input_file>
      <input_file id="fl-dd">
         <path>C:\ti\ccsv6\tools\compiler\ti-cgt-arm_15.12.1.LTS\lib\</path>
         <kind>archive</kind>
         <file>rtsv7M4_T_le_v4SPD16_eabi.lib</file>
         <name>pre_init.obj</name>
      </input_file>
      <input_file id="fl-de">
         <path>C:\ti\ccsv6\tools\compiler\ti-cgt-arm_15.12.1.LTS\lib\</path>
         <kind>archive</kind>
         <file>rtsv7M4_T_le_v4SPD16_eabi.lib</file>
         <name>s_cosf.obj</name>
      </input_file>
      <input_file id="fl-df">
         <path>C:\ti\ccsv6\tools\compiler\ti-cgt-arm_15.12.1.LTS\lib\</path>
         <kind>archive</kind>
         <file>rtsv7M4_T_le_v4SPD16_eabi.lib</file>
         <name>s_scalbn.obj</name>
      </input_file>
      <input_file id="fl-e0">
         <path>C:\ti\ccsv6\tools\compiler\ti-cgt-arm_15.12.1.LTS\lib\</path>
         <kind>archive</kind>
         <file>rtsv7M4_T_le_v4SPD16_eabi.lib</file>
         <name>s_sinf.obj</name>
      </input_file>
      <input_file id="fl-e1">
         <path>C:\ti\ccsv6\tools\compiler\ti-cgt-arm_15.12.1.LTS\lib\</path>
         <kind>archive</kind>
         <file>rtsv7M4_T_le_v4SPD16_eabi.lib</file>
         <name>s_tanf.obj</name>
      </input_file>
      <input_file id="fl-e2">
         <path>C:\ti\ccsv6\tools\compiler\ti-cgt-arm_15.12.1.LTS\lib\</path>
         <kind>archive</kind>
         <file>rtsv7M4_T_le_v4SPD16_eabi.lib</file>
         <name>snprintf.obj</name>
      </input_file>
      <input_file id="fl-e3">
         <path>C:\ti\ccsv6\tools\compiler\ti-cgt-arm_15.12.1.LTS\lib\</path>
         <kind>archive</kind>
         <file>rtsv7M4_T_le_v4SPD16_eabi.lib</file>
         <name>sprintf.obj</name>
      </input_file>
      <input_file id="fl-e4">
         <path>C:\ti\ccsv6\tools\compiler\ti-cgt-arm_15.12.1.LTS\lib\</path>
         <kind>archive</kind>
         <file>rtsv7M4_T_le_v4SPD16_eabi.lib</file>
         <name>stkdepth_vars.obj</name>
      </input_file>
      <input_file id="fl-e5">
         <path>C:\ti\ccsv6\tools\compiler\ti-cgt-arm_15.12.1.LTS\lib\</path>
         <kind>archive</kind>
         <file>rtsv7M4_T_le_v4SPD16_eabi.lib</file>
         <name>strcmp.obj</name>
      </input_file>
      <input_file id="fl-e6">
         <path>C:\ti\ccsv6\tools\compiler\ti-cgt-arm_15.12.1.LTS\lib\</path>
         <kind>archive</kind>
         <file>rtsv7M4_T_le_v4SPD16_eabi.lib</file>
         <name>strcpy.obj</name>
      </input_file>
      <input_file id="fl-e7">
         <path>C:\ti\ccsv6\tools\compiler\ti-cgt-arm_15.12.1.LTS\lib\</path>
         <kind>archive</kind>
         <file>rtsv7M4_T_le_v4SPD16_eabi.lib</file>
         <name>vsnprintf.obj</name>
      </input_file>
      <input_file id="fl-e8">
         <path>C:\ti\ccsv6\tools\compiler\ti-cgt-arm_15.12.1.LTS\lib\</path>
         <kind>archive</kind>
         <file>rtsv7M4_T_le_v4SPD16_eabi.lib</file>
         <name>_lock.obj</name>
      </input_file>
      <input_file id="fl-e9">
         <path>C:\ti\ccsv6\tools\compiler\ti-cgt-arm_15.12.1.LTS\lib\</path>
         <kind>archive</kind>
         <file>rtsv7M4_T_le_v4SPD16_eabi.lib</file>
         <name>_printfi.obj</name>
      </input_file>
      <input_file id="fl-ea">
         <path>C:\ti\ccsv6\tools\compiler\ti-cgt-arm_15.12.1.LTS\lib\</path>
         <kind>archive</kind>
         <file>rtsv7M4_T_le_v4SPD16_eabi.lib</file>
         <name>args_main.obj</name>
      </input_file>
      <input_file id="fl-eb">
         <path>C:\ti\ccsv6\tools\compiler\ti-cgt-arm_15.12.1.LTS\lib\</path>
         <kind>archive</kind>
         <file>rtsv7M4_T_le_v4SPD16_eabi.lib</file>
         <name>atoi.obj</name>
      </input_file>
      <input_file id="fl-ec">
         <path>C:\ti\ccsv6\tools\compiler\ti-cgt-arm_15.12.1.LTS\lib\</path>
         <kind>archive</kind>
         <file>rtsv7M4_T_le_v4SPD16_eabi.lib</file>
         <name>autoinit.obj</name>
      </input_file>
      <input_file id="fl-ed">
         <path>C:\ti\ccsv6\tools\compiler\ti-cgt-arm_15.12.1.LTS\lib\</path>
         <kind>archive</kind>
         <file>rtsv7M4_T_le_v4SPD16_eabi.lib</file>
         <name>cpy_tbl.obj</name>
      </input_file>
      <input_file id="fl-ee">
         <path>C:\ti\ccsv6\tools\compiler\ti-cgt-arm_15.12.1.LTS\lib\</path>
         <kind>archive</kind>
         <file>rtsv7M4_T_le_v4SPD16_eabi.lib</file>
         <name>ctype.obj</name>
      </input_file>
      <input_file id="fl-ef">
         <path>C:\ti\ccsv6\tools\compiler\ti-cgt-arm_15.12.1.LTS\lib\</path>
         <kind>archive</kind>
         <file>rtsv7M4_T_le_v4SPD16_eabi.lib</file>
         <name>ltoa.obj</name>
      </input_file>
      <input_file id="fl-f0">
         <path>C:\ti\ccsv6\tools\compiler\ti-cgt-arm_15.12.1.LTS\lib\</path>
         <kind>archive</kind>
         <file>rtsv7M4_T_le_v4SPD16_eabi.lib</file>
         <name>memccpy.obj</name>
      </input_file>
      <input_file id="fl-f1">
         <path>C:\ti\ccsv6\tools\compiler\ti-cgt-arm_15.12.1.LTS\lib\</path>
         <kind>archive</kind>
         <file>rtsv7M4_T_le_v4SPD16_eabi.lib</file>
         <name>s_copysign.obj</name>
      </input_file>
      <input_file id="fl-f2">
         <path>C:\ti\ccsv6\tools\compiler\ti-cgt-arm_15.12.1.LTS\lib\</path>
         <kind>archive</kind>
         <file>rtsv7M4_T_le_v4SPD16_eabi.lib</file>
         <name>s_frexp.obj</name>
      </input_file>
      <input_file id="fl-f3">
         <path>C:\ti\ccsv6\tools\compiler\ti-cgt-arm_15.12.1.LTS\lib\</path>
         <kind>archive</kind>
         <file>rtsv7M4_T_le_v4SPD16_eabi.lib</file>
         <name>startup.obj</name>
      </input_file>
      <input_file id="fl-f4">
         <path>C:\ti\ccsv6\tools\compiler\ti-cgt-arm_15.12.1.LTS\lib\</path>
         <kind>archive</kind>
         <file>rtsv7M4_T_le_v4SPD16_eabi.lib</file>
         <name>strchr.obj</name>
      </input_file>
      <input_file id="fl-f5">
         <path>C:\ti\ccsv6\tools\compiler\ti-cgt-arm_15.12.1.LTS\lib\</path>
         <kind>archive</kind>
         <file>rtsv7M4_T_le_v4SPD16_eabi.lib</file>
         <name>strlen.obj</name>
      </input_file>
      <input_file id="fl-f6">
         <path>C:\ti\ccsv6\tools\compiler\ti-cgt-arm_15.12.1.LTS\lib\</path>
         <kind>archive</kind>
         <file>rtsv7M4_T_le_v4SPD16_eabi.lib</file>
         <name>ull_div_t2.obj</name>
      </input_file>
      <input_file id="fl-f7">
         <path>C:\ti\TivaWare_C_Series-2.1.2.111\driverlib\ccs\Debug\</path>
         <kind>archive</kind>
         <file>driverlib.lib</file>
         <name>interrupt.obj</name>
      </input_file>
      <input_file id="fl-f8">
         <path>C:\ti\TivaWare_C_Series-2.1.2.111\driverlib\ccs\Debug\</path>
         <kind>archive</kind>
         <file>driverlib.lib</file>
         <name>cpu.obj</name>
      </input_file>
   </input_file_list>
   <object_component_list>
      <object_component id="oc-f">
         <name>.intvecs</name>
         <load_address>0x0</load_address>
         <run_address>0x0</run_address>
         <size>0x26c</size>
         <input_file_ref idref="fl-d"/>
      </object_component>
      <object_component id="oc-1e6">
         <name>.text</name>
         <load_address>0x26c</load_address>
         <run_address>0x26c</run_address>
         <size>0x1110</size>
         <input_file_ref idref="fl-e9"/>
      </object_component>
      <object_component id="oc-179">
         <name>.text</name>
         <load_address>0x137c</load_address>
         <run_address>0x137c</run_address>
         <size>0x9ac</size>
         <input_file_ref idref="fl-cd"/>
      </object_component>
      <object_component id="oc-147">
         <name>.text</name>
         <load_address>0x1d28</load_address>
         <run_address>0x1d28</run_address>
         <size>0x5c2</size>
         <input_file_ref idref="fl-5"/>
      </object_component>
      <object_component id="oc-5c">
         <name>.text</name>
         <load_address>0x22ea</load_address>
         <run_address>0x22ea</run_address>
         <size>0x2</size>
         <input_file_ref idref="fl-dc"/>
      </object_component>
      <object_component id="oc-ec">
         <name>.text</name>
         <load_address>0x22ec</load_address>
         <run_address>0x22ec</run_address>
         <size>0x2ec</size>
         <input_file_ref idref="fl-7"/>
      </object_component>
      <object_component id="oc-fe">
         <name>.text</name>
         <load_address>0x25d8</load_address>
         <run_address>0x25d8</run_address>
         <size>0x218</size>
         <input_file_ref idref="fl-a"/>
      </object_component>
      <object_component id="oc-e0">
         <name>.text</name>
         <load_address>0x27f0</load_address>
         <run_address>0x27f0</run_address>
         <size>0x210</size>
         <input_file_ref idref="fl-4"/>
      </object_component>
      <object_component id="oc-254">
         <name>.text</name>
         <load_address>0x2a00</load_address>
         <run_address>0x2a00</run_address>
         <size>0x1f4</size>
         <input_file_ref idref="fl-f6"/>
      </object_component>
      <object_component id="oc-19d">
         <name>.text</name>
         <load_address>0x2bf4</load_address>
         <run_address>0x2bf4</run_address>
         <size>0x1b6</size>
         <input_file_ref idref="fl-d1"/>
      </object_component>
      <object_component id="oc-aa">
         <name>.text</name>
         <load_address>0x2daa</load_address>
         <run_address>0x2daa</run_address>
         <size>0x2</size>
         <input_file_ref idref="fl-f3"/>
      </object_component>
      <object_component id="oc-f8">
         <name>.text</name>
         <load_address>0x2dac</load_address>
         <run_address>0x2dac</run_address>
         <size>0x174</size>
         <input_file_ref idref="fl-6"/>
      </object_component>
      <object_component id="oc-205">
         <name>.text</name>
         <load_address>0x2f20</load_address>
         <run_address>0x2f20</run_address>
         <size>0x170</size>
         <input_file_ref idref="fl-ce"/>
      </object_component>
      <object_component id="oc-104">
         <name>.text</name>
         <load_address>0x3090</load_address>
         <run_address>0x3090</run_address>
         <size>0x170</size>
         <input_file_ref idref="fl-b"/>
      </object_component>
      <object_component id="oc-10a">
         <name>.text</name>
         <load_address>0x3200</load_address>
         <run_address>0x3200</run_address>
         <size>0x158</size>
         <input_file_ref idref="fl-c"/>
      </object_component>
      <object_component id="oc-137">
         <name>.text</name>
         <load_address>0x3358</load_address>
         <run_address>0x3358</run_address>
         <size>0x136</size>
         <input_file_ref idref="fl-d3"/>
      </object_component>
      <object_component id="oc-e6">
         <name>.text</name>
         <load_address>0x3490</load_address>
         <run_address>0x3490</run_address>
         <size>0x128</size>
         <input_file_ref idref="fl-e"/>
      </object_component>
      <object_component id="oc-f2">
         <name>.text</name>
         <load_address>0x35b8</load_address>
         <run_address>0x35b8</run_address>
         <size>0x124</size>
         <input_file_ref idref="fl-3"/>
      </object_component>
      <object_component id="oc-132">
         <name>.text</name>
         <load_address>0x36dc</load_address>
         <run_address>0x36dc</run_address>
         <size>0xfc</size>
         <input_file_ref idref="fl-d4"/>
      </object_component>
      <object_component id="oc-21b">
         <name>.text</name>
         <load_address>0x37d8</load_address>
         <run_address>0x37d8</run_address>
         <size>0xfc</size>
         <input_file_ref idref="fl-df"/>
      </object_component>
      <object_component id="oc-1ba">
         <name>.text</name>
         <load_address>0x38d4</load_address>
         <run_address>0x38d4</run_address>
         <size>0xb4</size>
         <input_file_ref idref="fl-de"/>
      </object_component>
      <object_component id="oc-141">
         <name>.text</name>
         <load_address>0x3988</load_address>
         <run_address>0x3988</run_address>
         <size>0xac</size>
         <input_file_ref idref="fl-e1"/>
      </object_component>
      <object_component id="oc-1c0">
         <name>.text</name>
         <load_address>0x3a34</load_address>
         <run_address>0x3a34</run_address>
         <size>0xa4</size>
         <input_file_ref idref="fl-e0"/>
      </object_component>
      <object_component id="oc-37">
         <name>.text</name>
         <load_address>0x3ad8</load_address>
         <run_address>0x3ad8</run_address>
         <size>0x9c</size>
         <input_file_ref idref="fl-d9"/>
      </object_component>
      <object_component id="oc-1cb">
         <name>.text</name>
         <load_address>0x3b74</load_address>
         <run_address>0x3b74</run_address>
         <size>0x94</size>
         <input_file_ref idref="fl-e2"/>
      </object_component>
      <object_component id="oc-159">
         <name>.text</name>
         <load_address>0x3c08</load_address>
         <run_address>0x3c08</run_address>
         <size>0x88</size>
         <input_file_ref idref="fl-e7"/>
      </object_component>
      <object_component id="oc-211">
         <name>.text:__aeabi_cdcmple</name>
         <load_address>0x3c90</load_address>
         <run_address>0x3c90</run_address>
         <size>0x86</size>
         <input_file_ref idref="fl-d2"/>
      </object_component>
      <object_component id="oc-216">
         <name>.text:__aeabi_cdrcmple</name>
         <load_address>0x3d16</load_address>
         <run_address>0x3d16</run_address>
         <size>0x86</size>
         <input_file_ref idref="fl-d2"/>
      </object_component>
      <object_component id="oc-50">
         <name>.text</name>
         <load_address>0x3d9c</load_address>
         <run_address>0x3d9c</run_address>
         <size>0x7a</size>
         <input_file_ref idref="fl-db"/>
      </object_component>
      <object_component id="oc-68">
         <name>.text</name>
         <load_address>0x3e18</load_address>
         <run_address>0x3e18</run_address>
         <size>0x70</size>
         <input_file_ref idref="fl-ec"/>
      </object_component>
      <object_component id="oc-13c">
         <name>.text</name>
         <load_address>0x3e88</load_address>
         <run_address>0x3e88</run_address>
         <size>0x6e</size>
         <input_file_ref idref="fl-d6"/>
      </object_component>
      <object_component id="oc-43">
         <name>.text</name>
         <load_address>0x3ef6</load_address>
         <run_address>0x3ef6</run_address>
         <size>0x6a</size>
         <input_file_ref idref="fl-cb"/>
      </object_component>
      <object_component id="oc-265">
         <name>.text</name>
         <load_address>0x3f60</load_address>
         <run_address>0x3f60</run_address>
         <size>0x64</size>
         <input_file_ref idref="fl-f2"/>
      </object_component>
      <object_component id="oc-1d1">
         <name>.text</name>
         <load_address>0x3fc4</load_address>
         <run_address>0x3fc4</run_address>
         <size>0x60</size>
         <input_file_ref idref="fl-e3"/>
      </object_component>
      <object_component id="oc-25f">
         <name>.text</name>
         <load_address>0x4024</load_address>
         <run_address>0x4024</run_address>
         <size>0x56</size>
         <input_file_ref idref="fl-ef"/>
      </object_component>
      <object_component id="oc-24">
         <name>.text</name>
         <load_address>0x407c</load_address>
         <run_address>0x407c</run_address>
         <size>0x54</size>
         <input_file_ref idref="fl-c9"/>
      </object_component>
      <object_component id="oc-74">
         <name>.text</name>
         <load_address>0x40d0</load_address>
         <run_address>0x40d0</run_address>
         <size>0x54</size>
         <input_file_ref idref="fl-d0"/>
      </object_component>
      <object_component id="oc-277">
         <name>.text</name>
         <load_address>0x4124</load_address>
         <run_address>0x4124</run_address>
         <size>0x4c</size>
         <input_file_ref idref="fl-eb"/>
      </object_component>
      <object_component id="oc-a4">
         <name>.text</name>
         <load_address>0x4170</load_address>
         <run_address>0x4170</run_address>
         <size>0x4c</size>
         <input_file_ref idref="fl-ed"/>
      </object_component>
      <object_component id="oc-1a2">
         <name>.text</name>
         <load_address>0x41bc</load_address>
         <run_address>0x41bc</run_address>
         <size>0x48</size>
         <input_file_ref idref="fl-d5"/>
      </object_component>
      <object_component id="oc-1c6">
         <name>.text</name>
         <load_address>0x4204</load_address>
         <run_address>0x4204</run_address>
         <size>0x38</size>
         <input_file_ref idref="fl-d7"/>
      </object_component>
      <object_component id="oc-185">
         <name>.text:IntRegister</name>
         <load_address>0x423c</load_address>
         <run_address>0x423c</run_address>
         <size>0x34</size>
         <input_file_ref idref="fl-f7"/>
      </object_component>
      <object_component id="oc-b2">
         <name>.text</name>
         <load_address>0x4270</load_address>
         <run_address>0x4270</run_address>
         <size>0x32</size>
         <input_file_ref idref="fl-8"/>
      </object_component>
      <object_component id="oc-12d">
         <name>.text</name>
         <load_address>0x42a2</load_address>
         <run_address>0x42a2</run_address>
         <size>0x2e</size>
         <input_file_ref idref="fl-d8"/>
      </object_component>
      <object_component id="oc-271">
         <name>.text</name>
         <load_address>0x42d0</load_address>
         <run_address>0x42d0</run_address>
         <size>0x1c</size>
         <input_file_ref idref="fl-f0"/>
      </object_component>
      <object_component id="oc-6e">
         <name>.text</name>
         <load_address>0x42ec</load_address>
         <run_address>0x42ec</run_address>
         <size>0x18</size>
         <input_file_ref idref="fl-ea"/>
      </object_component>
      <object_component id="oc-15f">
         <name>.text</name>
         <load_address>0x4304</load_address>
         <run_address>0x4304</run_address>
         <size>0x18</size>
         <input_file_ref idref="fl-e5"/>
      </object_component>
      <object_component id="oc-26b">
         <name>.text</name>
         <load_address>0x431c</load_address>
         <run_address>0x431c</run_address>
         <size>0x16</size>
         <input_file_ref idref="fl-f4"/>
      </object_component>
      <object_component id="oc-11a">
         <name>.text</name>
         <load_address>0x4334</load_address>
         <run_address>0x4334</run_address>
         <size>0x14</size>
         <input_file_ref idref="fl-e8"/>
      </object_component>
      <object_component id="oc-297">
         <name>.text</name>
         <load_address>0x4348</load_address>
         <run_address>0x4348</run_address>
         <size>0x14</size>
         <input_file_ref idref="fl-f1"/>
      </object_component>
      <object_component id="oc-165">
         <name>.text</name>
         <load_address>0x435c</load_address>
         <run_address>0x435c</run_address>
         <size>0x14</size>
         <input_file_ref idref="fl-e6"/>
      </object_component>
      <object_component id="oc-259">
         <name>.text</name>
         <load_address>0x4370</load_address>
         <run_address>0x4370</run_address>
         <size>0x14</size>
         <input_file_ref idref="fl-f5"/>
      </object_component>
      <object_component id="oc-18b">
         <name>.text:IntMasterEnable</name>
         <load_address>0x4384</load_address>
         <run_address>0x4384</run_address>
         <size>0x10</size>
         <input_file_ref idref="fl-f7"/>
      </object_component>
      <object_component id="oc-152">
         <name>.text:lcd_clear</name>
         <load_address>0x4394</load_address>
         <run_address>0x4394</run_address>
         <size>0x10</size>
         <input_file_ref idref="fl-7"/>
      </object_component>
      <object_component id="oc-12">
         <name>.text:decompress:none</name>
         <load_address>0x43a4</load_address>
         <run_address>0x43a4</run_address>
         <size>0xe</size>
         <input_file_ref idref="fl-ca"/>
      </object_component>
      <object_component id="oc-232">
         <name>.text:CPUcpsie</name>
         <load_address>0x43b2</load_address>
         <run_address>0x43b2</run_address>
         <size>0xc</size>
         <input_file_ref idref="fl-f8"/>
      </object_component>
      <object_component id="oc-2e">
         <name>.text</name>
         <load_address>0x43be</load_address>
         <run_address>0x43be</run_address>
         <size>0xc</size>
         <input_file_ref idref="fl-d"/>
      </object_component>
      <object_component id="oc-18">
         <name>.text:decompress:rle24</name>
         <load_address>0x43ca</load_address>
         <run_address>0x43ca</run_address>
         <size>0x6</size>
         <input_file_ref idref="fl-cb"/>
      </object_component>
      <object_component id="oc-62">
         <name>.text</name>
         <load_address>0x43d0</load_address>
         <run_address>0x43d0</run_address>
         <size>0x4</size>
         <input_file_ref idref="fl-dd"/>
      </object_component>
      <object_component id="oc-2ba">
         <name>.const:.string:_ctypes_</name>
         <load_address>0x43d8</load_address>
         <run_address>0x43d8</run_address>
         <size>0x101</size>
         <input_file_ref idref="fl-ee"/>
      </object_component>
      <object_component id="oc-16b">
         <name>.const:.string:lineAddress$1</name>
         <load_address>0x44d9</load_address>
         <run_address>0x44d9</run_address>
         <size>0x4</size>
         <input_file_ref idref="fl-7"/>
      </object_component>
      <object_component id="oc-20e">
         <name>.const:$O1$$</name>
         <load_address>0x44e0</load_address>
         <run_address>0x44e0</run_address>
         <size>0x30</size>
         <input_file_ref idref="fl-cd"/>
      </object_component>
      <object_component id="oc-16c">
         <name>.const:.string:lineAddresses$2</name>
         <load_address>0x4510</load_address>
         <run_address>0x4510</run_address>
         <size>0x4</size>
         <input_file_ref idref="fl-7"/>
      </object_component>
      <object_component id="oc-2fe">
         <name>.cinit..data.load</name>
         <load_address>0x4518</load_address>
         <run_address>0x4518</run_address>
         <size>0x16</size>
      </object_component>
      <object_component id="oc-2fd">
         <name>.cinit..vtable.load</name>
         <load_address>0x4530</load_address>
         <run_address>0x4530</run_address>
         <size>0xb</size>
      </object_component>
      <object_component id="oc-2ff">
         <name>.cinit..bss.load</name>
         <load_address>0x4540</load_address>
         <run_address>0x4540</run_address>
         <size>0x9</size>
      </object_component>
      <object_component id="oc-2fb">
         <name>__TI_handler_table</name>
         <load_address>0x454c</load_address>
         <run_address>0x454c</run_address>
         <size>0x8</size>
      </object_component>
      <object_component id="oc-2fc">
         <name>__TI_cinit_table</name>
         <load_address>0x4554</load_address>
         <run_address>0x4554</run_address>
         <size>0x18</size>
      </object_component>
      <object_component id="oc-22d">
         <name>.vtable</name>
         <uninitialized>true</uninitialized>
         <run_address>0x20000000</run_address>
         <size>0x26c</size>
         <input_file_ref idref="fl-f7"/>
      </object_component>
      <object_component id="oc-175">
         <name>.data</name>
         <load_address>0x20000ef8</load_address>
         <run_address>0x20000ef8</run_address>
         <size>0x2</size>
         <input_file_ref idref="fl-3"/>
      </object_component>
      <object_component id="oc-20b">
         <name>.data</name>
         <load_address>0x20000ef0</load_address>
         <run_address>0x20000ef0</run_address>
         <size>0x4</size>
         <input_file_ref idref="fl-cf"/>
      </object_component>
      <object_component id="oc-ba">
         <name>.data:$O1$$</name>
         <load_address>0x20000edc</load_address>
         <run_address>0x20000edc</run_address>
         <size>0xc</size>
         <input_file_ref idref="fl-d0"/>
      </object_component>
      <object_component id="oc-7a">
         <name>.data</name>
         <load_address>0x20000ef4</load_address>
         <run_address>0x20000ef4</run_address>
         <size>0x4</size>
         <input_file_ref idref="fl-e4"/>
      </object_component>
      <object_component id="oc-bd">
         <name>.data:$O1$$</name>
         <load_address>0x20000ee8</load_address>
         <run_address>0x20000ee8</run_address>
         <size>0x8</size>
         <input_file_ref idref="fl-e8"/>
      </object_component>
      <object_component id="oc-16d">
         <name>.bss:lastbuffer$3</name>
         <uninitialized>true</uninitialized>
         <run_address>0x20000e70</run_address>
         <size>0x54</size>
         <input_file_ref idref="fl-7"/>
      </object_component>
      <object_component id="oc-1a7">
         <name>.common:pulse_width</name>
         <uninitialized>true</uninitialized>
         <run_address>0x20000ed0</run_address>
         <size>0x4</size>
      </object_component>
      <object_component id="oc-191">
         <name>.common:state</name>
         <uninitialized>true</uninitialized>
         <run_address>0x20000ed8</run_address>
         <size>0x1</size>
      </object_component>
      <object_component id="oc-194">
         <name>.common:risingEdge</name>
         <uninitialized>true</uninitialized>
         <run_address>0x20000ed4</run_address>
         <size>0x4</size>
      </object_component>
      <object_component id="oc-195">
         <name>.common:fallingEdge</name>
         <uninitialized>true</uninitialized>
         <run_address>0x20000ec4</run_address>
         <size>0x4</size>
      </object_component>
      <object_component id="oc-196">
         <name>.common:pulseLength</name>
         <uninitialized>true</uninitialized>
         <run_address>0x20000ecc</run_address>
         <size>0x4</size>
      </object_component>
      <object_component id="oc-17f">
         <name>.common:isr_int_value</name>
         <uninitialized>true</uninitialized>
         <run_address>0x20000ec8</run_address>
         <size>0x4</size>
      </object_component>
      <object_component id="oc-2b">
         <name>.sysmem</name>
         <uninitialized>true</uninitialized>
         <run_address>0x20000a70</run_address>
         <size>0x8</size>
         <input_file_ref idref="fl-da"/>
      </object_component>
      <object_component id="oc-301">
         <name>.sysmem</name>
         <uninitialized>true</uninitialized>
         <run_address>0x20000a70</run_address>
         <size>0x0</size>
      </object_component>
      <object_component id="oc-2a">
         <name>.stack</name>
         <uninitialized>true</uninitialized>
         <run_address>0x2000026c</run_address>
         <size>0x0</size>
         <input_file_ref idref="fl-c9"/>
      </object_component>
      <object_component id="oc-300">
         <name>.stack</name>
         <uninitialized>true</uninitialized>
         <run_address>0x2000026c</run_address>
         <size>0x0</size>
      </object_component>
      <object_component id="oc-92">
         <name>.debug_info</name>
         <load_address>0x0</load_address>
         <run_address>0x0</run_address>
         <size>0x84</size>
         <input_file_ref idref="fl-2"/>
      </object_component>
      <object_component id="oc-85">
         <name>.debug_info</name>
         <load_address>0x84</load_address>
         <run_address>0x84</run_address>
         <size>0x18b</size>
         <input_file_ref idref="fl-2"/>
      </object_component>
      <object_component id="oc-9a">
         <name>.debug_info</name>
         <load_address>0x20f</load_address>
         <run_address>0x20f</run_address>
         <size>0x2c</size>
         <input_file_ref idref="fl-2"/>
      </object_component>
      <object_component id="oc-176">
         <name>.debug_info</name>
         <load_address>0x23b</load_address>
         <run_address>0x23b</run_address>
         <size>0xc2</size>
         <input_file_ref idref="fl-3"/>
      </object_component>
      <object_component id="oc-f6">
         <name>.debug_info</name>
         <load_address>0x2fd</load_address>
         <run_address>0x2fd</run_address>
         <size>0x3cc</size>
         <input_file_ref idref="fl-3"/>
      </object_component>
      <object_component id="oc-14e">
         <name>.debug_info</name>
         <load_address>0x6c9</load_address>
         <run_address>0x6c9</run_address>
         <size>0x3a2</size>
         <input_file_ref idref="fl-4"/>
      </object_component>
      <object_component id="oc-e1">
         <name>.debug_info</name>
         <load_address>0xa6b</load_address>
         <run_address>0xa6b</run_address>
         <size>0x3a8</size>
         <input_file_ref idref="fl-4"/>
      </object_component>
      <object_component id="oc-1db">
         <name>.debug_info</name>
         <load_address>0xe13</load_address>
         <run_address>0xe13</run_address>
         <size>0x44</size>
         <input_file_ref idref="fl-4"/>
      </object_component>
      <object_component id="oc-1fe">
         <name>.debug_info</name>
         <load_address>0xe57</load_address>
         <run_address>0xe57</run_address>
         <size>0xc8</size>
         <input_file_ref idref="fl-4"/>
      </object_component>
      <object_component id="oc-170">
         <name>.debug_info</name>
         <load_address>0xf1f</load_address>
         <run_address>0xf1f</run_address>
         <size>0x4e</size>
         <input_file_ref idref="fl-4"/>
      </object_component>
      <object_component id="oc-1df">
         <name>.debug_info</name>
         <load_address>0xf6d</load_address>
         <run_address>0xf6d</run_address>
         <size>0x7d</size>
         <input_file_ref idref="fl-4"/>
      </object_component>
      <object_component id="oc-1d8">
         <name>.debug_info</name>
         <load_address>0xfea</load_address>
         <run_address>0xfea</run_address>
         <size>0x243</size>
         <input_file_ref idref="fl-5"/>
      </object_component>
      <object_component id="oc-148">
         <name>.debug_info</name>
         <load_address>0x122d</load_address>
         <run_address>0x122d</run_address>
         <size>0x9a6</size>
         <input_file_ref idref="fl-5"/>
      </object_component>
      <object_component id="oc-24f">
         <name>.debug_info</name>
         <load_address>0x1bd3</load_address>
         <run_address>0x1bd3</run_address>
         <size>0x110</size>
         <input_file_ref idref="fl-5"/>
      </object_component>
      <object_component id="oc-180">
         <name>.debug_info</name>
         <load_address>0x1ce3</load_address>
         <run_address>0x1ce3</run_address>
         <size>0x177</size>
         <input_file_ref idref="fl-6"/>
      </object_component>
      <object_component id="oc-fa">
         <name>.debug_info</name>
         <load_address>0x1e5a</load_address>
         <run_address>0x1e5a</run_address>
         <size>0x231</size>
         <input_file_ref idref="fl-6"/>
      </object_component>
      <object_component id="oc-16f">
         <name>.debug_info</name>
         <load_address>0x208b</load_address>
         <run_address>0x208b</run_address>
         <size>0x1c6</size>
         <input_file_ref idref="fl-7"/>
      </object_component>
      <object_component id="oc-154">
         <name>.debug_info</name>
         <load_address>0x2251</load_address>
         <run_address>0x2251</run_address>
         <size>0x111</size>
         <input_file_ref idref="fl-7"/>
      </object_component>
      <object_component id="oc-ed">
         <name>.debug_info</name>
         <load_address>0x2362</load_address>
         <run_address>0x2362</run_address>
         <size>0x832</size>
         <input_file_ref idref="fl-7"/>
      </object_component>
      <object_component id="oc-182">
         <name>.debug_info</name>
         <load_address>0x2b94</load_address>
         <run_address>0x2b94</run_address>
         <size>0x2f7</size>
         <input_file_ref idref="fl-8"/>
      </object_component>
      <object_component id="oc-b4">
         <name>.debug_info</name>
         <load_address>0x2e8b</load_address>
         <run_address>0x2e8b</run_address>
         <size>0x1b6</size>
         <input_file_ref idref="fl-8"/>
      </object_component>
      <object_component id="oc-1ac">
         <name>.debug_info</name>
         <load_address>0x3041</load_address>
         <run_address>0x3041</run_address>
         <size>0x2c</size>
         <input_file_ref idref="fl-9"/>
      </object_component>
      <object_component id="oc-192">
         <name>.debug_info</name>
         <load_address>0x306d</load_address>
         <run_address>0x306d</run_address>
         <size>0x1c3</size>
         <input_file_ref idref="fl-a"/>
      </object_component>
      <object_component id="oc-ff">
         <name>.debug_info</name>
         <load_address>0x3230</load_address>
         <run_address>0x3230</run_address>
         <size>0x240</size>
         <input_file_ref idref="fl-a"/>
      </object_component>
      <object_component id="oc-198">
         <name>.debug_info</name>
         <load_address>0x3470</load_address>
         <run_address>0x3470</run_address>
         <size>0x8b</size>
         <input_file_ref idref="fl-a"/>
      </object_component>
      <object_component id="oc-1a8">
         <name>.debug_info</name>
         <load_address>0x34fb</load_address>
         <run_address>0x34fb</run_address>
         <size>0xf9</size>
         <input_file_ref idref="fl-b"/>
      </object_component>
      <object_component id="oc-106">
         <name>.debug_info</name>
         <load_address>0x35f4</load_address>
         <run_address>0x35f4</run_address>
         <size>0x1e6</size>
         <input_file_ref idref="fl-b"/>
      </object_component>
      <object_component id="oc-10b">
         <name>.debug_info</name>
         <load_address>0x37da</load_address>
         <run_address>0x37da</run_address>
         <size>0x3e1</size>
         <input_file_ref idref="fl-c"/>
      </object_component>
      <object_component id="oc-36">
         <name>.debug_info</name>
         <load_address>0x3bbb</load_address>
         <run_address>0x3bbb</run_address>
         <size>0xec</size>
         <input_file_ref idref="fl-d"/>
      </object_component>
      <object_component id="oc-10">
         <name>.debug_info</name>
         <load_address>0x3ca7</load_address>
         <run_address>0x3ca7</run_address>
         <size>0xd7</size>
         <input_file_ref idref="fl-d"/>
      </object_component>
      <object_component id="oc-32">
         <name>.debug_info</name>
         <load_address>0x3d7e</load_address>
         <run_address>0x3d7e</run_address>
         <size>0x253</size>
         <input_file_ref idref="fl-d"/>
      </object_component>
      <object_component id="oc-151">
         <name>.debug_info</name>
         <load_address>0x3fd1</load_address>
         <run_address>0x3fd1</run_address>
         <size>0xa0</size>
         <input_file_ref idref="fl-e"/>
      </object_component>
      <object_component id="oc-e7">
         <name>.debug_info</name>
         <load_address>0x4071</load_address>
         <run_address>0x4071</run_address>
         <size>0x26a</size>
         <input_file_ref idref="fl-e"/>
      </object_component>
      <object_component id="oc-26">
         <name>.debug_info</name>
         <load_address>0x42db</load_address>
         <run_address>0x42db</run_address>
         <size>0x17c</size>
         <input_file_ref idref="fl-c9"/>
      </object_component>
      <object_component id="oc-42">
         <name>.debug_info</name>
         <load_address>0x4457</load_address>
         <run_address>0x4457</run_address>
         <size>0x15c</size>
         <input_file_ref idref="fl-ca"/>
      </object_component>
      <object_component id="oc-13">
         <name>.debug_info</name>
         <load_address>0x45b3</load_address>
         <run_address>0x45b3</run_address>
         <size>0x1fb</size>
         <input_file_ref idref="fl-ca"/>
      </object_component>
      <object_component id="oc-3d">
         <name>.debug_info</name>
         <load_address>0x47ae</load_address>
         <run_address>0x47ae</run_address>
         <size>0x46</size>
         <input_file_ref idref="fl-ca"/>
      </object_component>
      <object_component id="oc-8b">
         <name>.debug_info</name>
         <load_address>0x47f4</load_address>
         <run_address>0x47f4</run_address>
         <size>0x2c</size>
         <input_file_ref idref="fl-ca"/>
      </object_component>
      <object_component id="oc-4a">
         <name>.debug_info</name>
         <load_address>0x4820</load_address>
         <run_address>0x4820</run_address>
         <size>0x150</size>
         <input_file_ref idref="fl-cb"/>
      </object_component>
      <object_component id="oc-45">
         <name>.debug_info</name>
         <load_address>0x4970</load_address>
         <run_address>0x4970</run_address>
         <size>0x263</size>
         <input_file_ref idref="fl-cb"/>
      </object_component>
      <object_component id="oc-1a">
         <name>.debug_info</name>
         <load_address>0x4bd3</load_address>
         <run_address>0x4bd3</run_address>
         <size>0x1cd</size>
         <input_file_ref idref="fl-cb"/>
      </object_component>
      <object_component id="oc-4b">
         <name>.debug_info</name>
         <load_address>0x4da0</load_address>
         <run_address>0x4da0</run_address>
         <size>0x39</size>
         <input_file_ref idref="fl-cb"/>
      </object_component>
      <object_component id="oc-222">
         <name>.debug_info</name>
         <load_address>0x4dd9</load_address>
         <run_address>0x4dd9</run_address>
         <size>0x21d</size>
         <input_file_ref idref="fl-cd"/>
      </object_component>
      <object_component id="oc-20f">
         <name>.debug_info</name>
         <load_address>0x4ff6</load_address>
         <run_address>0x4ff6</run_address>
         <size>0x139</size>
         <input_file_ref idref="fl-cd"/>
      </object_component>
      <object_component id="oc-17a">
         <name>.debug_info</name>
         <load_address>0x512f</load_address>
         <run_address>0x512f</run_address>
         <size>0xb91</size>
         <input_file_ref idref="fl-cd"/>
      </object_component>
      <object_component id="oc-224">
         <name>.debug_info</name>
         <load_address>0x5cc0</load_address>
         <run_address>0x5cc0</run_address>
         <size>0x39</size>
         <input_file_ref idref="fl-cd"/>
      </object_component>
      <object_component id="oc-290">
         <name>.debug_info</name>
         <load_address>0x5cf9</load_address>
         <run_address>0x5cf9</run_address>
         <size>0x165</size>
         <input_file_ref idref="fl-ce"/>
      </object_component>
      <object_component id="oc-208">
         <name>.debug_info</name>
         <load_address>0x5e5e</load_address>
         <run_address>0x5e5e</run_address>
         <size>0x25c</size>
         <input_file_ref idref="fl-ce"/>
      </object_component>
      <object_component id="oc-20c">
         <name>.debug_info</name>
         <load_address>0x60ba</load_address>
         <run_address>0x60ba</run_address>
         <size>0x10f</size>
         <input_file_ref idref="fl-cf"/>
      </object_component>
      <object_component id="oc-c1">
         <name>.debug_info</name>
         <load_address>0x61c9</load_address>
         <run_address>0x61c9</run_address>
         <size>0x250</size>
         <input_file_ref idref="fl-d0"/>
      </object_component>
      <object_component id="oc-bb">
         <name>.debug_info</name>
         <load_address>0x6419</load_address>
         <run_address>0x6419</run_address>
         <size>0x1a1</size>
         <input_file_ref idref="fl-d0"/>
      </object_component>
      <object_component id="oc-76">
         <name>.debug_info</name>
         <load_address>0x65ba</load_address>
         <run_address>0x65ba</run_address>
         <size>0x230</size>
         <input_file_ref idref="fl-d0"/>
      </object_component>
      <object_component id="oc-19f">
         <name>.debug_info</name>
         <load_address>0x67ea</load_address>
         <run_address>0x67ea</run_address>
         <size>0x160</size>
         <input_file_ref idref="fl-d1"/>
      </object_component>
      <object_component id="oc-213">
         <name>.debug_info</name>
         <load_address>0x694a</load_address>
         <run_address>0x694a</run_address>
         <size>0x13c</size>
         <input_file_ref idref="fl-d2"/>
      </object_component>
      <object_component id="oc-217">
         <name>.debug_info</name>
         <load_address>0x6a86</load_address>
         <run_address>0x6a86</run_address>
         <size>0x13e</size>
         <input_file_ref idref="fl-d2"/>
      </object_component>
      <object_component id="oc-138">
         <name>.debug_info</name>
         <load_address>0x6bc4</load_address>
         <run_address>0x6bc4</run_address>
         <size>0x14e</size>
         <input_file_ref idref="fl-d3"/>
      </object_component>
      <object_component id="oc-133">
         <name>.debug_info</name>
         <load_address>0x6d12</load_address>
         <run_address>0x6d12</run_address>
         <size>0x14e</size>
         <input_file_ref idref="fl-d4"/>
      </object_component>
      <object_component id="oc-1a3">
         <name>.debug_info</name>
         <load_address>0x6e60</load_address>
         <run_address>0x6e60</run_address>
         <size>0x142</size>
         <input_file_ref idref="fl-d5"/>
      </object_component>
      <object_component id="oc-13d">
         <name>.debug_info</name>
         <load_address>0x6fa2</load_address>
         <run_address>0x6fa2</run_address>
         <size>0x152</size>
         <input_file_ref idref="fl-d6"/>
      </object_component>
      <object_component id="oc-1c9">
         <name>.debug_info</name>
         <load_address>0x70f4</load_address>
         <run_address>0x70f4</run_address>
         <size>0x140</size>
         <input_file_ref idref="fl-d7"/>
      </object_component>
      <object_component id="oc-12e">
         <name>.debug_info</name>
         <load_address>0x7234</load_address>
         <run_address>0x7234</run_address>
         <size>0x140</size>
         <input_file_ref idref="fl-d8"/>
      </object_component>
      <object_component id="oc-38">
         <name>.debug_info</name>
         <load_address>0x7374</load_address>
         <run_address>0x7374</run_address>
         <size>0x12d</size>
         <input_file_ref idref="fl-d9"/>
      </object_component>
      <object_component id="oc-80">
         <name>.debug_info</name>
         <load_address>0x74a1</load_address>
         <run_address>0x74a1</run_address>
         <size>0x23e</size>
         <input_file_ref idref="fl-da"/>
      </object_component>
      <object_component id="oc-2c">
         <name>.debug_info</name>
         <load_address>0x76df</load_address>
         <run_address>0x76df</run_address>
         <size>0x11d</size>
         <input_file_ref idref="fl-da"/>
      </object_component>
      <object_component id="oc-c7">
         <name>.debug_info</name>
         <load_address>0x77fc</load_address>
         <run_address>0x77fc</run_address>
         <size>0x2c</size>
         <input_file_ref idref="fl-da"/>
      </object_component>
      <object_component id="oc-cc">
         <name>.debug_info</name>
         <load_address>0x7828</load_address>
         <run_address>0x7828</run_address>
         <size>0x62</size>
         <input_file_ref idref="fl-da"/>
      </object_component>
      <object_component id="oc-51">
         <name>.debug_info</name>
         <load_address>0x788a</load_address>
         <run_address>0x788a</run_address>
         <size>0x15b</size>
         <input_file_ref idref="fl-db"/>
      </object_component>
      <object_component id="oc-5f">
         <name>.debug_info</name>
         <load_address>0x79e5</load_address>
         <run_address>0x79e5</run_address>
         <size>0x154</size>
         <input_file_ref idref="fl-dc"/>
      </object_component>
      <object_component id="oc-63">
         <name>.debug_info</name>
         <load_address>0x7b39</load_address>
         <run_address>0x7b39</run_address>
         <size>0x164</size>
         <input_file_ref idref="fl-dd"/>
      </object_component>
      <object_component id="oc-1bb">
         <name>.debug_info</name>
         <load_address>0x7c9d</load_address>
         <run_address>0x7c9d</run_address>
         <size>0x182</size>
         <input_file_ref idref="fl-de"/>
      </object_component>
      <object_component id="oc-2a3">
         <name>.debug_info</name>
         <load_address>0x7e1f</load_address>
         <run_address>0x7e1f</run_address>
         <size>0x198</size>
         <input_file_ref idref="fl-df"/>
      </object_component>
      <object_component id="oc-21d">
         <name>.debug_info</name>
         <load_address>0x7fb7</load_address>
         <run_address>0x7fb7</run_address>
         <size>0x1f1</size>
         <input_file_ref idref="fl-df"/>
      </object_component>
      <object_component id="oc-29e">
         <name>.debug_info</name>
         <load_address>0x81a8</load_address>
         <run_address>0x81a8</run_address>
         <size>0x2c</size>
         <input_file_ref idref="fl-df"/>
      </object_component>
      <object_component id="oc-1c1">
         <name>.debug_info</name>
         <load_address>0x81d4</load_address>
         <run_address>0x81d4</run_address>
         <size>0x193</size>
         <input_file_ref idref="fl-e0"/>
      </object_component>
      <object_component id="oc-1b9">
         <name>.debug_info</name>
         <load_address>0x8367</load_address>
         <run_address>0x8367</run_address>
         <size>0x156</size>
         <input_file_ref idref="fl-e1"/>
      </object_component>
      <object_component id="oc-145">
         <name>.debug_info</name>
         <load_address>0x84bd</load_address>
         <run_address>0x84bd</run_address>
         <size>0x18d</size>
         <input_file_ref idref="fl-e1"/>
      </object_component>
      <object_component id="oc-245">
         <name>.debug_info</name>
         <load_address>0x864a</load_address>
         <run_address>0x864a</run_address>
         <size>0x1de</size>
         <input_file_ref idref="fl-e2"/>
      </object_component>
      <object_component id="oc-1cf">
         <name>.debug_info</name>
         <load_address>0x8828</load_address>
         <run_address>0x8828</run_address>
         <size>0x35a</size>
         <input_file_ref idref="fl-e2"/>
      </object_component>
      <object_component id="oc-1ee">
         <name>.debug_info</name>
         <load_address>0x8b82</load_address>
         <run_address>0x8b82</run_address>
         <size>0x2c</size>
         <input_file_ref idref="fl-e2"/>
      </object_component>
      <object_component id="oc-246">
         <name>.debug_info</name>
         <load_address>0x8bae</load_address>
         <run_address>0x8bae</run_address>
         <size>0x69</size>
         <input_file_ref idref="fl-e2"/>
      </object_component>
      <object_component id="oc-24c">
         <name>.debug_info</name>
         <load_address>0x8c17</load_address>
         <run_address>0x8c17</run_address>
         <size>0x1d7</size>
         <input_file_ref idref="fl-e3"/>
      </object_component>
      <object_component id="oc-1d2">
         <name>.debug_info</name>
         <load_address>0x8dee</load_address>
         <run_address>0x8dee</run_address>
         <size>0x300</size>
         <input_file_ref idref="fl-e3"/>
      </object_component>
      <object_component id="oc-7b">
         <name>.debug_info</name>
         <load_address>0x90ee</load_address>
         <run_address>0x90ee</run_address>
         <size>0x125</size>
         <input_file_ref idref="fl-e4"/>
      </object_component>
      <object_component id="oc-1f9">
         <name>.debug_info</name>
         <load_address>0x9213</load_address>
         <run_address>0x9213</run_address>
         <size>0x101</size>
         <input_file_ref idref="fl-e5"/>
      </object_component>
      <object_component id="oc-163">
         <name>.debug_info</name>
         <load_address>0x9314</load_address>
         <run_address>0x9314</run_address>
         <size>0x2aa</size>
         <input_file_ref idref="fl-e5"/>
      </object_component>
      <object_component id="oc-1fb">
         <name>.debug_info</name>
         <load_address>0x95be</load_address>
         <run_address>0x95be</run_address>
         <size>0x10c</size>
         <input_file_ref idref="fl-e6"/>
      </object_component>
      <object_component id="oc-166">
         <name>.debug_info</name>
         <load_address>0x96ca</load_address>
         <run_address>0x96ca</run_address>
         <size>0x283</size>
         <input_file_ref idref="fl-e6"/>
      </object_component>
      <object_component id="oc-1ed">
         <name>.debug_info</name>
         <load_address>0x994d</load_address>
         <run_address>0x994d</run_address>
         <size>0x1e4</size>
         <input_file_ref idref="fl-e7"/>
      </object_component>
      <object_component id="oc-15a">
         <name>.debug_info</name>
         <load_address>0x9b31</load_address>
         <run_address>0x9b31</run_address>
         <size>0x378</size>
         <input_file_ref idref="fl-e7"/>
      </object_component>
      <object_component id="oc-1f3">
         <name>.debug_info</name>
         <load_address>0x9ea9</load_address>
         <run_address>0x9ea9</run_address>
         <size>0x69</size>
         <input_file_ref idref="fl-e7"/>
      </object_component>
      <object_component id="oc-122">
         <name>.debug_info</name>
         <load_address>0x9f12</load_address>
         <run_address>0x9f12</run_address>
         <size>0x140</size>
         <input_file_ref idref="fl-e8"/>
      </object_component>
      <object_component id="oc-be">
         <name>.debug_info</name>
         <load_address>0xa052</load_address>
         <run_address>0xa052</run_address>
         <size>0x12f</size>
         <input_file_ref idref="fl-e8"/>
      </object_component>
      <object_component id="oc-11b">
         <name>.debug_info</name>
         <load_address>0xa181</load_address>
         <run_address>0xa181</run_address>
         <size>0x23b</size>
         <input_file_ref idref="fl-e8"/>
      </object_component>
      <object_component id="oc-27e">
         <name>.debug_info</name>
         <load_address>0xa3bc</load_address>
         <run_address>0xa3bc</run_address>
         <size>0x3ac</size>
         <input_file_ref idref="fl-e9"/>
      </object_component>
      <object_component id="oc-1e9">
         <name>.debug_info</name>
         <load_address>0xa768</load_address>
         <run_address>0xa768</run_address>
         <size>0x180c</size>
         <input_file_ref idref="fl-e9"/>
      </object_component>
      <object_component id="oc-27f">
         <name>.debug_info</name>
         <load_address>0xbf74</load_address>
         <run_address>0xbf74</run_address>
         <size>0x86</size>
         <input_file_ref idref="fl-e9"/>
      </object_component>
      <object_component id="oc-2c1">
         <name>.debug_info</name>
         <load_address>0xbffa</load_address>
         <run_address>0xbffa</run_address>
         <size>0x46</size>
         <input_file_ref idref="fl-e9"/>
      </object_component>
      <object_component id="oc-284">
         <name>.debug_info</name>
         <load_address>0xc040</load_address>
         <run_address>0xc040</run_address>
         <size>0x39</size>
         <input_file_ref idref="fl-e9"/>
      </object_component>
      <object_component id="oc-b9">
         <name>.debug_info</name>
         <load_address>0xc079</load_address>
         <run_address>0xc079</run_address>
         <size>0x182</size>
         <input_file_ref idref="fl-ea"/>
      </object_component>
      <object_component id="oc-70">
         <name>.debug_info</name>
         <load_address>0xc1fb</load_address>
         <run_address>0xc1fb</run_address>
         <size>0x183</size>
         <input_file_ref idref="fl-ea"/>
      </object_component>
      <object_component id="oc-113">
         <name>.debug_info</name>
         <load_address>0xc37e</load_address>
         <run_address>0xc37e</run_address>
         <size>0x5e</size>
         <input_file_ref idref="fl-ea"/>
      </object_component>
      <object_component id="oc-2be">
         <name>.debug_info</name>
         <load_address>0xc3dc</load_address>
         <run_address>0xc3dc</run_address>
         <size>0x130</size>
         <input_file_ref idref="fl-eb"/>
      </object_component>
      <object_component id="oc-279">
         <name>.debug_info</name>
         <load_address>0xc50c</load_address>
         <run_address>0xc50c</run_address>
         <size>0x18d</size>
         <input_file_ref idref="fl-eb"/>
      </object_component>
      <object_component id="oc-b1">
         <name>.debug_info</name>
         <load_address>0xc699</load_address>
         <run_address>0xc699</run_address>
         <size>0x305</size>
         <input_file_ref idref="fl-ec"/>
      </object_component>
      <object_component id="oc-6b">
         <name>.debug_info</name>
         <load_address>0xc99e</load_address>
         <run_address>0xc99e</run_address>
         <size>0x1ac</size>
         <input_file_ref idref="fl-ec"/>
      </object_component>
      <object_component id="oc-d6">
         <name>.debug_info</name>
         <load_address>0xcb4a</load_address>
         <run_address>0xcb4a</run_address>
         <size>0x39</size>
         <input_file_ref idref="fl-ec"/>
      </object_component>
      <object_component id="oc-db">
         <name>.debug_info</name>
         <load_address>0xcb83</load_address>
         <run_address>0xcb83</run_address>
         <size>0xcd</size>
         <input_file_ref idref="fl-ec"/>
      </object_component>
      <object_component id="oc-d2">
         <name>.debug_info</name>
         <load_address>0xcc50</load_address>
         <run_address>0xcc50</run_address>
         <size>0x1fc</size>
         <input_file_ref idref="fl-ed"/>
      </object_component>
      <object_component id="oc-a5">
         <name>.debug_info</name>
         <load_address>0xce4c</load_address>
         <run_address>0xce4c</run_address>
         <size>0x19f</size>
         <input_file_ref idref="fl-ed"/>
      </object_component>
      <object_component id="oc-128">
         <name>.debug_info</name>
         <load_address>0xcfeb</load_address>
         <run_address>0xcfeb</run_address>
         <size>0x2c</size>
         <input_file_ref idref="fl-ed"/>
      </object_component>
      <object_component id="oc-2d7">
         <name>.debug_info</name>
         <load_address>0xd017</load_address>
         <run_address>0xd017</run_address>
         <size>0x10a</size>
         <input_file_ref idref="fl-ee"/>
      </object_component>
      <object_component id="oc-2bb">
         <name>.debug_info</name>
         <load_address>0xd121</load_address>
         <run_address>0xd121</run_address>
         <size>0x116</size>
         <input_file_ref idref="fl-ee"/>
      </object_component>
      <object_component id="oc-2b3">
         <name>.debug_info</name>
         <load_address>0xd237</load_address>
         <run_address>0xd237</run_address>
         <size>0x168</size>
         <input_file_ref idref="fl-ef"/>
      </object_component>
      <object_component id="oc-261">
         <name>.debug_info</name>
         <load_address>0xd39f</load_address>
         <run_address>0xd39f</run_address>
         <size>0x1de</size>
         <input_file_ref idref="fl-ef"/>
      </object_component>
      <object_component id="oc-2b9">
         <name>.debug_info</name>
         <load_address>0xd57d</load_address>
         <run_address>0xd57d</run_address>
         <size>0x10d</size>
         <input_file_ref idref="fl-f0"/>
      </object_component>
      <object_component id="oc-273">
         <name>.debug_info</name>
         <load_address>0xd68a</load_address>
         <run_address>0xd68a</run_address>
         <size>0x1c7</size>
         <input_file_ref idref="fl-f0"/>
      </object_component>
      <object_component id="oc-29a">
         <name>.debug_info</name>
         <load_address>0xd851</load_address>
         <run_address>0xd851</run_address>
         <size>0x172</size>
         <input_file_ref idref="fl-f1"/>
      </object_component>
      <object_component id="oc-2b5">
         <name>.debug_info</name>
         <load_address>0xd9c3</load_address>
         <run_address>0xd9c3</run_address>
         <size>0x15b</size>
         <input_file_ref idref="fl-f2"/>
      </object_component>
      <object_component id="oc-266">
         <name>.debug_info</name>
         <load_address>0xdb1e</load_address>
         <run_address>0xdb1e</run_address>
         <size>0x1a6</size>
         <input_file_ref idref="fl-f2"/>
      </object_component>
      <object_component id="oc-ac">
         <name>.debug_info</name>
         <load_address>0xdcc4</load_address>
         <run_address>0xdcc4</run_address>
         <size>0x161</size>
         <input_file_ref idref="fl-f3"/>
      </object_component>
      <object_component id="oc-2b7">
         <name>.debug_info</name>
         <load_address>0xde25</load_address>
         <run_address>0xde25</run_address>
         <size>0x111</size>
         <input_file_ref idref="fl-f4"/>
      </object_component>
      <object_component id="oc-26c">
         <name>.debug_info</name>
         <load_address>0xdf36</load_address>
         <run_address>0xdf36</run_address>
         <size>0x296</size>
         <input_file_ref idref="fl-f4"/>
      </object_component>
      <object_component id="oc-2b1">
         <name>.debug_info</name>
         <load_address>0xe1cc</load_address>
         <run_address>0xe1cc</run_address>
         <size>0x106</size>
         <input_file_ref idref="fl-f5"/>
      </object_component>
      <object_component id="oc-25d">
         <name>.debug_info</name>
         <load_address>0xe2d2</load_address>
         <run_address>0xe2d2</run_address>
         <size>0x27c</size>
         <input_file_ref idref="fl-f5"/>
      </object_component>
      <object_component id="oc-257">
         <name>.debug_info</name>
         <load_address>0xe54e</load_address>
         <run_address>0xe54e</run_address>
         <size>0x199</size>
         <input_file_ref idref="fl-f6"/>
      </object_component>
      <object_component id="oc-231">
         <name>.debug_info</name>
         <load_address>0xe6e7</load_address>
         <run_address>0xe6e7</run_address>
         <size>0x20e</size>
         <input_file_ref idref="fl-f7"/>
      </object_component>
      <object_component id="oc-22e">
         <name>.debug_info</name>
         <load_address>0xe8f5</load_address>
         <run_address>0xe8f5</run_address>
         <size>0x157</size>
         <input_file_ref idref="fl-f7"/>
      </object_component>
      <object_component id="oc-189">
         <name>.debug_info</name>
         <load_address>0xea4c</load_address>
         <run_address>0xea4c</run_address>
         <size>0x2c1</size>
         <input_file_ref idref="fl-f7"/>
      </object_component>
      <object_component id="oc-18c">
         <name>.debug_info</name>
         <load_address>0xed0d</load_address>
         <run_address>0xed0d</run_address>
         <size>0x23e</size>
         <input_file_ref idref="fl-f7"/>
      </object_component>
      <object_component id="oc-234">
         <name>.debug_info</name>
         <load_address>0xef4b</load_address>
         <run_address>0xef4b</run_address>
         <size>0x212</size>
         <input_file_ref idref="fl-f8"/>
      </object_component>
      <object_component id="oc-302">
         <name>.debug_info</name>
         <load_address>0xf15d</load_address>
         <run_address>0xf15d</run_address>
         <size>0x8d</size>
      </object_component>
      <object_component id="oc-95">
         <name>.debug_line</name>
         <load_address>0x0</load_address>
         <run_address>0x0</run_address>
         <size>0x20</size>
         <input_file_ref idref="fl-2"/>
      </object_component>
      <object_component id="oc-88">
         <name>.debug_line</name>
         <load_address>0x20</load_address>
         <run_address>0x20</run_address>
         <size>0x66</size>
         <input_file_ref idref="fl-2"/>
      </object_component>
      <object_component id="oc-9d">
         <name>.debug_line</name>
         <load_address>0x86</load_address>
         <run_address>0x86</run_address>
         <size>0x66</size>
         <input_file_ref idref="fl-2"/>
      </object_component>
      <object_component id="oc-204">
         <name>.debug_line</name>
         <load_address>0xec</load_address>
         <run_address>0xec</run_address>
         <size>0x2f</size>
         <input_file_ref idref="fl-3"/>
      </object_component>
      <object_component id="oc-f3">
         <name>.debug_line</name>
         <load_address>0x11b</load_address>
         <run_address>0x11b</run_address>
         <size>0x113</size>
         <input_file_ref idref="fl-3"/>
      </object_component>
      <object_component id="oc-1da">
         <name>.debug_line</name>
         <load_address>0x22e</load_address>
         <run_address>0x22e</run_address>
         <size>0x9a</size>
         <input_file_ref idref="fl-4"/>
      </object_component>
      <object_component id="oc-e5">
         <name>.debug_line</name>
         <load_address>0x2c8</load_address>
         <run_address>0x2c8</run_address>
         <size>0xbe</size>
         <input_file_ref idref="fl-4"/>
      </object_component>
      <object_component id="oc-1dd">
         <name>.debug_line</name>
         <load_address>0x386</load_address>
         <run_address>0x386</run_address>
         <size>0x2d</size>
         <input_file_ref idref="fl-4"/>
      </object_component>
      <object_component id="oc-201">
         <name>.debug_line</name>
         <load_address>0x3b3</load_address>
         <run_address>0x3b3</run_address>
         <size>0x65</size>
         <input_file_ref idref="fl-4"/>
      </object_component>
      <object_component id="oc-173">
         <name>.debug_line</name>
         <load_address>0x418</load_address>
         <run_address>0x418</run_address>
         <size>0x66</size>
         <input_file_ref idref="fl-4"/>
      </object_component>
      <object_component id="oc-1e2">
         <name>.debug_line</name>
         <load_address>0x47e</load_address>
         <run_address>0x47e</run_address>
         <size>0x31</size>
         <input_file_ref idref="fl-4"/>
      </object_component>
      <object_component id="oc-24e">
         <name>.debug_line</name>
         <load_address>0x4af</load_address>
         <run_address>0x4af</run_address>
         <size>0xb6</size>
         <input_file_ref idref="fl-5"/>
      </object_component>
      <object_component id="oc-14c">
         <name>.debug_line</name>
         <load_address>0x565</load_address>
         <run_address>0x565</run_address>
         <size>0x1e2</size>
         <input_file_ref idref="fl-5"/>
      </object_component>
      <object_component id="oc-252">
         <name>.debug_line</name>
         <load_address>0x747</load_address>
         <run_address>0x747</run_address>
         <size>0x66</size>
         <input_file_ref idref="fl-5"/>
      </object_component>
      <object_component id="oc-22a">
         <name>.debug_line</name>
         <load_address>0x7ad</load_address>
         <run_address>0x7ad</run_address>
         <size>0x7d</size>
         <input_file_ref idref="fl-6"/>
      </object_component>
      <object_component id="oc-f9">
         <name>.debug_line</name>
         <load_address>0x82a</load_address>
         <run_address>0x82a</run_address>
         <size>0xa8</size>
         <input_file_ref idref="fl-6"/>
      </object_component>
      <object_component id="oc-1fd">
         <name>.debug_line</name>
         <load_address>0x8d2</load_address>
         <run_address>0x8d2</run_address>
         <size>0xb9</size>
         <input_file_ref idref="fl-7"/>
      </object_component>
      <object_component id="oc-157">
         <name>.debug_line</name>
         <load_address>0x98b</load_address>
         <run_address>0x98b</run_address>
         <size>0x45</size>
         <input_file_ref idref="fl-7"/>
      </object_component>
      <object_component id="oc-f1">
         <name>.debug_line</name>
         <load_address>0x9d0</load_address>
         <run_address>0x9d0</run_address>
         <size>0x192</size>
         <input_file_ref idref="fl-7"/>
      </object_component>
      <object_component id="oc-22c">
         <name>.debug_line</name>
         <load_address>0xb62</load_address>
         <run_address>0xb62</run_address>
         <size>0x8d</size>
         <input_file_ref idref="fl-8"/>
      </object_component>
      <object_component id="oc-b6">
         <name>.debug_line</name>
         <load_address>0xbef</load_address>
         <run_address>0xbef</run_address>
         <size>0x62</size>
         <input_file_ref idref="fl-8"/>
      </object_component>
      <object_component id="oc-1af">
         <name>.debug_line</name>
         <load_address>0xc51</load_address>
         <run_address>0xc51</run_address>
         <size>0x2e</size>
         <input_file_ref idref="fl-9"/>
      </object_component>
      <object_component id="oc-23a">
         <name>.debug_line</name>
         <load_address>0xc7f</load_address>
         <run_address>0xc7f</run_address>
         <size>0x76</size>
         <input_file_ref idref="fl-a"/>
      </object_component>
      <object_component id="oc-102">
         <name>.debug_line</name>
         <load_address>0xcf5</load_address>
         <run_address>0xcf5</run_address>
         <size>0xc8</size>
         <input_file_ref idref="fl-a"/>
      </object_component>
      <object_component id="oc-19b">
         <name>.debug_line</name>
         <load_address>0xdbd</load_address>
         <run_address>0xdbd</run_address>
         <size>0x20</size>
         <input_file_ref idref="fl-a"/>
      </object_component>
      <object_component id="oc-23e">
         <name>.debug_line</name>
         <load_address>0xddd</load_address>
         <run_address>0xddd</run_address>
         <size>0x3c</size>
         <input_file_ref idref="fl-b"/>
      </object_component>
      <object_component id="oc-108">
         <name>.debug_line</name>
         <load_address>0xe19</load_address>
         <run_address>0xe19</run_address>
         <size>0x71</size>
         <input_file_ref idref="fl-b"/>
      </object_component>
      <object_component id="oc-10e">
         <name>.debug_line</name>
         <load_address>0xe8a</load_address>
         <run_address>0xe8a</run_address>
         <size>0x110</size>
         <input_file_ref idref="fl-c"/>
      </object_component>
      <object_component id="oc-84">
         <name>.debug_line</name>
         <load_address>0xf9a</load_address>
         <run_address>0xf9a</run_address>
         <size>0x41</size>
         <input_file_ref idref="fl-d"/>
      </object_component>
      <object_component id="oc-35">
         <name>.debug_line</name>
         <load_address>0xfdb</load_address>
         <run_address>0xfdb</run_address>
         <size>0x41</size>
         <input_file_ref idref="fl-d"/>
      </object_component>
      <object_component id="oc-2f">
         <name>.debug_line</name>
         <load_address>0x101c</load_address>
         <run_address>0x101c</run_address>
         <size>0xa1</size>
         <input_file_ref idref="fl-d"/>
      </object_component>
      <object_component id="oc-1e5">
         <name>.debug_line</name>
         <load_address>0x10bd</load_address>
         <run_address>0x10bd</run_address>
         <size>0x20</size>
         <input_file_ref idref="fl-e"/>
      </object_component>
      <object_component id="oc-ea">
         <name>.debug_line</name>
         <load_address>0x10dd</load_address>
         <run_address>0x10dd</run_address>
         <size>0xb7</size>
         <input_file_ref idref="fl-e"/>
      </object_component>
      <object_component id="oc-25">
         <name>.debug_line</name>
         <load_address>0x1194</load_address>
         <run_address>0x1194</run_address>
         <size>0x53</size>
         <input_file_ref idref="fl-c9"/>
      </object_component>
      <object_component id="oc-91">
         <name>.debug_line</name>
         <load_address>0x11e7</load_address>
         <run_address>0x11e7</run_address>
         <size>0xa5</size>
         <input_file_ref idref="fl-ca"/>
      </object_component>
      <object_component id="oc-16">
         <name>.debug_line</name>
         <load_address>0x128c</load_address>
         <run_address>0x128c</run_address>
         <size>0x55</size>
         <input_file_ref idref="fl-ca"/>
      </object_component>
      <object_component id="oc-40">
         <name>.debug_line</name>
         <load_address>0x12e1</load_address>
         <run_address>0x12e1</run_address>
         <size>0x3a</size>
         <input_file_ref idref="fl-ca"/>
      </object_component>
      <object_component id="oc-8e">
         <name>.debug_line</name>
         <load_address>0x131b</load_address>
         <run_address>0x131b</run_address>
         <size>0xa5</size>
         <input_file_ref idref="fl-ca"/>
      </object_component>
      <object_component id="oc-99">
         <name>.debug_line</name>
         <load_address>0x13c0</load_address>
         <run_address>0x13c0</run_address>
         <size>0xa5</size>
         <input_file_ref idref="fl-cb"/>
      </object_component>
      <object_component id="oc-48">
         <name>.debug_line</name>
         <load_address>0x1465</load_address>
         <run_address>0x1465</run_address>
         <size>0x98</size>
         <input_file_ref idref="fl-cb"/>
      </object_component>
      <object_component id="oc-1d">
         <name>.debug_line</name>
         <load_address>0x14fd</load_address>
         <run_address>0x14fd</run_address>
         <size>0x4b</size>
         <input_file_ref idref="fl-cb"/>
      </object_component>
      <object_component id="oc-4e">
         <name>.debug_line</name>
         <load_address>0x1548</load_address>
         <run_address>0x1548</run_address>
         <size>0x39</size>
         <input_file_ref idref="fl-cb"/>
      </object_component>
      <object_component id="oc-2a5">
         <name>.debug_line</name>
         <load_address>0x1581</load_address>
         <run_address>0x1581</run_address>
         <size>0xae</size>
         <input_file_ref idref="fl-cd"/>
      </object_component>
      <object_component id="oc-294">
         <name>.debug_line</name>
         <load_address>0x162f</load_address>
         <run_address>0x162f</run_address>
         <size>0x2b</size>
         <input_file_ref idref="fl-cd"/>
      </object_component>
      <object_component id="oc-17d">
         <name>.debug_line</name>
         <load_address>0x165a</load_address>
         <run_address>0x165a</run_address>
         <size>0x2b5</size>
         <input_file_ref idref="fl-cd"/>
      </object_component>
      <object_component id="oc-227">
         <name>.debug_line</name>
         <load_address>0x190f</load_address>
         <run_address>0x190f</run_address>
         <size>0xa5</size>
         <input_file_ref idref="fl-cd"/>
      </object_component>
      <object_component id="oc-2c7">
         <name>.debug_line</name>
         <load_address>0x19b4</load_address>
         <run_address>0x19b4</run_address>
         <size>0xa4</size>
[...]
         <value>0x36ad</value>
         <object_component_ref idref="oc-f2"/>
      </symbol>
      <symbol id="sm-5f">
         <name>button_getButtonBlocking</name>
         <value>0x366f</value>
         <object_component_ref idref="oc-f2"/>
      </symbol>
      <symbol id="sm-60">
         <name>button_getButton</name>
         <value>0x35ef</value>
         <object_component_ref idref="oc-f2"/>
      </symbol>
      <symbol id="sm-61">
         <name>button_init</name>
         <value>0x35b9</value>
         <object_component_ref idref="oc-f2"/>
      </symbol>
      <symbol id="sm-62">
         <name>button_checkButtons</name>
         <value>0x35e5</value>
         <object_component_ref idref="oc-f2"/>
      </symbol>
      <symbol id="sm-63">
         <name>button_getButtonChange</name>
         <value>0x3683</value>
         <object_component_ref idref="oc-f2"/>
      </symbol>
      <symbol id="sm-90">
         <name>pulse_width</name>
         <value>0x20000ed0</value>
      </symbol>
      <symbol id="sm-91">
         <name>state</name>
         <value>0x20000ed8</value>
      </symbol>
      <symbol id="sm-92">
         <name>risingEdge</name>
         <value>0x20000ed4</value>
      </symbol>
      <symbol id="sm-93">
         <name>fallingEdge</name>
         <value>0x20000ec4</value>
      </symbol>
      <symbol id="sm-94">
         <name>pulseLength</name>
         <value>0x20000ecc</value>
      </symbol>
      <symbol id="sm-95">
         <name>isr_int_value</name>
         <value>0x20000ec8</value>
      </symbol>
      <symbol id="sm-96">
         <name>sweep</name>
         <value>0x27f1</value>
         <object_component_ref idref="oc-e0"/>
      </symbol>
      <symbol id="sm-d1">
         <name>setObjectData</name>
         <value>0x1e51</value>
         <object_component_ref idref="oc-147"/>
      </symbol>
      <symbol id="sm-d2">
         <name>objectDataOutput</name>
         <value>0x20f5</value>
         <object_component_ref idref="oc-147"/>
      </symbol>
      <symbol id="sm-d3">
         <name>polar2Cart</name>
         <value>0x1d29</value>
         <object_component_ref idref="oc-147"/>
      </symbol>
      <symbol id="sm-d4">
         <name>arrayOutput</name>
         <value>0x203d</value>
         <object_component_ref idref="oc-147"/>
      </symbol>
      <symbol id="sm-fa">
         <name>ir_read</name>
         <value>0x2e25</value>
         <object_component_ref idref="oc-f8"/>
      </symbol>
      <symbol id="sm-fb">
         <name>ir_getDistance</name>
         <value>0x2e51</value>
         <object_component_ref idref="oc-f8"/>
      </symbol>
      <symbol id="sm-fc">
         <name>ir_init</name>
         <value>0x2dad</value>
         <object_component_ref idref="oc-f8"/>
      </symbol>
      <symbol id="sm-138">
         <name>lcd_sendCommand</name>
         <value>0x2403</value>
         <object_component_ref idref="oc-ec"/>
      </symbol>
      <symbol id="sm-139">
         <name>lcd_sendNibble</name>
         <value>0x2441</value>
         <object_component_ref idref="oc-ec"/>
      </symbol>
      <symbol id="sm-13a">
         <name>lcd_clear</name>
         <value>0x4395</value>
         <object_component_ref idref="oc-152"/>
      </symbol>
      <symbol id="sm-13b">
         <name>lcd_printf</name>
         <value>0x24eb</value>
         <object_component_ref idref="oc-ec"/>
      </symbol>
      <symbol id="sm-13c">
         <name>lcd_setCursorPos</name>
         <value>0x24ad</value>
         <object_component_ref idref="oc-ec"/>
      </symbol>
      <symbol id="sm-13d">
         <name>lcd_init</name>
         <value>0x22ed</value>
         <object_component_ref idref="oc-ec"/>
      </symbol>
      <symbol id="sm-13e">
         <name>lcd_puts</name>
         <value>0x23e5</value>
         <object_component_ref idref="oc-ec"/>
      </symbol>
      <symbol id="sm-13f">
         <name>lcd_putc</name>
         <value>0x23ad</value>
         <object_component_ref idref="oc-ec"/>
      </symbol>
      <symbol id="sm-140">
         <name>lcd_gotoLine</name>
         <value>0x2485</value>
         <object_component_ref idref="oc-ec"/>
      </symbol>
      <symbol id="sm-14f">
         <name>init_All</name>
         <value>0x427f</value>
         <object_component_ref idref="oc-b2"/>
      </symbol>
      <symbol id="sm-150">
         <name>main</name>
         <value>0x4271</value>
         <object_component_ref idref="oc-b2"/>
      </symbol>
      <symbol id="sm-18a">
         <name>send_pulse</name>
         <value>0x2677</value>
         <object_component_ref idref="oc-fe"/>
      </symbol>
      <symbol id="sm-18b">
         <name>TIMER3B_Handler</name>
         <value>0x26e1</value>
         <object_component_ref idref="oc-fe"/>
      </symbol>
      <symbol id="sm-18c">
         <name>ping_init</name>
         <value>0x25d9</value>
         <object_component_ref idref="oc-fe"/>
      </symbol>
      <symbol id="sm-18d">
         <name>ping_getDistance</name>
         <value>0x2741</value>
         <object_component_ref idref="oc-fe"/>
      </symbol>
      <symbol id="sm-1b0">
         <name>move_servo</name>
         <value>0x3155</value>
         <object_component_ref idref="oc-104"/>
      </symbol>
      <symbol id="sm-1b1">
         <name>servo_init</name>
         <value>0x3091</value>
         <object_component_ref idref="oc-104"/>
      </symbol>
      <symbol id="sm-1d2">
         <name>timer_startClock</name>
         <value>0x32c5</value>
         <object_component_ref idref="oc-10a"/>
      </symbol>
      <symbol id="sm-1d3">
         <name>timer_stopClock</name>
         <value>0x3317</value>
         <object_component_ref idref="oc-10a"/>
      </symbol>
      <symbol id="sm-1d4">
         <name>timer_getClock</name>
         <value>0x3311</value>
         <object_component_ref idref="oc-10a"/>
      </symbol>
      <symbol id="sm-1d5">
         <name>timer_stopTimer</name>
         <value>0x32af</value>
         <object_component_ref idref="oc-10a"/>
      </symbol>
      <symbol id="sm-1d6">
         <name>timer_startTimer</name>
         <value>0x325f</value>
         <object_component_ref idref="oc-10a"/>
      </symbol>
      <symbol id="sm-1d7">
         <name>timer_waitMillis</name>
         <value>0x3201</value>
         <object_component_ref idref="oc-10a"/>
      </symbol>
      <symbol id="sm-1d8">
         <name>timer_waitMicros</name>
         <value>0x3235</value>
         <object_component_ref idref="oc-10a"/>
      </symbol>
      <symbol id="sm-1f4">
         <name>ResetISR</name>
         <value>0x43bf</value>
         <object_component_ref idref="oc-2e"/>
      </symbol>
      <symbol id="sm-1f5">
         <name>g_pfnVectors</name>
         <value>0x0</value>
         <object_component_ref idref="oc-f"/>
      </symbol>
      <symbol id="sm-217">
         <name>uart_sendChar</name>
         <value>0x34bb</value>
         <object_component_ref idref="oc-e6"/>
      </symbol>
      <symbol id="sm-218">
         <name>uart_init</name>
         <value>0x34fd</value>
         <object_component_ref idref="oc-e6"/>
      </symbol>
      <symbol id="sm-219">
         <name>uart_receive</name>
         <value>0x34d7</value>
         <object_component_ref idref="oc-e6"/>
      </symbol>
      <symbol id="sm-21a">
         <name>uart_sendStr</name>
         <value>0x3491</value>
         <object_component_ref idref="oc-e6"/>
      </symbol>
      <symbol id="sm-22b">
         <name>_c_int00</name>
         <value>0x407d</value>
         <object_component_ref idref="oc-24"/>
      </symbol>
      <symbol id="sm-22c">
         <name>__stack</name>
         <value>0x2000026c</value>
         <object_component_ref idref="oc-2a"/>
      </symbol>
      <symbol id="sm-243">
         <name>__TI_decompress_none</name>
         <value>0x43a5</value>
         <object_component_ref idref="oc-12"/>
      </symbol>
      <symbol id="sm-266">
         <name>__TI_decompress_rle24</name>
         <value>0x43cb</value>
         <object_component_ref idref="oc-18"/>
      </symbol>
      <symbol id="sm-2f6">
         <name>pow</name>
         <value>0x137d</value>
         <object_component_ref idref="oc-179"/>
      </symbol>
      <symbol id="sm-2f7">
         <name>powl</name>
         <value>0x137d</value>
         <object_component_ref idref="oc-179"/>
      </symbol>
      <symbol id="sm-31b">
         <name>sqrtl</name>
         <value>0x2f21</value>
         <object_component_ref idref="oc-205"/>
      </symbol>
      <symbol id="sm-31c">
         <name>sqrt</name>
         <value>0x2f21</value>
         <object_component_ref idref="oc-205"/>
      </symbol>
      <symbol id="sm-324">
         <name>errno</name>
         <value>0x20000ef0</value>
         <object_component_ref idref="oc-20b"/>
      </symbol>
      <symbol id="sm-345">
         <name>C$$EXIT</name>
         <value>0x40d1</value>
         <object_component_ref idref="oc-74"/>
      </symbol>
      <symbol id="sm-346">
         <name>abort</name>
         <value>0x40d5</value>
         <object_component_ref idref="oc-74"/>
      </symbol>
      <symbol id="sm-347">
         <name>exit</name>
         <value>0x40dd</value>
         <object_component_ref idref="oc-74"/>
      </symbol>
      <symbol id="sm-348">
         <name>__TI_dtors_ptr</name>
         <value>0x20000ee0</value>
         <object_component_ref idref="oc-ba"/>
      </symbol>
      <symbol id="sm-349">
         <name>__TI_cleanup_ptr</name>
         <value>0x20000edc</value>
         <object_component_ref idref="oc-ba"/>
      </symbol>
      <symbol id="sm-34a">
         <name>__TI_enable_exit_profile_output</name>
         <value>0x20000ee4</value>
         <object_component_ref idref="oc-ba"/>
      </symbol>
      <symbol id="sm-361">
         <name>__aeabi_dsub</name>
         <value>0x2bf5</value>
         <object_component_ref idref="oc-19d"/>
      </symbol>
      <symbol id="sm-362">
         <name>__aeabi_dadd</name>
         <value>0x2bff</value>
         <object_component_ref idref="oc-19d"/>
      </symbol>
      <symbol id="sm-384">
         <name>__aeabi_cdcmpeq</name>
         <value>0x3c91</value>
         <object_component_ref idref="oc-211"/>
      </symbol>
      <symbol id="sm-385">
         <name>__aeabi_cdcmple</name>
         <value>0x3c91</value>
         <object_component_ref idref="oc-211"/>
      </symbol>
      <symbol id="sm-386">
         <name>__aeabi_cdrcmple</name>
         <value>0x3d17</value>
         <object_component_ref idref="oc-216"/>
      </symbol>
      <symbol id="sm-39a">
         <name>__aeabi_ddiv</name>
         <value>0x3359</value>
         <object_component_ref idref="oc-137"/>
      </symbol>
      <symbol id="sm-3a5">
         <name>__aeabi_dmul</name>
         <value>0x36dd</value>
         <object_component_ref idref="oc-132"/>
      </symbol>
      <symbol id="sm-3af">
         <name>__aeabi_d2iz</name>
         <value>0x41bd</value>
         <object_component_ref idref="oc-1a2"/>
      </symbol>
      <symbol id="sm-3bb">
         <name>__aeabi_d2f</name>
         <value>0x3e89</value>
         <object_component_ref idref="oc-13c"/>
      </symbol>
      <symbol id="sm-3c6">
         <name>__aeabi_f2d</name>
         <value>0x4205</value>
         <object_component_ref idref="oc-1c6"/>
      </symbol>
      <symbol id="sm-3d0">
         <name>__aeabi_i2d</name>
         <value>0x42a3</value>
         <object_component_ref idref="oc-12d"/>
      </symbol>
      <symbol id="sm-3eb">
         <name>memcpy</name>
         <value>0x3ad9</value>
         <object_component_ref idref="oc-37"/>
      </symbol>
      <symbol id="sm-3ec">
         <name>__aeabi_memcpy</name>
         <value>0x3ad9</value>
         <object_component_ref idref="oc-37"/>
      </symbol>
      <symbol id="sm-3ed">
         <name>__aeabi_memcpy8</name>
         <value>0x3ad9</value>
         <object_component_ref idref="oc-37"/>
      </symbol>
      <symbol id="sm-3ee">
         <name>__aeabi_memcpy4</name>
         <value>0x3ad9</value>
         <object_component_ref idref="oc-37"/>
      </symbol>
      <symbol id="sm-403">
         <name>_sys_memory</name>
         <value>0x20000a70</value>
         <object_component_ref idref="oc-2b"/>
      </symbol>
      <symbol id="sm-412">
         <name>__aeabi_memset</name>
         <value>0x3d9f</value>
         <object_component_ref idref="oc-50"/>
      </symbol>
      <symbol id="sm-413">
         <name>memset</name>
         <value>0x3da5</value>
         <object_component_ref idref="oc-50"/>
      </symbol>
      <symbol id="sm-414">
         <name>__aeabi_memset8</name>
         <value>0x3d9f</value>
         <object_component_ref idref="oc-50"/>
      </symbol>
      <symbol id="sm-415">
         <name>__aeabi_memset4</name>
         <value>0x3d9f</value>
         <object_component_ref idref="oc-50"/>
      </symbol>
      <symbol id="sm-416">
         <name>__aeabi_memclr8</name>
         <value>0x3d9d</value>
         <object_component_ref idref="oc-50"/>
      </symbol>
      <symbol id="sm-417">
         <name>__aeabi_memclr4</name>
         <value>0x3d9d</value>
         <object_component_ref idref="oc-50"/>
      </symbol>
      <symbol id="sm-418">
         <name>__aeabi_memclr</name>
         <value>0x3d9d</value>
         <object_component_ref idref="oc-50"/>
      </symbol>
      <symbol id="sm-422">
         <name>__mpu_init</name>
         <value>0x22eb</value>
         <object_component_ref idref="oc-5c"/>
      </symbol>
      <symbol id="sm-42c">
         <name>_system_pre_init</name>
         <value>0x43d1</value>
         <object_component_ref idref="oc-62"/>
      </symbol>
      <symbol id="sm-440">
         <name>cosf</name>
         <value>0x38d5</value>
         <object_component_ref idref="oc-1ba"/>
      </symbol>
      <symbol id="sm-462">
         <name>scalbn</name>
         <value>0x37d9</value>
         <object_component_ref idref="oc-21b"/>
      </symbol>
      <symbol id="sm-463">
         <name>scalbnl</name>
         <value>0x37d9</value>
         <object_component_ref idref="oc-21b"/>
      </symbol>
      <symbol id="sm-464">
         <name>ldexpl</name>
         <value>0x37d9</value>
         <object_component_ref idref="oc-21b"/>
      </symbol>
      <symbol id="sm-465">
         <name>ldexp</name>
         <value>0x37d9</value>
         <object_component_ref idref="oc-21b"/>
      </symbol>
      <symbol id="sm-477">
         <name>sinf</name>
         <value>0x3a35</value>
         <object_component_ref idref="oc-1c0"/>
      </symbol>
      <symbol id="sm-48d">
         <name>tanf</name>
         <value>0x3989</value>
         <object_component_ref idref="oc-141"/>
      </symbol>
      <symbol id="sm-4ae">
         <name>snprintf</name>
         <value>0x3b75</value>
         <object_component_ref idref="oc-1cb"/>
      </symbol>
      <symbol id="sm-4c2">
         <name>sprintf</name>
         <value>0x3fc5</value>
         <object_component_ref idref="oc-1d1"/>
      </symbol>
      <symbol id="sm-4ca">
         <name>main_func_sp</name>
         <value>0x20000ef4</value>
         <object_component_ref idref="oc-7a"/>
      </symbol>
      <symbol id="sm-4d9">
         <name>strcmp</name>
         <value>0x4305</value>
         <object_component_ref idref="oc-15f"/>
      </symbol>
      <symbol id="sm-4e7">
         <name>strcpy</name>
         <value>0x435d</value>
         <object_component_ref idref="oc-165"/>
      </symbol>
      <symbol id="sm-503">
         <name>vsnprintf</name>
         <value>0x3c09</value>
         <object_component_ref idref="oc-159"/>
      </symbol>
      <symbol id="sm-51c">
         <name>_nop</name>
         <value>0x4343</value>
         <object_component_ref idref="oc-11a"/>
      </symbol>
      <symbol id="sm-51d">
         <name>_lock</name>
         <value>0x20000ee8</value>
         <object_component_ref idref="oc-bd"/>
      </symbol>
      <symbol id="sm-51e">
         <name>_unlock</name>
         <value>0x20000eec</value>
         <object_component_ref idref="oc-bd"/>
      </symbol>
      <symbol id="sm-51f">
         <name>_register_lock</name>
         <value>0x433b</value>
         <object_component_ref idref="oc-11a"/>
      </symbol>
      <symbol id="sm-520">
         <name>_register_unlock</name>
         <value>0x4335</value>
         <object_component_ref idref="oc-11a"/>
      </symbol>
      <symbol id="sm-627">
         <name>__TI_printfi</name>
         <value>0x1077</value>
         <object_component_ref idref="oc-1e6"/>
      </symbol>
      <symbol id="sm-63b">
         <name>_args_main</name>
         <value>0x42ed</value>
         <object_component_ref idref="oc-6e"/>
      </symbol>
      <symbol id="sm-651">
         <name>atoi</name>
         <value>0x4125</value>
         <object_component_ref idref="oc-277"/>
      </symbol>
      <symbol id="sm-676">
         <name>__TI_auto_init</name>
         <value>0x3e19</value>
         <object_component_ref idref="oc-68"/>
      </symbol>
      <symbol id="sm-690">
         <name>copy_in</name>
         <value>0x4171</value>
         <object_component_ref idref="oc-a4"/>
      </symbol>
      <symbol id="sm-69b">
         <name>_ctypes_</name>
         <value>0x43d8</value>
         <object_component_ref idref="oc-2ba"/>
      </symbol>
      <symbol id="sm-6aa">
         <name>ltoa</name>
         <value>0x4025</value>
         <object_component_ref idref="oc-25f"/>
      </symbol>
      <symbol id="sm-6ba">
         <name>memccpy</name>
         <value>0x42d1</value>
         <object_component_ref idref="oc-271"/>
      </symbol>
      <symbol id="sm-6c4">
         <name>copysign</name>
         <value>0x4349</value>
         <object_component_ref idref="oc-297"/>
      </symbol>
      <symbol id="sm-6c5">
         <name>copysignl</name>
         <value>0x4349</value>
         <object_component_ref idref="oc-297"/>
      </symbol>
      <symbol id="sm-6db">
         <name>frexpl</name>
         <value>0x3f61</value>
         <object_component_ref idref="oc-265"/>
      </symbol>
      <symbol id="sm-6dc">
         <name>frexp</name>
         <value>0x3f61</value>
         <object_component_ref idref="oc-265"/>
      </symbol>
      <symbol id="sm-6e6">
         <name>_system_post_cinit</name>
         <value>0x2dab</value>
         <object_component_ref idref="oc-aa"/>
      </symbol>
      <symbol id="sm-6f6">
         <name>strchr</name>
         <value>0x431d</value>
         <object_component_ref idref="oc-26b"/>
      </symbol>
      <symbol id="sm-704">
         <name>strlen</name>
         <value>0x4371</value>
         <object_component_ref idref="oc-259"/>
      </symbol>
      <symbol id="sm-720">
         <name>__aeabi_uldivmod</name>
         <value>0x2a01</value>
         <object_component_ref idref="oc-254"/>
      </symbol>
      <symbol id="sm-740">
         <name>IntRegister</name>
         <value>0x423d</value>
         <object_component_ref idref="oc-185"/>
      </symbol>
      <symbol id="sm-741">
         <name>g_pfnRAMVectors</name>
         <value>0x20000000</value>
         <object_component_ref idref="oc-22d"/>
      </symbol>
      <symbol id="sm-742">
         <name>IntMasterEnable</name>
         <value>0x4385</value>
         <object_component_ref idref="oc-18b"/>
      </symbol>
      <symbol id="sm-74c">
         <name>CPUcpsie</name>
         <value>0x43b3</value>
         <object_component_ref idref="oc-232"/>
      </symbol>
      <symbol id="sm-74d">
         <name>__TI_static_base__</name>
         <value>0x0</value>
      </symbol>
      <symbol id="sm-750">
         <name>SHT$$INIT_ARRAY$$Limit</name>
         <value>0x0</value>
      </symbol>
      <symbol id="sm-751">
         <name>SHT$$INIT_ARRAY$$Base</name>
         <value>0x0</value>
      </symbol>
   </symbol_table>
   <title>Link successful</title>
</link_info>
