******************************************************************************
                  TI ARM Linker PC v15.12.1                    
******************************************************************************
>> Linked Sun Apr 16 14:53:04 2017

OUTPUT FILE NAME:   <FinalProject.out>
ENTRY POINT SYMBOL: "_c_int00"  address: 000053f5


MEMORY CONFIGURATION

         name            origin    length      used     unused   attr    fill
----------------------  --------  ---------  --------  --------  ----  --------
  FLASH                 00000000   00040000  0000591f  0003a6e1  R  X
  SRAM                  20000000   00008000  00000f27  000070d9  RW X


SEGMENT ALLOCATION MAP

run origin  load origin   length   init length attrs members
----------  ----------- ---------- ----------- ----- -------
00000000    00000000    00005924   00005924    r-x
  00000000    00000000    0000026c   0000026c    r-- .intvecs
  0000026c    0000026c    00005504   00005504    r-x .text
  00005770    00005770    0000014b   0000014b    r-- .const
  000058c0    000058c0    00000064   00000064    r-- .cinit
20000000    20000000    00000f2e   00000000    rw-
  20000000    20000000    0000026c   00000000    rw- .vtable
  2000026c    2000026c    00000800   00000000    rw- .stack
  20000a70    20000a70    00000400   00000000    rw- .sysmem
  20000e70    20000e70    00000081   00000000    rw- .bss
  20000ef4    20000ef4    0000003a   00000000    rw- .data


SECTION ALLOCATION MAP

 output                                  attributes/
section   page    origin      length       input sections
--------  ----  ----------  ----------   ----------------
.intvecs   0    00000000    0000026c     
                  00000000    0000026c     tm4c123gh6pm_startup_ccs.obj (.intvecs)

.text      0    0000026c    00005504     
                  0000026c    00001110     rtsv7M4_T_le_v4SPD16_eabi.lib : _printfi.obj (.text)
                  0000137c    00000a84     open_interface.obj (.text)
                  00001e00    000009ac     rtsv7M4_T_le_v4SPD16_eabi.lib : e_pow.obj (.text)
                  000027ac    00000724     commands.obj (.text)
                  00002ed0    000005c2     helpers.obj (.text)
                  00003492    00000002     rtsv7M4_T_le_v4SPD16_eabi.lib : mpu_init.obj (.text)
                  00003494    000003dc                                   : memory.obj (.text)
                  00003870    000002ec     lcd.obj (.text)
                  00003b5c    00000218     ping.obj (.text)
                  00003d74    000001f4     rtsv7M4_T_le_v4SPD16_eabi.lib : ull_div_t2.obj (.text)
                  00003f68    000001b6                                   : fd_add_t2.obj (.text)
                  0000411e    00000002                                   : startup.obj (.text)
                  00004120    00000178     ir.obj (.text)
                  00004298    00000170     rtsv7M4_T_le_v4SPD16_eabi.lib : e_sqrt.obj (.text)
                  00004408    00000170     servo.obj (.text)
                  00004578    00000158     timer.obj (.text)
                  000046d0    00000136     rtsv7M4_T_le_v4SPD16_eabi.lib : fd_div_t2.obj (.text)
                  00004806    00000002     --HOLE-- [fill = 0]
                  00004808    00000128     uart.obj (.text)
                  00004930    00000124     button.obj (.text)
                  00004a54    000000fc     rtsv7M4_T_le_v4SPD16_eabi.lib : fd_mul_t2.obj (.text)
                  00004b50    000000fc                                   : s_scalbn.obj (.text)
                  00004c4c    000000b4                                   : s_cosf.obj (.text)
                  00004d00    000000ac                                   : s_tanf.obj (.text)
                  00004dac    000000a4                                   : s_sinf.obj (.text)
                  00004e50    0000009c                                   : memcpy_t2.obj (.text)
                  00004eec    00000094                                   : snprintf.obj (.text)
                  00004f80    00000088                                   : vsnprintf.obj (.text)
                  00005008    00000086                                   : fd_cmp_t2.obj (.text:__aeabi_cdcmple)
                  0000508e    00000086                                   : fd_cmp_t2.obj (.text:__aeabi_cdrcmple)
                  00005114    0000007a                                   : memset_t2.obj (.text)
                  0000518e    00000002     --HOLE-- [fill = 0]
                  00005190    00000070                                   : autoinit.obj (.text)
                  00005200    0000006e                                   : fd_tos_t2.obj (.text)
                  0000526e    0000006a                                   : copy_decompress_rle.obj (.text)
                  000052d8    00000064                                   : s_frexp.obj (.text)
                  0000533c    00000060                                   : sprintf.obj (.text)
                  0000539c    00000056                                   : ltoa.obj (.text)
                  000053f2    00000002     --HOLE-- [fill = 0]
                  000053f4    00000054                                   : boot.obj (.text)
                  00005448    00000054                                   : exit.obj (.text)
                  0000549c    0000004c                                   : atoi.obj (.text)
                  000054e8    0000004c                                   : cpy_tbl.obj (.text)
                  00005534    00000048                                   : fd_toi_t2.obj (.text)
                  0000557c    0000003a     main.obj (.text)
                  000055b6    00000038     rtsv7M4_T_le_v4SPD16_eabi.lib : fs_tod_t2.obj (.text)
                  000055ee    00000002     --HOLE-- [fill = 0]
                  000055f0    00000034     driverlib.lib : interrupt.obj (.text:IntRegister)
                  00005624    0000002e     rtsv7M4_T_le_v4SPD16_eabi.lib : i_tofd_t2.obj (.text)
                  00005652    0000001c                                   : memccpy.obj (.text)
                  0000566e    00000018     open_interface.obj (.text:oi_parseInt)
                  00005686    00000002     --HOLE-- [fill = 0]
                  00005688    00000018     rtsv7M4_T_le_v4SPD16_eabi.lib : args_main.obj (.text)
                  000056a0    00000018                                   : strcmp.obj (.text)
                  000056b8    00000016                                   : strchr.obj (.text)
                  000056ce    00000002     --HOLE-- [fill = 0]
                  000056d0    00000014                                   : _lock.obj (.text)
                  000056e4    00000014                                   : s_copysign.obj (.text)
                  000056f8    00000014                                   : strcpy.obj (.text)
                  0000570c    00000014                                   : strlen.obj (.text)
                  00005720    00000010     driverlib.lib : interrupt.obj (.text:IntMasterEnable)
                  00005730    00000010     lcd.obj (.text:lcd_clear)
                  00005740    0000000e     rtsv7M4_T_le_v4SPD16_eabi.lib : copy_decompress_none.obj (.text:decompress:none)
                  0000574e    0000000c     driverlib.lib : cpu.obj (.text:CPUcpsie)
                  0000575a    0000000c     tm4c123gh6pm_startup_ccs.obj (.text)
                  00005766    00000006     rtsv7M4_T_le_v4SPD16_eabi.lib : copy_decompress_rle.obj (.text:decompress:rle24)
                  0000576c    00000004                                   : pre_init.obj (.text)

.const     0    00005770    0000014b     
                  00005770    00000101     rtsv7M4_T_le_v4SPD16_eabi.lib : ctype.obj (.const:.string:_ctypes_)
                  00005871    00000004     lcd.obj (.const:.string:lineAddress$1)
                  00005875    00000003     --HOLE-- [fill = 0]
                  00005878    00000030     rtsv7M4_T_le_v4SPD16_eabi.lib : e_pow.obj (.const:$O1$$)
                  000058a8    0000000f     open_interface.obj (.const:.string:$P$T0$3)
                  000058b7    00000004     lcd.obj (.const:.string:lineAddresses$2)

.cinit     0    000058c0    00000064     
                  000058c0    00000021     (.cinit..data.load) [load image, compression = rle]
                  000058e1    00000007     --HOLE-- [fill = 0]
                  000058e8    0000000b     (.cinit..vtable.load) [load image, compression = rle]
                  000058f3    00000005     --HOLE-- [fill = 0]
                  000058f8    00000009     (.cinit..bss.load) [load image, compression = rle]
                  00005901    00000003     --HOLE-- [fill = 0]
                  00005904    00000008     (__TI_handler_table)
                  0000590c    00000018     (__TI_cinit_table)

.init_array 
*          0    00000000    00000000     UNINITIALIZED

.vtable    0    20000000    0000026c     UNINITIALIZED
                  20000000    0000026c     driverlib.lib : interrupt.obj (.vtable)

.stack     0    2000026c    00000800     UNINITIALIZED
                  2000026c    00000800     --HOLE--

.sysmem    0    20000a70    00000400     UNINITIALIZED
                  20000a70    00000008     rtsv7M4_T_le_v4SPD16_eabi.lib : memory.obj (.sysmem)
                  20000a78    000003f8     --HOLE--

.bss       0    20000e70    00000081     UNINITIALIZED
                  20000e70    00000054     lcd.obj (.bss:lastbuffer$3)
                  20000ec4    00000018     open_interface.obj (.bss:firmware$2)
                  20000edc    00000004     (.common:fallingEdge)
                  20000ee0    00000004     (.common:isr_int_value)
                  20000ee4    00000004     (.common:pulseLength)
                  20000ee8    00000004     (.common:pulse_width)
                  20000eec    00000004     (.common:risingEdge)
                  20000ef0    00000001     (.common:state)

.data      0    20000ef4    0000003a     UNINITIALIZED
                  20000ef4    00000010     open_interface.obj (.data)
                  20000f04    0000000c     rtsv7M4_T_le_v4SPD16_eabi.lib : exit.obj (.data:$O1$$)
                  20000f10    0000000c                                   : memory.obj (.data:$O1$$)
                  20000f1c    00000008                                   : _lock.obj (.data:$O1$$)
                  20000f24    00000004                                   : errno.obj (.data)
                  20000f28    00000004                                   : stkdepth_vars.obj (.data)
                  20000f2c    00000002     button.obj (.data)

MODULE SUMMARY

       Module                         code    ro data   rw data
       ------                         ----    -------   -------
    .\
       open_interface.obj             2716    15        40     
       commands.obj                   1828    0         21     
       helpers.obj                    1474    0         0      
       lcd.obj                        764     8         84     
       tm4c123gh6pm_startup_ccs.obj   12      620       0      
       ping.obj                       536     0         0      
       ir.obj                         376     0         0      
       servo.obj                      368     0         0      
       timer.obj                      344     0         0      
       uart.obj                       296     0         0      
       button.obj                     292     0         2      
       main.obj                       58      0         0      
    +--+------------------------------+-------+---------+---------+
       Total:                         9064    643       147    
                                                               
    C:/ti/TivaWare_C_Series-2.1.2.111/driverlib/ccs/Debug/driverlib.lib
       interrupt.obj                  68      0         620    
       cpu.obj                        12      0         0      
    +--+------------------------------+-------+---------+---------+
       Total:                         80      0         620    
                                                               
    C:\ti\ccsv6\tools\compiler\ti-cgt-arm_15.12.1.LTS\lib\rtsv7M4_T_le_v4SPD16_eabi.lib
       _printfi.obj                   4368    0         0      
       e_pow.obj                      2476    48        0      
       memory.obj                     988     0         12     
       ull_div_t2.obj                 500     0         0      
       fd_add_t2.obj                  438     0         0      
       e_sqrt.obj                     368     0         0      
       fd_div_t2.obj                  310     0         0      
       fd_cmp_t2.obj                  268     0         0      
       ctype.obj                      0       257       0      
       fd_mul_t2.obj                  252     0         0      
       s_scalbn.obj                   252     0         0      
       s_cosf.obj                     180     0         0      
       s_tanf.obj                     172     0         0      
       s_sinf.obj                     164     0         0      
       memcpy_t2.obj                  156     0         0      
       snprintf.obj                   148     0         0      
       vsnprintf.obj                  136     0         0      
       memset_t2.obj                  122     0         0      
       autoinit.obj                   112     0         0      
       copy_decompress_rle.obj        112     0         0      
       fd_tos_t2.obj                  110     0         0      
       s_frexp.obj                    100     0         0      
       exit.obj                       84      0         12     
       sprintf.obj                    96      0         0      
       ltoa.obj                       86      0         0      
       boot.obj                       84      0         0      
       atoi.obj                       76      0         0      
       cpy_tbl.obj                    76      0         0      
       fd_toi_t2.obj                  72      0         0      
       fs_tod_t2.obj                  56      0         0      
       i_tofd_t2.obj                  46      0         0      
       _lock.obj                      20      0         8      
       memccpy.obj                    28      0         0      
       args_main.obj                  24      0         0      
       strcmp.obj                     24      0         0      
       strchr.obj                     22      0         0      
       s_copysign.obj                 20      0         0      
       strcpy.obj                     20      0         0      
       strlen.obj                     20      0         0      
       copy_decompress_none.obj       14      0         0      
       errno.obj                      0       0         4      
       pre_init.obj                   4       0         0      
       stkdepth_vars.obj              0       0         4      
       mpu_init.obj                   2       0         0      
       startup.obj                    2       0         0      
    +--+------------------------------+-------+---------+---------+
       Total:                         12608   305       40     
                                                               
       Heap:                          0       0         1024   
       Stack:                         0       0         2048   
       Linker Generated:              0       85        0      
    +--+------------------------------+-------+---------+---------+
       Grand Total:                   21752   1033      3879   


LINKER GENERATED COPY TABLES

__TI_cinit_table @ 0000590c records: 3, size/record: 8, table size: 24
	.data: load addr=000058c0, load size=00000021 bytes, run addr=20000ef4, run size=0000003a bytes, compression=rle
	.vtable: load addr=000058e8, load size=0000000b bytes, run addr=20000000, run size=0000026c bytes, compression=rle
	.bss: load addr=000058f8, load size=00000009 bytes, run addr=20000e70, run size=00000081 bytes, compression=rle


LINKER GENERATED HANDLER TABLE

__TI_handler_table @ 00005904 records: 2, size/record: 4, table size: 8
	index: 0, handler: __TI_decompress_rle24
	index: 1, handler: __TI_decompress_none


GLOBAL SYMBOLS: SORTED ALPHABETICALLY BY Name 

address   name                           
-------   ----                           
00005449  C$$EXIT                        
0000574f  CPUcpsie                       
00001c6f  GPIOF_Handler                  
00005721  IntMasterEnable                
000055f1  IntRegister                    
0000575b  ResetISR                       
UNDEFED   SHT$$INIT_ARRAY$$Base          
UNDEFED   SHT$$INIT_ARRAY$$Limit         
00003c65  TIMER3B_Handler                
20000a6c  __STACK_END                    
00000800  __STACK_SIZE                   
2000046c  __STACK_TOP                    
00000400  __SYSMEM_SIZE                  
0000590c  __TI_CINIT_Base                
00005924  __TI_CINIT_Limit               
00005904  __TI_Handler_Table_Base        
0000590c  __TI_Handler_Table_Limit       
00005191  __TI_auto_init                 
20000f04  __TI_cleanup_ptr               
00005741  __TI_decompress_none           
00005767  __TI_decompress_rle24          
20000f08  __TI_dtors_ptr                 
20000f0c  __TI_enable_exit_profile_output
ffffffff  __TI_pprof_out_hndl            
00001077  __TI_printfi                   
ffffffff  __TI_prof_data_size            
ffffffff  __TI_prof_data_start           
00000000  __TI_static_base__             
00005009  __aeabi_cdcmpeq                
00005009  __aeabi_cdcmple                
0000508f  __aeabi_cdrcmple               
00005201  __aeabi_d2f                    
00005535  __aeabi_d2iz                   
00003f73  __aeabi_dadd                   
000046d1  __aeabi_ddiv                   
00004a55  __aeabi_dmul                   
00003f69  __aeabi_dsub                   
000055b7  __aeabi_f2d                    
00005625  __aeabi_i2d                    
00005115  __aeabi_memclr                 
00005115  __aeabi_memclr4                
00005115  __aeabi_memclr8                
00004e51  __aeabi_memcpy                 
00004e51  __aeabi_memcpy4                
00004e51  __aeabi_memcpy8                
00005117  __aeabi_memset                 
00005117  __aeabi_memset4                
00005117  __aeabi_memset8                
00003d75  __aeabi_uldivmod               
ffffffff  __binit__                      
ffffffff  __c_args__                     
00003493  __mpu_init                     
2000026c  __stack                        
00005689  _args_main                     
000053f5  _c_int00                       
00005770  _ctypes_                       
20000f1c  _lock                          
000056df  _nop                           
000056d7  _register_lock                 
000056d1  _register_unlock               
20000a70  _sys_memory                    
0000411f  _system_post_cinit             
0000576d  _system_pre_init               
20000f20  _unlock                        
0000544d  abort                          
000031e5  arrayOutput                    
0000549d  atoi                           
ffffffff  binit                          
0000495d  button_checkButtons            
00004967  button_getButton               
000049e7  button_getButtonBlocking       
000049fb  button_getButtonChange         
00004a25  button_getButtonChangeBlocking 
00004931  button_init                    
0000383d  calloc                         
00002c6b  checkBumper                    
00002ca1  checkCliff                     
00002da9  cliffWarning                   
000054e9  copy_in                        
000056e5  copysign                       
000056e5  copysignl                      
00004c4d  cosf                           
20000f24  errno                          
00005455  exit                           
20000edc  fallingEdge                    
0000358b  free                           
000052d9  frexp                          
000052d9  frexpl                         
20000000  g_pfnRAMVectors                
00000000  g_pfnVectors                   
00001c99  getDegrees                     
00001a21  go_charge                      
0000558b  init_All                       
000041c5  ir_getDistance                 
00004121  ir_init                        
00004199  ir_read                        
20000ee0  isr_int_value                  
00005731  lcd_clear                      
00003a09  lcd_gotoLine                   
00003871  lcd_init                       
00003a6f  lcd_printf                     
00003931  lcd_putc                       
00003969  lcd_puts                       
00003987  lcd_sendCommand                
000039c5  lcd_sendNibble                 
00003a31  lcd_setCursorPos               
00004b51  ldexp                          
00004b51  ldexpl                         
0000539d  ltoa                           
0000557d  main                           
20000f28  main_func_sp                   
00003523  malloc                         
00003759  memalign                       
00005653  memccpy                        
00004e51  memcpy                         
0000511d  memset                         
00003495  minit                          
00002bc9  move_backwards                 
00002a31  move_forward                   
000029a3  move_roomba                    
000044cd  move_servo                     
0000329d  objectDataOutput               
0000137d  oi_alloc                       
00001b4b  oi_checkFirmware               
000013d3  oi_close                       
00001389  oi_free                        
000013bd  oi_init                        
00001399  oi_init_noupdate               
000019b7  oi_loadSong                    
0000566f  oi_parseInt                    
00001437  oi_parsePacket                 
00001a0d  oi_play_song                   
00001931  oi_setLeds                     
00001975  oi_setWheels                   
00001bfd  oi_shutoff_init                
00001a2f  oi_uartInit                    
00001ad3  oi_uartReceive                 
00001b19  oi_uartSendBuff                
00001ab7  oi_uartSendChar                
00001afb  oi_uartSendStr                 
000013e5  oi_update                      
00003cc5  ping_getDistance               
00003b5d  ping_init                      
00002ed1  polar2Cart                     
00001e01  pow                            
00001e01  powl                           
20000ee4  pulseLength                    
20000ee8  pulse_width                    
0000364d  realloc                        
20000eec  risingEdge                     
00004b51  scalbn                         
00004b51  scalbnl                        
00003bfb  send_pulse                     
00004409  servo_init                     
00002ff9  setObjectData                  
00004dad  sinf                           
00004eed  snprintf                       
0000533d  sprintf                        
00004299  sqrt                           
00004299  sqrtl                          
20000ef0  state                          
000056b9  strchr                         
000056a1  strcmp                         
000056f9  strcpy                         
0000570d  strlen                         
000027ad  sweep                          
00004d01  tanf                           
00004689  timer_getClock                 
0000463d  timer_startClock               
000045d7  timer_startTimer               
0000468f  timer_stopClock                
00004627  timer_stopTimer                
000045ad  timer_waitMicros               
00004579  timer_waitMillis               
00002c41  turn_clockwise                 
00002c17  turn_counterClockwise          
00004875  uart_init                      
0000484f  uart_receive                   
00004833  uart_sendChar                  
00004809  uart_sendStr                   
00004f81  vsnprintf                      


GLOBAL SYMBOLS: SORTED BY Symbol Address 

address   name                           
-------   ----                           
00000000  __TI_static_base__             
00000000  g_pfnVectors                   
00000400  __SYSMEM_SIZE                  
00000800  __STACK_SIZE                   
00001077  __TI_printfi                   
0000137d  oi_alloc                       
00001389  oi_free                        
00001399  oi_init_noupdate               
000013bd  oi_init                        
000013d3  oi_close                       
000013e5  oi_update                      
00001437  oi_parsePacket                 
00001931  oi_setLeds                     
00001975  oi_setWheels                   
000019b7  oi_loadSong                    
00001a0d  oi_play_song                   
00001a21  go_charge                      
00001a2f  oi_uartInit                    
00001ab7  oi_uartSendChar                
00001ad3  oi_uartReceive                 
00001afb  oi_uartSendStr                 
00001b19  oi_uartSendBuff                
00001b4b  oi_checkFirmware               
00001bfd  oi_shutoff_init                
00001c6f  GPIOF_Handler                  
00001c99  getDegrees                     
00001e01  pow                            
00001e01  powl                           
000027ad  sweep                          
000029a3  move_roomba                    
00002a31  move_forward                   
00002bc9  move_backwards                 
00002c17  turn_counterClockwise          
00002c41  turn_clockwise                 
00002c6b  checkBumper                    
00002ca1  checkCliff                     
00002da9  cliffWarning                   
00002ed1  polar2Cart                     
00002ff9  setObjectData                  
000031e5  arrayOutput                    
0000329d  objectDataOutput               
00003493  __mpu_init                     
00003495  minit                          
00003523  malloc                         
0000358b  free                           
0000364d  realloc                        
00003759  memalign                       
0000383d  calloc                         
00003871  lcd_init                       
00003931  lcd_putc                       
00003969  lcd_puts                       
00003987  lcd_sendCommand                
000039c5  lcd_sendNibble                 
00003a09  lcd_gotoLine                   
00003a31  lcd_setCursorPos               
00003a6f  lcd_printf                     
00003b5d  ping_init                      
00003bfb  send_pulse                     
00003c65  TIMER3B_Handler                
00003cc5  ping_getDistance               
00003d75  __aeabi_uldivmod               
00003f69  __aeabi_dsub                   
00003f73  __aeabi_dadd                   
0000411f  _system_post_cinit             
00004121  ir_init                        
00004199  ir_read                        
000041c5  ir_getDistance                 
00004299  sqrt                           
00004299  sqrtl                          
00004409  servo_init                     
000044cd  move_servo                     
00004579  timer_waitMillis               
000045ad  timer_waitMicros               
000045d7  timer_startTimer               
00004627  timer_stopTimer                
0000463d  timer_startClock               
00004689  timer_getClock                 
0000468f  timer_stopClock                
000046d1  __aeabi_ddiv                   
00004809  uart_sendStr                   
00004833  uart_sendChar                  
0000484f  uart_receive                   
00004875  uart_init                      
00004931  button_init                    
0000495d  button_checkButtons            
00004967  button_getButton               
000049e7  button_getButtonBlocking       
000049fb  button_getButtonChange         
00004a25  button_getButtonChangeBlocking 
00004a55  __aeabi_dmul                   
00004b51  ldexp                          
00004b51  ldexpl                         
00004b51  scalbn                         
00004b51  scalbnl                        
00004c4d  cosf                           
00004d01  tanf                           
00004dad  sinf                           
00004e51  __aeabi_memcpy                 
00004e51  __aeabi_memcpy4                
00004e51  __aeabi_memcpy8                
00004e51  memcpy                         
00004eed  snprintf                       
00004f81  vsnprintf                      
00005009  __aeabi_cdcmpeq                
00005009  __aeabi_cdcmple                
0000508f  __aeabi_cdrcmple               
00005115  __aeabi_memclr                 
00005115  __aeabi_memclr4                
00005115  __aeabi_memclr8                
00005117  __aeabi_memset                 
00005117  __aeabi_memset4                
00005117  __aeabi_memset8                
0000511d  memset                         
00005191  __TI_auto_init                 
00005201  __aeabi_d2f                    
000052d9  frexp                          
000052d9  frexpl                         
0000533d  sprintf                        
0000539d  ltoa                           
000053f5  _c_int00                       
00005449  C$$EXIT                        
0000544d  abort                          
00005455  exit                           
0000549d  atoi                           
000054e9  copy_in                        
00005535  __aeabi_d2iz                   
0000557d  main                           
0000558b  init_All                       
000055b7  __aeabi_f2d                    
000055f1  IntRegister                    
00005625  __aeabi_i2d                    
00005653  memccpy                        
0000566f  oi_parseInt                    
00005689  _args_main                     
000056a1  strcmp                         
000056b9  strchr                         
000056d1  _register_unlock               
000056d7  _register_lock                 
000056df  _nop                           
000056e5  copysign                       
000056e5  copysignl                      
000056f9  strcpy                         
0000570d  strlen                         
00005721  IntMasterEnable                
00005731  lcd_clear                      
00005741  __TI_decompress_none           
0000574f  CPUcpsie                       
0000575b  ResetISR                       
00005767  __TI_decompress_rle24          
0000576d  _system_pre_init               
00005770  _ctypes_                       
00005904  __TI_Handler_Table_Base        
0000590c  __TI_CINIT_Base                
0000590c  __TI_Handler_Table_Limit       
00005924  __TI_CINIT_Limit               
20000000  g_pfnRAMVectors                
2000026c  __stack                        
2000046c  __STACK_TOP                    
20000a6c  __STACK_END                    
20000a70  _sys_memory                    
20000edc  fallingEdge                    
20000ee0  isr_int_value                  
20000ee4  pulseLength                    
20000ee8  pulse_width                    
20000eec  risingEdge                     
20000ef0  state                          
20000f04  __TI_cleanup_ptr               
20000f08  __TI_dtors_ptr                 
20000f0c  __TI_enable_exit_profile_output
20000f1c  _lock                          
20000f20  _unlock                        
20000f24  errno                          
20000f28  main_func_sp                   
ffffffff  __TI_pprof_out_hndl            
ffffffff  __TI_prof_data_size            
ffffffff  __TI_prof_data_start           
ffffffff  __binit__                      
ffffffff  __c_args__                     
ffffffff  binit                          
UNDEFED   SHT$$INIT_ARRAY$$Base          
UNDEFED   SHT$$INIT_ARRAY$$Limit         

[181 symbols]
