<?xml version="1.0"?>
<link_info>
   <banner>TI ARM Linker PC v16.9.1.LTS</banner>
   <copyright>Copyright (c) 1996-2015 Texas Instruments Incorporated</copyright>
   <link_time>0x58f28af5</link_time>
   <link_errors>0x0</link_errors>
   <output_file>FinalProject.out</output_file>
   <entry_point>
      <name>_c_int00</name>
      <address>0x4925</address>
   </entry_point>
   <input_file_list>
      <input_file id="fl-2">
         <path>.\</path>
         <kind>object</kind>
         <file>WiFi.obj</file>
         <name>WiFi.obj</name>
      </input_file>
      <input_file id="fl-3">
         <path>.\</path>
         <kind>object</kind>
         <file>button.obj</file>
         <name>button.obj</name>
      </input_file>
      <input_file id="fl-4">
         <path>.\</path>
         <kind>object</kind>
         <file>ir.obj</file>
         <name>ir.obj</name>
      </input_file>
      <input_file id="fl-5">
         <path>.\</path>
         <kind>object</kind>
         <file>lcd.obj</file>
         <name>lcd.obj</name>
      </input_file>
      <input_file id="fl-6">
         <path>.\</path>
         <kind>object</kind>
         <file>main.obj</file>
         <name>main.obj</name>
      </input_file>
      <input_file id="fl-7">
         <path>.\</path>
         <kind>object</kind>
         <file>open_interface.obj</file>
         <name>open_interface.obj</name>
      </input_file>
      <input_file id="fl-8">
         <path>.\</path>
         <kind>object</kind>
         <file>ping.obj</file>
         <name>ping.obj</name>
      </input_file>
      <input_file id="fl-9">
         <path>.\</path>
         <kind>object</kind>
         <file>servo.obj</file>
         <name>servo.obj</name>
      </input_file>
      <input_file id="fl-a">
         <path>.\</path>
         <kind>object</kind>
         <file>timer.obj</file>
         <name>timer.obj</name>
      </input_file>
      <input_file id="fl-b">
         <path>.\</path>
         <kind>object</kind>
         <file>tm4c123gh6pm_startup_ccs.obj</file>
         <name>tm4c123gh6pm_startup_ccs.obj</name>
      </input_file>
      <input_file id="fl-c">
         <path>.\</path>
         <kind>object</kind>
         <file>uart.obj</file>
         <name>uart.obj</name>
      </input_file>
      <input_file id="fl-c7">
         <path>C:\ti\ccsv7\tools\compiler\ti-cgt-arm_16.9.1.LTS\lib\</path>
         <kind>archive</kind>
         <file>rtsv7M4_T_le_v4SPD16_eabi.lib</file>
         <name>boot.obj</name>
      </input_file>
      <input_file id="fl-c8">
         <path>C:\ti\ccsv7\tools\compiler\ti-cgt-arm_16.9.1.LTS\lib\</path>
         <kind>archive</kind>
         <file>rtsv7M4_T_le_v4SPD16_eabi.lib</file>
         <name>copy_decompress_lzss.obj</name>
      </input_file>
      <input_file id="fl-c9">
         <path>C:\ti\ccsv7\tools\compiler\ti-cgt-arm_16.9.1.LTS\lib\</path>
         <kind>archive</kind>
         <file>rtsv7M4_T_le_v4SPD16_eabi.lib</file>
         <name>copy_decompress_none.obj</name>
      </input_file>
      <input_file id="fl-ca">
         <path>C:\ti\ccsv7\tools\compiler\ti-cgt-arm_16.9.1.LTS\lib\</path>
         <kind>archive</kind>
         <file>rtsv7M4_T_le_v4SPD16_eabi.lib</file>
         <name>copy_zero_init.obj</name>
      </input_file>
      <input_file id="fl-cb">
         <path>C:\ti\ccsv7\tools\compiler\ti-cgt-arm_16.9.1.LTS\lib\</path>
         <kind>archive</kind>
         <file>rtsv7M4_T_le_v4SPD16_eabi.lib</file>
         <name>e_pow.obj</name>
      </input_file>
      <input_file id="fl-cc">
         <path>C:\ti\ccsv7\tools\compiler\ti-cgt-arm_16.9.1.LTS\lib\</path>
         <kind>archive</kind>
         <file>rtsv7M4_T_le_v4SPD16_eabi.lib</file>
         <name>e_sqrt.obj</name>
      </input_file>
      <input_file id="fl-cd">
         <path>C:\ti\ccsv7\tools\compiler\ti-cgt-arm_16.9.1.LTS\lib\</path>
         <kind>archive</kind>
         <file>rtsv7M4_T_le_v4SPD16_eabi.lib</file>
         <name>errno.obj</name>
      </input_file>
      <input_file id="fl-ce">
         <path>C:\ti\ccsv7\tools\compiler\ti-cgt-arm_16.9.1.LTS\lib\</path>
         <kind>archive</kind>
         <file>rtsv7M4_T_le_v4SPD16_eabi.lib</file>
         <name>exit.obj</name>
      </input_file>
      <input_file id="fl-cf">
         <path>C:\ti\ccsv7\tools\compiler\ti-cgt-arm_16.9.1.LTS\lib\</path>
         <kind>archive</kind>
         <file>rtsv7M4_T_le_v4SPD16_eabi.lib</file>
         <name>fd_add_t2.obj</name>
      </input_file>
      <input_file id="fl-d0">
         <path>C:\ti\ccsv7\tools\compiler\ti-cgt-arm_16.9.1.LTS\lib\</path>
         <kind>archive</kind>
         <file>rtsv7M4_T_le_v4SPD16_eabi.lib</file>
         <name>fd_cmp_t2.obj</name>
      </input_file>
      <input_file id="fl-d1">
         <path>C:\ti\ccsv7\tools\compiler\ti-cgt-arm_16.9.1.LTS\lib\</path>
         <kind>archive</kind>
         <file>rtsv7M4_T_le_v4SPD16_eabi.lib</file>
         <name>fd_div_t2.obj</name>
      </input_file>
      <input_file id="fl-d2">
         <path>C:\ti\ccsv7\tools\compiler\ti-cgt-arm_16.9.1.LTS\lib\</path>
         <kind>archive</kind>
         <file>rtsv7M4_T_le_v4SPD16_eabi.lib</file>
         <name>fd_mul_t2.obj</name>
      </input_file>
      <input_file id="fl-d3">
         <path>C:\ti\ccsv7\tools\compiler\ti-cgt-arm_16.9.1.LTS\lib\</path>
         <kind>archive</kind>
         <file>rtsv7M4_T_le_v4SPD16_eabi.lib</file>
         <name>fd_toi_t2.obj</name>
      </input_file>
      <input_file id="fl-d4">
         <path>C:\ti\ccsv7\tools\compiler\ti-cgt-arm_16.9.1.LTS\lib\</path>
         <kind>archive</kind>
         <file>rtsv7M4_T_le_v4SPD16_eabi.lib</file>
         <name>fd_tos_t2.obj</name>
      </input_file>
      <input_file id="fl-d5">
         <path>C:\ti\ccsv7\tools\compiler\ti-cgt-arm_16.9.1.LTS\lib\</path>
         <kind>archive</kind>
         <file>rtsv7M4_T_le_v4SPD16_eabi.lib</file>
         <name>i_tofd_t2.obj</name>
      </input_file>
      <input_file id="fl-d6">
         <path>C:\ti\ccsv7\tools\compiler\ti-cgt-arm_16.9.1.LTS\lib\</path>
         <kind>archive</kind>
         <file>rtsv7M4_T_le_v4SPD16_eabi.lib</file>
         <name>memcpy_t2.obj</name>
      </input_file>
      <input_file id="fl-d7">
         <path>C:\ti\ccsv7\tools\compiler\ti-cgt-arm_16.9.1.LTS\lib\</path>
         <kind>archive</kind>
         <file>rtsv7M4_T_le_v4SPD16_eabi.lib</file>
         <name>memory.obj</name>
      </input_file>
      <input_file id="fl-d8">
         <path>C:\ti\ccsv7\tools\compiler\ti-cgt-arm_16.9.1.LTS\lib\</path>
         <kind>archive</kind>
         <file>rtsv7M4_T_le_v4SPD16_eabi.lib</file>
         <name>memset_t2.obj</name>
      </input_file>
      <input_file id="fl-d9">
         <path>C:\ti\ccsv7\tools\compiler\ti-cgt-arm_16.9.1.LTS\lib\</path>
         <kind>archive</kind>
         <file>rtsv7M4_T_le_v4SPD16_eabi.lib</file>
         <name>mpu_init.obj</name>
      </input_file>
      <input_file id="fl-da">
         <path>C:\ti\ccsv7\tools\compiler\ti-cgt-arm_16.9.1.LTS\lib\</path>
         <kind>archive</kind>
         <file>rtsv7M4_T_le_v4SPD16_eabi.lib</file>
         <name>pre_init.obj</name>
      </input_file>
      <input_file id="fl-db">
         <path>C:\ti\ccsv7\tools\compiler\ti-cgt-arm_16.9.1.LTS\lib\</path>
         <kind>archive</kind>
         <file>rtsv7M4_T_le_v4SPD16_eabi.lib</file>
         <name>s_scalbn.obj</name>
      </input_file>
      <input_file id="fl-dc">
         <path>C:\ti\ccsv7\tools\compiler\ti-cgt-arm_16.9.1.LTS\lib\</path>
         <kind>archive</kind>
         <file>rtsv7M4_T_le_v4SPD16_eabi.lib</file>
         <name>stkdepth_vars.obj</name>
      </input_file>
      <input_file id="fl-dd">
         <path>C:\ti\ccsv7\tools\compiler\ti-cgt-arm_16.9.1.LTS\lib\</path>
         <kind>archive</kind>
         <file>rtsv7M4_T_le_v4SPD16_eabi.lib</file>
         <name>strcmp.obj</name>
      </input_file>
      <input_file id="fl-de">
         <path>C:\ti\ccsv7\tools\compiler\ti-cgt-arm_16.9.1.LTS\lib\</path>
         <kind>archive</kind>
         <file>rtsv7M4_T_le_v4SPD16_eabi.lib</file>
         <name>strcpy.obj</name>
      </input_file>
      <input_file id="fl-df">
         <path>C:\ti\ccsv7\tools\compiler\ti-cgt-arm_16.9.1.LTS\lib\</path>
         <kind>archive</kind>
         <file>rtsv7M4_T_le_v4SPD16_eabi.lib</file>
         <name>vsnprintf.obj</name>
      </input_file>
      <input_file id="fl-e0">
         <path>C:\ti\ccsv7\tools\compiler\ti-cgt-arm_16.9.1.LTS\lib\</path>
         <kind>archive</kind>
         <file>rtsv7M4_T_le_v4SPD16_eabi.lib</file>
         <name>_lock.obj</name>
      </input_file>
      <input_file id="fl-e1">
         <path>C:\ti\ccsv7\tools\compiler\ti-cgt-arm_16.9.1.LTS\lib\</path>
         <kind>archive</kind>
         <file>rtsv7M4_T_le_v4SPD16_eabi.lib</file>
         <name>_printfi.obj</name>
      </input_file>
      <input_file id="fl-e2">
         <path>C:\ti\ccsv7\tools\compiler\ti-cgt-arm_16.9.1.LTS\lib\</path>
         <kind>archive</kind>
         <file>rtsv7M4_T_le_v4SPD16_eabi.lib</file>
         <name>args_main.obj</name>
      </input_file>
      <input_file id="fl-e3">
         <path>C:\ti\ccsv7\tools\compiler\ti-cgt-arm_16.9.1.LTS\lib\</path>
         <kind>archive</kind>
         <file>rtsv7M4_T_le_v4SPD16_eabi.lib</file>
         <name>atoi.obj</name>
      </input_file>
      <input_file id="fl-e4">
         <path>C:\ti\ccsv7\tools\compiler\ti-cgt-arm_16.9.1.LTS\lib\</path>
         <kind>archive</kind>
         <file>rtsv7M4_T_le_v4SPD16_eabi.lib</file>
         <name>autoinit.obj</name>
      </input_file>
      <input_file id="fl-e5">
         <path>C:\ti\ccsv7\tools\compiler\ti-cgt-arm_16.9.1.LTS\lib\</path>
         <kind>archive</kind>
         <file>rtsv7M4_T_le_v4SPD16_eabi.lib</file>
         <name>cpy_tbl.obj</name>
      </input_file>
      <input_file id="fl-e6">
         <path>C:\ti\ccsv7\tools\compiler\ti-cgt-arm_16.9.1.LTS\lib\</path>
         <kind>archive</kind>
         <file>rtsv7M4_T_le_v4SPD16_eabi.lib</file>
         <name>ctype.obj</name>
      </input_file>
      <input_file id="fl-e7">
         <path>C:\ti\ccsv7\tools\compiler\ti-cgt-arm_16.9.1.LTS\lib\</path>
         <kind>archive</kind>
         <file>rtsv7M4_T_le_v4SPD16_eabi.lib</file>
         <name>ltoa.obj</name>
      </input_file>
      <input_file id="fl-e8">
         <path>C:\ti\ccsv7\tools\compiler\ti-cgt-arm_16.9.1.LTS\lib\</path>
         <kind>archive</kind>
         <file>rtsv7M4_T_le_v4SPD16_eabi.lib</file>
         <name>memccpy.obj</name>
      </input_file>
      <input_file id="fl-e9">
         <path>C:\ti\ccsv7\tools\compiler\ti-cgt-arm_16.9.1.LTS\lib\</path>
         <kind>archive</kind>
         <file>rtsv7M4_T_le_v4SPD16_eabi.lib</file>
         <name>s_copysign.obj</name>
      </input_file>
      <input_file id="fl-ea">
         <path>C:\ti\ccsv7\tools\compiler\ti-cgt-arm_16.9.1.LTS\lib\</path>
         <kind>archive</kind>
         <file>rtsv7M4_T_le_v4SPD16_eabi.lib</file>
         <name>s_frexp.obj</name>
      </input_file>
      <input_file id="fl-eb">
         <path>C:\ti\ccsv7\tools\compiler\ti-cgt-arm_16.9.1.LTS\lib\</path>
         <kind>archive</kind>
         <file>rtsv7M4_T_le_v4SPD16_eabi.lib</file>
         <name>startup.obj</name>
      </input_file>
      <input_file id="fl-ec">
         <path>C:\ti\ccsv7\tools\compiler\ti-cgt-arm_16.9.1.LTS\lib\</path>
         <kind>archive</kind>
         <file>rtsv7M4_T_le_v4SPD16_eabi.lib</file>
         <name>strchr.obj</name>
      </input_file>
      <input_file id="fl-ed">
         <path>C:\ti\ccsv7\tools\compiler\ti-cgt-arm_16.9.1.LTS\lib\</path>
         <kind>archive</kind>
         <file>rtsv7M4_T_le_v4SPD16_eabi.lib</file>
         <name>strlen.obj</name>
      </input_file>
      <input_file id="fl-ee">
         <path>C:\ti\ccsv7\tools\compiler\ti-cgt-arm_16.9.1.LTS\lib\</path>
         <kind>archive</kind>
         <file>rtsv7M4_T_le_v4SPD16_eabi.lib</file>
         <name>ull_div_t2.obj</name>
      </input_file>
      <input_file id="fl-ef">
         <path>C:\ti\TivaWare_C_Series-2.1.2.111\driverlib\ccs\Debug\</path>
         <kind>archive</kind>
         <file>driverlib.lib</file>
         <name>interrupt.obj</name>
      </input_file>
      <input_file id="fl-f0">
         <path>C:\ti\TivaWare_C_Series-2.1.2.111\driverlib\ccs\Debug\</path>
         <kind>archive</kind>
         <file>driverlib.lib</file>
         <name>cpu.obj</name>
      </input_file>
   </input_file_list>
   <object_component_list>
      <object_component id="oc-f">
         <name>.intvecs</name>
         <load_address>0x0</load_address>
         <run_address>0x0</run_address>
         <size>0x26c</size>
         <input_file_ref idref="fl-b"/>
      </object_component>
      <object_component id="oc-1e8">
         <name>.text</name>
         <load_address>0x26c</load_address>
         <run_address>0x26c</run_address>
         <size>0x113e</size>
         <input_file_ref idref="fl-e1"/>
      </object_component>
      <object_component id="oc-5a">
         <name>.text</name>
         <load_address>0x13aa</load_address>
         <run_address>0x13aa</run_address>
         <size>0x2</size>
         <input_file_ref idref="fl-d9"/>
      </object_component>
      <object_component id="oc-de">
         <name>.text</name>
         <load_address>0x13ac</load_address>
         <run_address>0x13ac</run_address>
         <size>0xa84</size>
         <input_file_ref idref="fl-7"/>
      </object_component>
      <object_component id="oc-18f">
         <name>.text</name>
         <load_address>0x1e30</load_address>
         <run_address>0x1e30</run_address>
         <size>0x9ac</size>
         <input_file_ref idref="fl-cb"/>
      </object_component>
      <object_component id="oc-ae">
         <name>.text</name>
         <load_address>0x27dc</load_address>
         <run_address>0x27dc</run_address>
         <size>0x548</size>
         <input_file_ref idref="fl-6"/>
      </object_component>
      <object_component id="oc-132">
         <name>.text</name>
         <load_address>0x2d24</load_address>
         <run_address>0x2d24</run_address>
         <size>0x3d0</size>
         <input_file_ref idref="fl-d7"/>
      </object_component>
      <object_component id="oc-ea">
         <name>.text</name>
         <load_address>0x30f4</load_address>
         <run_address>0x30f4</run_address>
         <size>0x2ec</size>
         <input_file_ref idref="fl-5"/>
      </object_component>
      <object_component id="oc-fc">
         <name>.text</name>
         <load_address>0x33e0</load_address>
         <run_address>0x33e0</run_address>
         <size>0x218</size>
         <input_file_ref idref="fl-8"/>
      </object_component>
      <object_component id="oc-235">
         <name>.text</name>
         <load_address>0x35f8</load_address>
         <run_address>0x35f8</run_address>
         <size>0x1f4</size>
         <input_file_ref idref="fl-ee"/>
      </object_component>
      <object_component id="oc-1aa">
         <name>.text</name>
         <load_address>0x37ec</load_address>
         <run_address>0x37ec</run_address>
         <size>0x1b6</size>
         <input_file_ref idref="fl-cf"/>
      </object_component>
      <object_component id="oc-a6">
         <name>.text</name>
         <load_address>0x39a2</load_address>
         <run_address>0x39a2</run_address>
         <size>0x2</size>
         <input_file_ref idref="fl-eb"/>
      </object_component>
      <object_component id="oc-f6">
         <name>.text</name>
         <load_address>0x39a4</load_address>
         <run_address>0x39a4</run_address>
         <size>0x174</size>
         <input_file_ref idref="fl-4"/>
      </object_component>
      <object_component id="oc-200">
         <name>.text</name>
         <load_address>0x3b18</load_address>
         <run_address>0x3b18</run_address>
         <size>0x170</size>
         <input_file_ref idref="fl-cc"/>
      </object_component>
      <object_component id="oc-102">
         <name>.text</name>
         <load_address>0x3c88</load_address>
         <run_address>0x3c88</run_address>
         <size>0x170</size>
         <input_file_ref idref="fl-9"/>
      </object_component>
      <object_component id="oc-108">
         <name>.text</name>
         <load_address>0x3df8</load_address>
         <run_address>0x3df8</run_address>
         <size>0x158</size>
         <input_file_ref idref="fl-a"/>
      </object_component>
      <object_component id="oc-160">
         <name>.text</name>
         <load_address>0x3f50</load_address>
         <run_address>0x3f50</run_address>
         <size>0x136</size>
         <input_file_ref idref="fl-d1"/>
      </object_component>
      <object_component id="oc-e4">
         <name>.text</name>
         <load_address>0x4088</load_address>
         <run_address>0x4088</run_address>
         <size>0x128</size>
         <input_file_ref idref="fl-c"/>
      </object_component>
      <object_component id="oc-f0">
         <name>.text</name>
         <load_address>0x41b0</load_address>
         <run_address>0x41b0</run_address>
         <size>0x124</size>
         <input_file_ref idref="fl-3"/>
      </object_component>
      <object_component id="oc-156">
         <name>.text</name>
         <load_address>0x42d4</load_address>
         <run_address>0x42d4</run_address>
         <size>0xfc</size>
         <input_file_ref idref="fl-d2"/>
      </object_component>
      <object_component id="oc-216">
         <name>.text</name>
         <load_address>0x43d0</load_address>
         <run_address>0x43d0</run_address>
         <size>0xfc</size>
         <input_file_ref idref="fl-db"/>
      </object_component>
      <object_component id="oc-42">
         <name>.text</name>
         <load_address>0x44cc</load_address>
         <run_address>0x44cc</run_address>
         <size>0x9c</size>
         <input_file_ref idref="fl-d6"/>
      </object_component>
      <object_component id="oc-175">
         <name>.text</name>
         <load_address>0x4568</load_address>
         <run_address>0x4568</run_address>
         <size>0x88</size>
         <input_file_ref idref="fl-df"/>
      </object_component>
      <object_component id="oc-20c">
         <name>.text:__aeabi_cdcmple</name>
         <load_address>0x45f0</load_address>
         <run_address>0x45f0</run_address>
         <size>0x86</size>
         <input_file_ref idref="fl-d0"/>
      </object_component>
      <object_component id="oc-211">
         <name>.text:__aeabi_cdrcmple</name>
         <load_address>0x4676</load_address>
         <run_address>0x4676</run_address>
         <size>0x86</size>
         <input_file_ref idref="fl-d0"/>
      </object_component>
      <object_component id="oc-4e">
         <name>.text</name>
         <load_address>0x46fc</load_address>
         <run_address>0x46fc</run_address>
         <size>0x7a</size>
         <input_file_ref idref="fl-d8"/>
      </object_component>
      <object_component id="oc-66">
         <name>.text</name>
         <load_address>0x4778</load_address>
         <run_address>0x4778</run_address>
         <size>0x70</size>
         <input_file_ref idref="fl-e4"/>
      </object_component>
      <object_component id="oc-195">
         <name>.text</name>
         <load_address>0x47e8</load_address>
         <run_address>0x47e8</run_address>
         <size>0x6e</size>
         <input_file_ref idref="fl-d4"/>
      </object_component>
      <object_component id="oc-12">
         <name>.text:decompress:lzss</name>
         <load_address>0x4856</load_address>
         <run_address>0x4856</run_address>
         <size>0x68</size>
         <input_file_ref idref="fl-c8"/>
      </object_component>
      <object_component id="oc-246">
         <name>.text</name>
         <load_address>0x48c0</load_address>
         <run_address>0x48c0</run_address>
         <size>0x64</size>
         <input_file_ref idref="fl-ea"/>
      </object_component>
      <object_component id="oc-24">
         <name>.text</name>
         <load_address>0x4924</load_address>
         <run_address>0x4924</run_address>
         <size>0x54</size>
         <input_file_ref idref="fl-c7"/>
      </object_component>
      <object_component id="oc-72">
         <name>.text</name>
         <load_address>0x4978</load_address>
         <run_address>0x4978</run_address>
         <size>0x54</size>
         <input_file_ref idref="fl-ce"/>
      </object_component>
      <object_component id="oc-240">
         <name>.text</name>
         <load_address>0x49cc</load_address>
         <run_address>0x49cc</run_address>
         <size>0x54</size>
         <input_file_ref idref="fl-e7"/>
      </object_component>
      <object_component id="oc-252">
         <name>.text</name>
         <load_address>0x4a20</load_address>
         <run_address>0x4a20</run_address>
         <size>0x4c</size>
         <input_file_ref idref="fl-e3"/>
      </object_component>
      <object_component id="oc-a0">
         <name>.text</name>
         <load_address>0x4a6c</load_address>
         <run_address>0x4a6c</run_address>
         <size>0x4c</size>
         <input_file_ref idref="fl-e5"/>
      </object_component>
      <object_component id="oc-15b">
         <name>.text</name>
         <load_address>0x4ab8</load_address>
         <run_address>0x4ab8</run_address>
         <size>0x48</size>
         <input_file_ref idref="fl-d3"/>
      </object_component>
      <object_component id="oc-145">
         <name>.text:IntRegister</name>
         <load_address>0x4b00</load_address>
         <run_address>0x4b00</run_address>
         <size>0x34</size>
         <input_file_ref idref="fl-ef"/>
      </object_component>
      <object_component id="oc-151">
         <name>.text</name>
         <load_address>0x4b34</load_address>
         <run_address>0x4b34</run_address>
         <size>0x2e</size>
         <input_file_ref idref="fl-d5"/>
      </object_component>
      <object_component id="oc-258">
         <name>.text</name>
         <load_address>0x4b62</load_address>
         <run_address>0x4b62</run_address>
         <size>0x1c</size>
         <input_file_ref idref="fl-e8"/>
      </object_component>
      <object_component id="oc-138">
         <name>.text:oi_parseInt</name>
         <load_address>0x4b7e</load_address>
         <run_address>0x4b7e</run_address>
         <size>0x18</size>
         <input_file_ref idref="fl-7"/>
      </object_component>
      <object_component id="oc-6c">
         <name>.text</name>
         <load_address>0x4b98</load_address>
         <run_address>0x4b98</run_address>
         <size>0x18</size>
         <input_file_ref idref="fl-e2"/>
      </object_component>
      <object_component id="oc-13f">
         <name>.text</name>
         <load_address>0x4bb0</load_address>
         <run_address>0x4bb0</run_address>
         <size>0x18</size>
         <input_file_ref idref="fl-dd"/>
      </object_component>
      <object_component id="oc-24c">
         <name>.text</name>
         <load_address>0x4bc8</load_address>
         <run_address>0x4bc8</run_address>
         <size>0x16</size>
         <input_file_ref idref="fl-ec"/>
      </object_component>
      <object_component id="oc-11a">
         <name>.text</name>
         <load_address>0x4be0</load_address>
         <run_address>0x4be0</run_address>
         <size>0x14</size>
         <input_file_ref idref="fl-e0"/>
      </object_component>
      <object_component id="oc-276">
         <name>.text</name>
         <load_address>0x4bf4</load_address>
         <run_address>0x4bf4</run_address>
         <size>0x14</size>
         <input_file_ref idref="fl-e9"/>
      </object_component>
      <object_component id="oc-17b">
         <name>.text</name>
         <load_address>0x4c08</load_address>
         <run_address>0x4c08</run_address>
         <size>0x14</size>
         <input_file_ref idref="fl-de"/>
      </object_component>
      <object_component id="oc-23a">
         <name>.text</name>
         <load_address>0x4c1c</load_address>
         <run_address>0x4c1c</run_address>
         <size>0x14</size>
         <input_file_ref idref="fl-ed"/>
      </object_component>
      <object_component id="oc-14b">
         <name>.text:IntMasterEnable</name>
         <load_address>0x4c30</load_address>
         <run_address>0x4c30</run_address>
         <size>0x10</size>
         <input_file_ref idref="fl-ef"/>
      </object_component>
      <object_component id="oc-16e">
         <name>.text:lcd_clear</name>
         <load_address>0x4c40</load_address>
         <run_address>0x4c40</run_address>
         <size>0x10</size>
         <input_file_ref idref="fl-5"/>
      </object_component>
      <object_component id="oc-18">
         <name>.text:decompress:none</name>
         <load_address>0x4c50</load_address>
         <run_address>0x4c50</run_address>
         <size>0xe</size>
         <input_file_ref idref="fl-c9"/>
      </object_component>
      <object_component id="oc-1d2">
         <name>.text:CPUcpsie</name>
         <load_address>0x4c5e</load_address>
         <run_address>0x4c5e</run_address>
         <size>0xc</size>
         <input_file_ref idref="fl-f0"/>
      </object_component>
      <object_component id="oc-1e">
         <name>.text:decompress:ZI</name>
         <load_address>0x4c6a</load_address>
         <run_address>0x4c6a</run_address>
         <size>0xc</size>
         <input_file_ref idref="fl-ca"/>
      </object_component>
      <object_component id="oc-2e">
         <name>.text</name>
         <load_address>0x4c76</load_address>
         <run_address>0x4c76</run_address>
         <size>0xc</size>
         <input_file_ref idref="fl-b"/>
      </object_component>
      <object_component id="oc-60">
         <name>.text</name>
         <load_address>0x4c82</load_address>
         <run_address>0x4c82</run_address>
         <size>0x4</size>
         <input_file_ref idref="fl-da"/>
      </object_component>
      <object_component id="oc-28e">
         <name>.const:.string:_ctypes_</name>
         <load_address>0x4c88</load_address>
         <run_address>0x4c88</run_address>
         <size>0x101</size>
         <input_file_ref idref="fl-e6"/>
      </object_component>
      <object_component id="oc-181">
         <name>.const:.string:lineAddress$1</name>
         <load_address>0x4d89</load_address>
         <run_address>0x4d89</run_address>
         <size>0x4</size>
         <input_file_ref idref="fl-5"/>
      </object_component>
      <object_component id="oc-209">
         <name>.const:$O1$$</name>
         <load_address>0x4d90</load_address>
         <run_address>0x4d90</run_address>
         <size>0x30</size>
         <input_file_ref idref="fl-cb"/>
      </object_component>
      <object_component id="oc-166">
         <name>.const:.string:$P$T0$3</name>
         <load_address>0x4dc0</load_address>
         <run_address>0x4dc0</run_address>
         <size>0xf</size>
         <input_file_ref idref="fl-7"/>
      </object_component>
      <object_component id="oc-182">
         <name>.const:.string:lineAddresses$2</name>
         <load_address>0x4dcf</load_address>
         <run_address>0x4dcf</run_address>
         <size>0x4</size>
         <input_file_ref idref="fl-5"/>
      </object_component>
      <object_component id="oc-2d4">
         <name>.cinit..data.load</name>
         <load_address>0x4dd8</load_address>
         <run_address>0x4dd8</run_address>
         <size>0x1c</size>
      </object_component>
      <object_component id="oc-2d1">
         <name>__TI_handler_table</name>
         <load_address>0x4df4</load_address>
         <run_address>0x4df4</run_address>
         <size>0xc</size>
      </object_component>
      <object_component id="oc-2d5">
         <name>.cinit..bss.load</name>
         <load_address>0x4e00</load_address>
         <run_address>0x4e00</run_address>
         <size>0x8</size>
      </object_component>
      <object_component id="oc-2d3">
         <name>.cinit..vtable.load</name>
         <load_address>0x4e08</load_address>
         <run_address>0x4e08</run_address>
         <size>0x8</size>
      </object_component>
      <object_component id="oc-2d2">
         <name>__TI_cinit_table</name>
         <load_address>0x4e10</load_address>
         <run_address>0x4e10</run_address>
         <size>0x18</size>
      </object_component>
      <object_component id="oc-1cd">
         <name>.vtable</name>
         <uninitialized>true</uninitialized>
         <run_address>0x20000000</run_address>
         <size>0x26c</size>
         <input_file_ref idref="fl-ef"/>
      </object_component>
      <object_component id="oc-18b">
         <name>.data</name>
         <load_address>0x20000f2c</load_address>
         <run_address>0x20000f2c</run_address>
         <size>0x2</size>
         <input_file_ref idref="fl-3"/>
      </object_component>
      <object_component id="oc-165">
         <name>.data</name>
         <load_address>0x20000ef4</load_address>
         <run_address>0x20000ef4</run_address>
         <size>0x10</size>
         <input_file_ref idref="fl-7"/>
      </object_component>
      <object_component id="oc-206">
         <name>.data</name>
         <load_address>0x20000f24</load_address>
         <run_address>0x20000f24</run_address>
         <size>0x4</size>
         <input_file_ref idref="fl-cd"/>
      </object_component>
      <object_component id="oc-b6">
         <name>.data:$O1$$</name>
         <load_address>0x20000f04</load_address>
         <run_address>0x20000f04</run_address>
         <size>0xc</size>
         <input_file_ref idref="fl-ce"/>
      </object_component>
      <object_component id="oc-1c7">
         <name>.data:$O1$$</name>
         <load_address>0x20000f10</load_address>
         <run_address>0x20000f10</run_address>
         <size>0xc</size>
         <input_file_ref idref="fl-d7"/>
      </object_component>
      <object_component id="oc-78">
         <name>.data</name>
         <load_address>0x20000f28</load_address>
         <run_address>0x20000f28</run_address>
         <size>0x4</size>
         <input_file_ref idref="fl-dc"/>
      </object_component>
      <object_component id="oc-b9">
         <name>.data:$O1$$</name>
         <load_address>0x20000f1c</load_address>
         <run_address>0x20000f1c</run_address>
         <size>0x8</size>
         <input_file_ref idref="fl-e0"/>
      </object_component>
      <object_component id="oc-183">
         <name>.bss:lastbuffer$3</name>
         <uninitialized>true</uninitialized>
         <run_address>0x20000e70</run_address>
         <size>0x54</size>
         <input_file_ref idref="fl-5"/>
      </object_component>
      <object_component id="oc-169">
         <name>.bss:firmware$2</name>
         <uninitialized>true</uninitialized>
         <run_address>0x20000ec4</run_address>
         <size>0x18</size>
         <input_file_ref idref="fl-7"/>
      </object_component>
      <object_component id="oc-19a">
         <name>.common:isr_int_value</name>
         <uninitialized>true</uninitialized>
         <run_address>0x20000ee0</run_address>
         <size>0x4</size>
      </object_component>
      <object_component id="oc-1af">
         <name>.common:pulse_width</name>
         <uninitialized>true</uninitialized>
         <run_address>0x20000ee8</run_address>
         <size>0x4</size>
      </object_component>
      <object_component id="oc-19e">
         <name>.common:state</name>
         <uninitialized>true</uninitialized>
         <run_address>0x20000ef0</run_address>
         <size>0x1</size>
      </object_component>
      <object_component id="oc-1a1">
         <name>.common:risingEdge</name>
         <uninitialized>true</uninitialized>
         <run_address>0x20000eec</run_address>
         <size>0x4</size>
      </object_component>
      <object_component id="oc-1a2">
         <name>.common:fallingEdge</name>
         <uninitialized>true</uninitialized>
         <run_address>0x20000edc</run_address>
         <size>0x4</size>
      </object_component>
      <object_component id="oc-1a3">
         <name>.common:pulseLength</name>
         <uninitialized>true</uninitialized>
         <run_address>0x20000ee4</run_address>
         <size>0x4</size>
      </object_component>
      <object_component id="oc-2b">
         <name>.sysmem</name>
         <uninitialized>true</uninitialized>
         <run_address>0x20000a70</run_address>
         <size>0x8</size>
         <input_file_ref idref="fl-d7"/>
      </object_component>
      <object_component id="oc-2d7">
         <name>.sysmem</name>
         <uninitialized>true</uninitialized>
         <run_address>0x20000a70</run_address>
         <size>0x0</size>
      </object_component>
      <object_component id="oc-2a">
         <name>.stack</name>
         <uninitialized>true</uninitialized>
         <run_address>0x2000026c</run_address>
         <size>0x0</size>
         <input_file_ref idref="fl-c7"/>
      </object_component>
      <object_component id="oc-2d6">
         <name>.stack</name>
         <uninitialized>true</uninitialized>
         <run_address>0x2000026c</run_address>
         <size>0x0</size>
      </object_component>
      <object_component id="oc-3d">
         <name>.debug_info</name>
         <load_address>0x0</load_address>
         <run_address>0x0</run_address>
         <size>0x84</size>
         <input_file_ref idref="fl-2"/>
      </object_component>
      <object_component id="oc-83">
         <name>.debug_info</name>
         <load_address>0x84</load_address>
         <run_address>0x84</run_address>
         <size>0x18b</size>
         <input_file_ref idref="fl-2"/>
      </object_component>
      <object_component id="oc-97">
         <name>.debug_info</name>
         <load_address>0x20f</load_address>
         <run_address>0x20f</run_address>
         <size>0x2c</size>
         <input_file_ref idref="fl-2"/>
      </object_component>
      <object_component id="oc-18c">
         <name>.debug_info</name>
         <load_address>0x23b</load_address>
         <run_address>0x23b</run_address>
         <size>0xdc</size>
         <input_file_ref idref="fl-3"/>
      </object_component>
      <object_component id="oc-f2">
         <name>.debug_info</name>
         <load_address>0x317</load_address>
         <run_address>0x317</run_address>
         <size>0x3e6</size>
         <input_file_ref idref="fl-3"/>
      </object_component>
      <object_component id="oc-19b">
         <name>.debug_info</name>
         <load_address>0x6fd</load_address>
         <run_address>0x6fd</run_address>
         <size>0x191</size>
         <input_file_ref idref="fl-4"/>
      </object_component>
      <object_component id="oc-f7">
         <name>.debug_info</name>
         <load_address>0x88e</load_address>
         <run_address>0x88e</run_address>
         <size>0x24b</size>
         <input_file_ref idref="fl-4"/>
      </object_component>
      <object_component id="oc-1e1">
         <name>.debug_info</name>
         <load_address>0xad9</load_address>
         <run_address>0xad9</run_address>
         <size>0xc8</size>
         <input_file_ref idref="fl-4"/>
      </object_component>
      <object_component id="oc-186">
         <name>.debug_info</name>
         <load_address>0xba1</load_address>
         <run_address>0xba1</run_address>
         <size>0x4e</size>
         <input_file_ref idref="fl-4"/>
      </object_component>
      <object_component id="oc-185">
         <name>.debug_info</name>
         <load_address>0xbef</load_address>
         <run_address>0xbef</run_address>
         <size>0x1e0</size>
         <input_file_ref idref="fl-5"/>
      </object_component>
      <object_component id="oc-170">
         <name>.debug_info</name>
         <load_address>0xdcf</load_address>
         <run_address>0xdcf</run_address>
         <size>0x12b</size>
         <input_file_ref idref="fl-5"/>
      </object_component>
      <object_component id="oc-ed">
         <name>.debug_info</name>
         <load_address>0xefa</load_address>
         <run_address>0xefa</run_address>
         <size>0x849</size>
         <input_file_ref idref="fl-5"/>
      </object_component>
      <object_component id="oc-10f">
         <name>.debug_info</name>
         <load_address>0x1743</load_address>
         <run_address>0x1743</run_address>
         <size>0x408</size>
         <input_file_ref idref="fl-6"/>
      </object_component>
      <object_component id="oc-af">
         <name>.debug_info</name>
         <load_address>0x1b4b</load_address>
         <run_address>0x1b4b</run_address>
         <size>0xf0f</size>
         <input_file_ref idref="fl-6"/>
      </object_component>
      <object_component id="oc-1bb">
         <name>.debug_info</name>
         <load_address>0x2a5a</load_address>
         <run_address>0x2a5a</run_address>
         <size>0x44</size>
         <input_file_ref idref="fl-6"/>
      </object_component>
      <object_component id="oc-1bf">
         <name>.debug_info</name>
         <load_address>0x2a9e</load_address>
         <run_address>0x2a9e</run_address>
         <size>0x5aa</size>
         <input_file_ref idref="fl-6"/>
      </object_component>
      <object_component id="oc-16b">
         <name>.debug_info</name>
         <load_address>0x3048</load_address>
         <run_address>0x3048</run_address>
         <size>0x291</size>
         <input_file_ref idref="fl-7"/>
      </object_component>
      <object_component id="oc-167">
         <name>.debug_info</name>
         <load_address>0x32d9</load_address>
         <run_address>0x32d9</run_address>
         <size>0xdd</size>
         <input_file_ref idref="fl-7"/>
      </object_component>
      <object_component id="oc-139">
         <name>.debug_info</name>
         <load_address>0x33b6</load_address>
         <run_address>0x33b6</run_address>
         <size>0x155</size>
         <input_file_ref idref="fl-7"/>
      </object_component>
      <object_component id="oc-df">
         <name>.debug_info</name>
         <load_address>0x350b</load_address>
         <run_address>0x350b</run_address>
         <size>0x14ef</size>
         <input_file_ref idref="fl-7"/>
      </object_component>
      <object_component id="oc-1b4">
         <name>.debug_info</name>
         <load_address>0x49fa</load_address>
         <run_address>0x49fa</run_address>
         <size>0x2c</size>
         <input_file_ref idref="fl-7"/>
      </object_component>
      <object_component id="oc-19f">
         <name>.debug_info</name>
         <load_address>0x4a26</load_address>
         <run_address>0x4a26</run_address>
         <size>0x1dd</size>
         <input_file_ref idref="fl-8"/>
      </object_component>
      <object_component id="oc-ff">
         <name>.debug_info</name>
         <load_address>0x4c03</load_address>
         <run_address>0x4c03</run_address>
         <size>0x25a</size>
         <input_file_ref idref="fl-8"/>
      </object_component>
      <object_component id="oc-1a5">
         <name>.debug_info</name>
         <load_address>0x4e5d</load_address>
         <run_address>0x4e5d</run_address>
         <size>0x8b</size>
         <input_file_ref idref="fl-8"/>
      </object_component>
      <object_component id="oc-1b0">
         <name>.debug_info</name>
         <load_address>0x4ee8</load_address>
         <run_address>0x4ee8</run_address>
         <size>0x113</size>
         <input_file_ref idref="fl-9"/>
      </object_component>
      <object_component id="oc-103">
         <name>.debug_info</name>
         <load_address>0x4ffb</load_address>
         <run_address>0x4ffb</run_address>
         <size>0x200</size>
         <input_file_ref idref="fl-9"/>
      </object_component>
      <object_component id="oc-109">
         <name>.debug_info</name>
         <load_address>0x51fb</load_address>
         <run_address>0x51fb</run_address>
         <size>0x3fb</size>
         <input_file_ref idref="fl-a"/>
      </object_component>
      <object_component id="oc-36">
         <name>.debug_info</name>
         <load_address>0x55f6</load_address>
         <run_address>0x55f6</run_address>
         <size>0x106</size>
         <input_file_ref idref="fl-b"/>
      </object_component>
      <object_component id="oc-10">
         <name>.debug_info</name>
         <load_address>0x56fc</load_address>
         <run_address>0x56fc</run_address>
         <size>0xf1</size>
         <input_file_ref idref="fl-b"/>
      </object_component>
      <object_component id="oc-2f">
         <name>.debug_info</name>
         <load_address>0x57ed</load_address>
         <run_address>0x57ed</run_address>
         <size>0x26d</size>
         <input_file_ref idref="fl-b"/>
      </object_component>
      <object_component id="oc-16d">
         <name>.debug_info</name>
         <load_address>0x5a5a</load_address>
         <run_address>0x5a5a</run_address>
         <size>0xba</size>
         <input_file_ref idref="fl-c"/>
      </object_component>
      <object_component id="oc-e7">
         <name>.debug_info</name>
         <load_address>0x5b14</load_address>
         <run_address>0x5b14</run_address>
         <size>0x284</size>
         <input_file_ref idref="fl-c"/>
      </object_component>
      <object_component id="oc-27">
         <name>.debug_info</name>
         <load_address>0x5d98</load_address>
         <run_address>0x5d98</run_address>
         <size>0x160</size>
         <input_file_ref idref="fl-c7"/>
      </object_component>
      <object_component id="oc-8d">
         <name>.debug_info</name>
         <load_address>0x5ef8</load_address>
         <run_address>0x5ef8</run_address>
         <size>0xf9</size>
         <input_file_ref idref="fl-c8"/>
      </object_component>
      <object_component id="oc-13">
         <name>.debug_info</name>
         <load_address>0x5ff1</load_address>
         <run_address>0x5ff1</run_address>
         <size>0x245</size>
         <input_file_ref idref="fl-c8"/>
      </object_component>
      <object_component id="oc-38">
         <name>.debug_info</name>
         <load_address>0x6236</load_address>
         <run_address>0x6236</run_address>
         <size>0x60</size>
         <input_file_ref idref="fl-c8"/>
      </object_component>
      <object_component id="oc-88">
         <name>.debug_info</name>
         <load_address>0x6296</load_address>
         <run_address>0x6296</run_address>
         <size>0x46</size>
         <input_file_ref idref="fl-c8"/>
      </object_component>
      <object_component id="oc-4d">
         <name>.debug_info</name>
         <load_address>0x62dc</load_address>
         <run_address>0x62dc</run_address>
         <size>0x140</size>
         <input_file_ref idref="fl-c9"/>
      </object_component>
      <object_component id="oc-19">
         <name>.debug_info</name>
         <load_address>0x641c</load_address>
         <run_address>0x641c</run_address>
         <size>0x1df</size>
         <input_file_ref idref="fl-c9"/>
      </object_component>
      <object_component id="oc-48">
         <name>.debug_info</name>
         <load_address>0x65fb</load_address>
         <run_address>0x65fb</run_address>
         <size>0x46</size>
         <input_file_ref idref="fl-c9"/>
      </object_component>
      <object_component id="oc-8f">
         <name>.debug_info</name>
         <load_address>0x6641</load_address>
         <run_address>0x6641</run_address>
         <size>0x2c</size>
         <input_file_ref idref="fl-c9"/>
      </object_component>
      <object_component id="oc-59">
         <name>.debug_info</name>
         <load_address>0x666d</load_address>
         <run_address>0x666d</run_address>
         <size>0x12f</size>
         <input_file_ref idref="fl-ca"/>
      </object_component>
      <object_component id="oc-22">
         <name>.debug_info</name>
         <load_address>0x679c</load_address>
         <run_address>0x679c</run_address>
         <size>0x1aa</size>
         <input_file_ref idref="fl-ca"/>
      </object_component>
      <object_component id="oc-54">
         <name>.debug_info</name>
         <load_address>0x6946</load_address>
         <run_address>0x6946</run_address>
         <size>0x46</size>
         <input_file_ref idref="fl-ca"/>
      </object_component>
      <object_component id="oc-222">
         <name>.debug_info</name>
         <load_address>0x698c</load_address>
         <run_address>0x698c</run_address>
         <size>0x201</size>
         <input_file_ref idref="fl-cb"/>
      </object_component>
      <object_component id="oc-20a">
         <name>.debug_info</name>
         <load_address>0x6b8d</load_address>
         <run_address>0x6b8d</run_address>
         <size>0x11d</size>
         <input_file_ref idref="fl-cb"/>
      </object_component>
      <object_component id="oc-191">
         <name>.debug_info</name>
         <load_address>0x6caa</load_address>
         <run_address>0x6caa</run_address>
         <size>0xb75</size>
         <input_file_ref idref="fl-cb"/>
      </object_component>
      <object_component id="oc-21d">
         <name>.debug_info</name>
         <load_address>0x781f</load_address>
         <run_address>0x781f</run_address>
         <size>0x39</size>
         <input_file_ref idref="fl-cb"/>
      </object_component>
      <object_component id="oc-26f">
         <name>.debug_info</name>
         <load_address>0x7858</load_address>
         <run_address>0x7858</run_address>
         <size>0x149</size>
         <input_file_ref idref="fl-cc"/>
      </object_component>
      <object_component id="oc-201">
         <name>.debug_info</name>
         <load_address>0x79a1</load_address>
         <run_address>0x79a1</run_address>
         <size>0x240</size>
         <input_file_ref idref="fl-cc"/>
      </object_component>
      <object_component id="oc-207">
         <name>.debug_info</name>
         <load_address>0x7be1</load_address>
         <run_address>0x7be1</run_address>
         <size>0xf3</size>
         <input_file_ref idref="fl-cd"/>
      </object_component>
      <object_component id="oc-bd">
         <name>.debug_info</name>
         <load_address>0x7cd4</load_address>
         <run_address>0x7cd4</run_address>
         <size>0x234</size>
         <input_file_ref idref="fl-ce"/>
      </object_component>
      <object_component id="oc-b7">
         <name>.debug_info</name>
         <load_address>0x7f08</load_address>
         <run_address>0x7f08</run_address>
         <size>0x185</size>
         <input_file_ref idref="fl-ce"/>
      </object_component>
      <object_component id="oc-73">
         <name>.debug_info</name>
         <load_address>0x808d</load_address>
         <run_address>0x808d</run_address>
         <size>0x214</size>
         <input_file_ref idref="fl-ce"/>
      </object_component>
      <object_component id="oc-1ab">
         <name>.debug_info</name>
         <load_address>0x82a1</load_address>
         <run_address>0x82a1</run_address>
         <size>0x144</size>
         <input_file_ref idref="fl-cf"/>
      </object_component>
      <object_component id="oc-20e">
         <name>.debug_info</name>
         <load_address>0x83e5</load_address>
         <run_address>0x83e5</run_address>
         <size>0x120</size>
         <input_file_ref idref="fl-d0"/>
      </object_component>
      <object_component id="oc-213">
         <name>.debug_info</name>
         <load_address>0x8505</load_address>
         <run_address>0x8505</run_address>
         <size>0x122</size>
         <input_file_ref idref="fl-d0"/>
      </object_component>
      <object_component id="oc-162">
         <name>.debug_info</name>
         <load_address>0x8627</load_address>
         <run_address>0x8627</run_address>
         <size>0x132</size>
         <input_file_ref idref="fl-d1"/>
      </object_component>
      <object_component id="oc-158">
         <name>.debug_info</name>
         <load_address>0x8759</load_address>
         <run_address>0x8759</run_address>
         <size>0x132</size>
         <input_file_ref idref="fl-d2"/>
      </object_component>
      <object_component id="oc-15c">
         <name>.debug_info</name>
         <load_address>0x888b</load_address>
         <run_address>0x888b</run_address>
         <size>0x126</size>
         <input_file_ref idref="fl-d3"/>
      </object_component>
      <object_component id="oc-197">
         <name>.debug_info</name>
         <load_address>0x89b1</load_address>
         <run_address>0x89b1</run_address>
         <size>0x136</size>
         <input_file_ref idref="fl-d4"/>
      </object_component>
      <object_component id="oc-153">
         <name>.debug_info</name>
         <load_address>0x8ae7</load_address>
         <run_address>0x8ae7</run_address>
         <size>0x124</size>
         <input_file_ref idref="fl-d5"/>
      </object_component>
      <object_component id="oc-43">
         <name>.debug_info</name>
         <load_address>0x8c0b</load_address>
         <run_address>0x8c0b</run_address>
         <size>0x111</size>
         <input_file_ref idref="fl-d6"/>
      </object_component>
      <object_component id="oc-7e">
         <name>.debug_info</name>
         <load_address>0x8d1c</load_address>
         <run_address>0x8d1c</run_address>
         <size>0x222</size>
         <input_file_ref idref="fl-d7"/>
      </object_component>
      <object_component id="oc-2c">
         <name>.debug_info</name>
         <load_address>0x8f3e</load_address>
         <run_address>0x8f3e</run_address>
         <size>0x101</size>
         <input_file_ref idref="fl-d7"/>
      </object_component>
      <object_component id="oc-1c8">
         <name>.debug_info</name>
         <load_address>0x903f</load_address>
         <run_address>0x903f</run_address>
         <size>0x14c</size>
         <input_file_ref idref="fl-d7"/>
      </object_component>
      <object_component id="oc-134">
         <name>.debug_info</name>
         <load_address>0x918b</load_address>
         <run_address>0x918b</run_address>
         <size>0x885</size>
         <input_file_ref idref="fl-d7"/>
      </object_component>
      <object_component id="oc-c3">
         <name>.debug_info</name>
         <load_address>0x9a10</load_address>
         <run_address>0x9a10</run_address>
         <size>0x2c</size>
         <input_file_ref idref="fl-d7"/>
      </object_component>
      <object_component id="oc-c8">
         <name>.debug_info</name>
         <load_address>0x9a3c</load_address>
         <run_address>0x9a3c</run_address>
         <size>0x62</size>
         <input_file_ref idref="fl-d7"/>
      </object_component>
      <object_component id="oc-51">
         <name>.debug_info</name>
         <load_address>0x9a9e</load_address>
         <run_address>0x9a9e</run_address>
         <size>0x13f</size>
         <input_file_ref idref="fl-d8"/>
      </object_component>
      <object_component id="oc-5b">
         <name>.debug_info</name>
         <load_address>0x9bdd</load_address>
         <run_address>0x9bdd</run_address>
         <size>0x138</size>
         <input_file_ref idref="fl-d9"/>
      </object_component>
      <object_component id="oc-61">
         <name>.debug_info</name>
         <load_address>0x9d15</load_address>
         <run_address>0x9d15</run_address>
         <size>0x148</size>
         <input_file_ref idref="fl-da"/>
      </object_component>
      <object_component id="oc-27d">
         <name>.debug_info</name>
         <load_address>0x9e5d</load_address>
         <run_address>0x9e5d</run_address>
         <size>0x17c</size>
         <input_file_ref idref="fl-db"/>
      </object_component>
      <object_component id="oc-219">
         <name>.debug_info</name>
         <load_address>0x9fd9</load_address>
         <run_address>0x9fd9</run_address>
         <size>0x1d5</size>
         <input_file_ref idref="fl-db"/>
      </object_component>
      <object_component id="oc-27e">
         <name>.debug_info</name>
         <load_address>0xa1ae</load_address>
         <run_address>0xa1ae</run_address>
         <size>0x2c</size>
         <input_file_ref idref="fl-db"/>
      </object_component>
      <object_component id="oc-79">
         <name>.debug_info</name>
         <load_address>0xa1da</load_address>
         <run_address>0xa1da</run_address>
         <size>0x109</size>
         <input_file_ref idref="fl-dc"/>
      </object_component>
      <object_component id="oc-1cc">
         <name>.debug_info</name>
         <load_address>0xa2e3</load_address>
         <run_address>0xa2e3</run_address>
         <size>0xe5</size>
         <input_file_ref idref="fl-dd"/>
      </object_component>
      <object_component id="oc-140">
         <name>.debug_info</name>
         <load_address>0xa3c8</load_address>
         <run_address>0xa3c8</run_address>
         <size>0x258</size>
         <input_file_ref idref="fl-dd"/>
      </object_component>
      <object_component id="oc-1fb">
         <name>.debug_info</name>
         <load_address>0xa620</load_address>
         <run_address>0xa620</run_address>
         <size>0xf0</size>
         <input_file_ref idref="fl-de"/>
      </object_component>
      <object_component id="oc-17d">
         <name>.debug_info</name>
         <load_address>0xa710</load_address>
         <run_address>0xa710</run_address>
         <size>0x231</size>
         <input_file_ref idref="fl-de"/>
      </object_component>
      <object_component id="oc-1ef">
         <name>.debug_info</name>
         <load_address>0xa941</load_address>
         <run_address>0xa941</run_address>
         <size>0x1c8</size>
         <input_file_ref idref="fl-df"/>
      </object_component>
      <object_component id="oc-177">
         <name>.debug_info</name>
         <load_address>0xab09</load_address>
         <run_address>0xab09</run_address>
         <size>0x35c</size>
         <input_file_ref idref="fl-df"/>
      </object_component>
      <object_component id="oc-1f0">
         <name>.debug_info</name>
         <load_address>0xae65</load_address>
         <run_address>0xae65</run_address>
         <size>0x2c</size>
         <input_file_ref idref="fl-df"/>
      </object_component>
      <object_component id="oc-1f5">
         <name>.debug_info</name>
         <load_address>0xae91</load_address>
         <run_address>0xae91</run_address>
         <size>0x69</size>
         <input_file_ref idref="fl-df"/>
      </object_component>
      <object_component id="oc-122">
         <name>.debug_info</name>
         <load_address>0xaefa</load_address>
         <run_address>0xaefa</run_address>
         <size>0x124</size>
         <input_file_ref idref="fl-e0"/>
      </object_component>
      <object_component id="oc-ba">
         <name>.debug_info</name>
         <load_address>0xb01e</load_address>
         <run_address>0xb01e</run_address>
         <size>0x113</size>
         <input_file_ref idref="fl-e0"/>
      </object_component>
      <object_component id="oc-11b">
         <name>.debug_info</name>
         <load_address>0xb131</load_address>
         <run_address>0xb131</run_address>
         <size>0x21f</size>
         <input_file_ref idref="fl-e0"/>
      </object_component>
      <object_component id="oc-25f">
         <name>.debug_info</name>
         <load_address>0xb350</load_address>
         <run_address>0xb350</run_address>
         <size>0x385</size>
         <input_file_ref idref="fl-e1"/>
      </object_component>
      <object_component id="oc-1ea">
         <name>.debug_info</name>
         <load_address>0xb6d5</load_address>
         <run_address>0xb6d5</run_address>
         <size>0x1543</size>
         <input_file_ref idref="fl-e1"/>
      </object_component>
      <object_component id="oc-260">
         <name>.debug_info</name>
         <load_address>0xcc18</load_address>
         <run_address>0xcc18</run_address>
         <size>0x86</size>
         <input_file_ref idref="fl-e1"/>
      </object_component>
      <object_component id="oc-297">
         <name>.debug_info</name>
         <load_address>0xcc9e</load_address>
         <run_address>0xcc9e</run_address>
         <size>0x46</size>
         <input_file_ref idref="fl-e1"/>
      </object_component>
      <object_component id="oc-265">
         <name>.debug_info</name>
         <load_address>0xcce4</load_address>
         <run_address>0xcce4</run_address>
         <size>0x39</size>
         <input_file_ref idref="fl-e1"/>
      </object_component>
      <object_component id="oc-b5">
         <name>.debug_info</name>
         <load_address>0xcd1d</load_address>
         <run_address>0xcd1d</run_address>
         <size>0x166</size>
         <input_file_ref idref="fl-e2"/>
      </object_component>
      <object_component id="oc-6f">
         <name>.debug_info</name>
         <load_address>0xce83</load_address>
         <run_address>0xce83</run_address>
         <size>0x167</size>
         <input_file_ref idref="fl-e2"/>
      </object_component>
      <object_component id="oc-113">
         <name>.debug_info</name>
         <load_address>0xcfea</load_address>
         <run_address>0xcfea</run_address>
         <size>0x5e</size>
         <input_file_ref idref="fl-e2"/>
      </object_component>
      <object_component id="oc-292">
         <name>.debug_info</name>
         <load_address>0xd048</load_address>
         <run_address>0xd048</run_address>
         <size>0x114</size>
         <input_file_ref idref="fl-e3"/>
      </object_component>
      <object_component id="oc-253">
         <name>.debug_info</name>
         <load_address>0xd15c</load_address>
         <run_address>0xd15c</run_address>
         <size>0x171</size>
         <input_file_ref idref="fl-e3"/>
      </object_component>
      <object_component id="oc-ad">
         <name>.debug_info</name>
         <load_address>0xd2cd</load_address>
         <run_address>0xd2cd</run_address>
         <size>0x2e9</size>
         <input_file_ref idref="fl-e4"/>
      </object_component>
      <object_component id="oc-68">
         <name>.debug_info</name>
         <load_address>0xd5b6</load_address>
         <run_address>0xd5b6</run_address>
         <size>0x190</size>
         <input_file_ref idref="fl-e4"/>
      </object_component>
      <object_component id="oc-d4">
         <name>.debug_info</name>
         <load_address>0xd746</load_address>
         <run_address>0xd746</run_address>
         <size>0x39</size>
         <input_file_ref idref="fl-e4"/>
      </object_component>
      <object_component id="oc-12d">
         <name>.debug_info</name>
         <load_address>0xd77f</load_address>
         <run_address>0xd77f</run_address>
         <size>0x39</size>
         <input_file_ref idref="fl-e4"/>
      </object_component>
      <object_component id="oc-d9">
         <name>.debug_info</name>
         <load_address>0xd7b8</load_address>
         <run_address>0xd7b8</run_address>
         <size>0xcd</size>
         <input_file_ref idref="fl-e4"/>
      </object_component>
      <object_component id="oc-d0">
         <name>.debug_info</name>
         <load_address>0xd885</load_address>
         <run_address>0xd885</run_address>
         <size>0x1e0</size>
         <input_file_ref idref="fl-e5"/>
      </object_component>
      <object_component id="oc-a2">
         <name>.debug_info</name>
         <load_address>0xda65</load_address>
         <run_address>0xda65</run_address>
         <size>0x183</size>
         <input_file_ref idref="fl-e5"/>
      </object_component>
      <object_component id="oc-128">
         <name>.debug_info</name>
         <load_address>0xdbe8</load_address>
         <run_address>0xdbe8</run_address>
         <size>0x2c</size>
         <input_file_ref idref="fl-e5"/>
      </object_component>
      <object_component id="oc-2ab">
         <name>.debug_info</name>
         <load_address>0xdc14</load_address>
         <run_address>0xdc14</run_address>
         <size>0xee</size>
         <input_file_ref idref="fl-e6"/>
      </object_component>
      <object_component id="oc-28f">
         <name>.debug_info</name>
         <load_address>0xdd02</load_address>
         <run_address>0xdd02</run_address>
         <size>0xfa</size>
         <input_file_ref idref="fl-e6"/>
      </object_component>
      <object_component id="oc-289">
         <name>.debug_info</name>
         <load_address>0xddfc</load_address>
         <run_address>0xddfc</run_address>
         <size>0x14c</size>
         <input_file_ref idref="fl-e7"/>
      </object_component>
      <object_component id="oc-242">
         <name>.debug_info</name>
         <load_address>0xdf48</load_address>
         <run_address>0xdf48</run_address>
         <size>0x1c2</size>
         <input_file_ref idref="fl-e7"/>
      </object_component>
      <object_component id="oc-294">
         <name>.debug_info</name>
         <load_address>0xe10a</load_address>
         <run_address>0xe10a</run_address>
         <size>0xf1</size>
         <input_file_ref idref="fl-e8"/>
      </object_component>
      <object_component id="oc-25b">
         <name>.debug_info</name>
         <load_address>0xe1fb</load_address>
         <run_address>0xe1fb</run_address>
         <size>0x1ab</size>
         <input_file_ref idref="fl-e8"/>
      </object_component>
      <object_component id="oc-27a">
         <name>.debug_info</name>
         <load_address>0xe3a6</load_address>
         <run_address>0xe3a6</run_address>
         <size>0x156</size>
         <input_file_ref idref="fl-e9"/>
      </object_component>
      <object_component id="oc-28b">
         <name>.debug_info</name>
         <load_address>0xe4fc</load_address>
         <run_address>0xe4fc</run_address>
         <size>0x13f</size>
         <input_file_ref idref="fl-ea"/>
      </object_component>
      <object_component id="oc-247">
         <name>.debug_info</name>
         <load_address>0xe63b</load_address>
         <run_address>0xe63b</run_address>
         <size>0x18a</size>
         <input_file_ref idref="fl-ea"/>
      </object_component>
      <object_component id="oc-aa">
         <name>.debug_info</name>
         <load_address>0xe7c5</load_address>
         <run_address>0xe7c5</run_address>
         <size>0x145</size>
         <input_file_ref idref="fl-eb"/>
      </object_component>
      <object_component id="oc-28d">
         <name>.debug_info</name>
         <load_address>0xe90a</load_address>
         <run_address>0xe90a</run_address>
         <size>0xf5</size>
         <input_file_ref idref="fl-ec"/>
      </object_component>
      <object_component id="oc-24d">
         <name>.debug_info</name>
         <load_address>0xe9ff</load_address>
         <run_address>0xe9ff</run_address>
         <size>0x244</size>
         <input_file_ref idref="fl-ec"/>
      </object_component>
      <object_component id="oc-287">
         <name>.debug_info</name>
         <load_address>0xec43</load_address>
         <run_address>0xec43</run_address>
         <size>0xea</size>
         <input_file_ref idref="fl-ed"/>
      </object_component>
      <object_component id="oc-23e">
         <name>.debug_info</name>
         <load_address>0xed2d</load_address>
         <run_address>0xed2d</run_address>
         <size>0x22a</size>
         <input_file_ref idref="fl-ed"/>
      </object_component>
      <object_component id="oc-237">
         <name>.debug_info</name>
         <load_address>0xef57</load_address>
         <run_address>0xef57</run_address>
         <size>0x17d</size>
         <input_file_ref idref="fl-ee"/>
      </object_component>
      <object_component id="oc-1d1">
         <name>.debug_info</name>
         <load_address>0xf0d4</load_address>
         <run_address>0xf0d4</run_address>
         <size>0x20e</size>
         <input_file_ref idref="fl-ef"/>
      </object_component>
      <object_component id="oc-1ce">
         <name>.debug_info</name>
         <load_address>0xf2e2</load_address>
         <run_address>0xf2e2</run_address>
         <size>0x157</size>
         <input_file_ref idref="fl-ef"/>
      </object_component>
      <object_component id="oc-146">
         <name>.debug_info</name>
         <load_address>0xf439</load_address>
         <run_address>0xf439</run_address>
         <size>0x2c1</size>
         <input_file_ref idref="fl-ef"/>
      </object_component>
      <object_component id="oc-14e">
         <name>.debug_info</name>
         <load_address>0xf6fa</load_address>
         <run_address>0xf6fa</run_address>
         <size>0x23e</size>
         <input_file_ref idref="fl-ef"/>
      </object_component>
      <object_component id="oc-1d5">
         <name>.debug_info</name>
         <load_address>0xf938</load_address>
         <run_address>0xf938</run_address>
         <size>0x212</size>
         <input_file_ref idref="fl-f0"/>
      </object_component>
      <object_component id="oc-2d8">
         <name>.debug_info</name>
         <load_address>0xfb4a</load_address>
         <run_address>0xfb4a</run_address>
         <size>0xa7</size>
      </object_component>
      <object_component id="oc-40">
         <name>.debug_line</name>
         <load_address>0x0</load_address>
         <run_address>0x0</run_address>
         <size>0x20</size>
         <input_file_ref idref="fl-2"/>
      </object_component>
      <object_component id="oc-86">
         <name>.debug_line</name>
         <load_address>0x20</load_address>
         <run_address>0x20</run_address>
         <size>0x65</size>
         <input_file_ref idref="fl-2"/>
      </object_component>
      <object_component id="oc-9a">
         <name>.debug_line</name>
         <load_address>0x85</load_address>
         <run_address>0x85</run_address>
         <size>0x65</size>
         <input_file_ref idref="fl-2"/>
      </object_component>
      <object_component id="oc-1ff">
         <name>.debug_line</name>
         <load_address>0xea</load_address>
         <run_address>0xea</run_address>
         <size>0x2f</size>
         <input_file_ref idref="fl-3"/>
      </object_component>
      <object_component id="oc-f1">
         <name>.debug_line</name>
         <load_address>0x119</load_address>
         <run_address>0x119</run_address>
         <size>0x113</size>
         <input_file_ref idref="fl-3"/>
      </object_component>
      <object_component id="oc-226">
         <name>.debug_line</name>
         <load_address>0x22c</load_address>
         <run_address>0x22c</run_address>
         <size>0x7c</size>
         <input_file_ref idref="fl-4"/>
      </object_component>
      <object_component id="oc-fa">
         <name>.debug_line</name>
         <load_address>0x2a8</load_address>
         <run_address>0x2a8</run_address>
         <size>0xa8</size>
         <input_file_ref idref="fl-4"/>
      </object_component>
      <object_component id="oc-1e4">
         <name>.debug_line</name>
         <load_address>0x350</load_address>
         <run_address>0x350</run_address>
         <size>0x64</size>
         <input_file_ref idref="fl-4"/>
      </object_component>
      <object_component id="oc-189">
         <name>.debug_line</name>
         <load_address>0x3b4</load_address>
         <run_address>0x3b4</run_address>
         <size>0x65</size>
         <input_file_ref idref="fl-4"/>
      </object_component>
      <object_component id="oc-1fd">
         <name>.debug_line</name>
         <load_address>0x419</load_address>
         <run_address>0x419</run_address>
         <size>0xb7</size>
         <input_file_ref idref="fl-5"/>
      </object_component>
      <object_component id="oc-173">
         <name>.debug_line</name>
         <load_address>0x4d0</load_address>
         <run_address>0x4d0</run_address>
         <size>0x45</size>
         <input_file_ref idref="fl-5"/>
      </object_component>
      <object_component id="oc-eb">
         <name>.debug_line</name>
         <load_address>0x515</load_address>
         <run_address>0x515</run_address>
         <size>0x192</size>
         <input_file_ref idref="fl-5"/>
      </object_component>
      <object_component id="oc-1ba">
         <name>.debug_line</name>
         <load_address>0x6a7</load_address>
         <run_address>0x6a7</run_address>
         <size>0x93</size>
         <input_file_ref idref="fl-6"/>
      </object_component>
      <object_component id="oc-b2">
         <name>.debug_line</name>
         <load_address>0x73a</load_address>
         <run_address>0x73a</run_address>
         <size>0x375</size>
         <input_file_ref idref="fl-6"/>
      </object_component>
      <object_component id="oc-1bd">
         <name>.debug_line</name>
         <load_address>0xaaf</load_address>
         <run_address>0xaaf</run_address>
         <size>0x2d</size>
         <input_file_ref idref="fl-6"/>
      </object_component>
      <object_component id="oc-1c2">
         <name>.debug_line</name>
         <load_address>0xadc</load_address>
         <run_address>0xadc</run_address>
         <size>0x37</size>
         <input_file_ref idref="fl-6"/>
      </object_component>
      <object_component id="oc-1e0">
         <name>.debug_line</name>
         <load_address>0xb13</load_address>
         <run_address>0xb13</run_address>
         <size>0xcf</size>
         <input_file_ref idref="fl-7"/>
      </object_component>
      <object_component id="oc-1de">
         <name>.debug_line</name>
         <load_address>0xbe2</load_address>
         <run_address>0xbe2</run_address>
         <size>0x37</size>
         <input_file_ref idref="fl-7"/>
      </object_component>
      <object_component id="oc-13c">
         <name>.debug_line</name>
         <load_address>0xc19</load_address>
         <run_address>0xc19</run_address>
         <size>0x4f</size>
         <input_file_ref idref="fl-7"/>
      </object_component>
      <object_component id="oc-e2">
         <name>.debug_line</name>
         <load_address>0xc68</load_address>
         <run_address>0xc68</run_address>
         <size>0x39c</size>
         <input_file_ref idref="fl-7"/>
      </object_component>
      <object_component id="oc-1b7">
         <name>.debug_line</name>
         <load_address>0x1004</load_address>
         <run_address>0x1004</run_address>
         <size>0x2e</size>
         <input_file_ref idref="fl-7"/>
      </object_component>
      <object_component id="oc-228">
         <name>.debug_line</name>
         <load_address>0x1032</load_address>
         <run_address>0x1032</run_address>
         <size>0x76</size>
         <input_file_ref idref="fl-8"/>
      </object_component>
      <object_component id="oc-fe">
         <name>.debug_line</name>
         <load_address>0x10a8</load_address>
         <run_address>0x10a8</run_address>
         <size>0xc8</size>
         <input_file_ref idref="fl-8"/>
      </object_component>
      <object_component id="oc-1a8">
         <name>.debug_line</name>
         <load_address>0x1170</load_address>
         <run_address>0x1170</run_address>
         <size>0x20</size>
         <input_file_ref idref="fl-8"/>
      </object_component>
      <object_component id="oc-22b">
         <name>.debug_line</name>
         <load_address>0x1190</load_address>
         <run_address>0x1190</run_address>
         <size>0x3c</size>
         <input_file_ref idref="fl-9"/>
      </object_component>
      <object_component id="oc-107">
         <name>.debug_line</name>
         <load_address>0x11cc</load_address>
         <run_address>0x11cc</run_address>
         <size>0x71</size>
         <input_file_ref idref="fl-9"/>
      </object_component>
      <object_component id="oc-10c">
         <name>.debug_line</name>
         <load_address>0x123d</load_address>
         <run_address>0x123d</run_address>
         <size>0x110</size>
         <input_file_ref idref="fl-a"/>
      </object_component>
      <object_component id="oc-82">
         <name>.debug_line</name>
         <load_address>0x134d</load_address>
         <run_address>0x134d</run_address>
         <size>0x41</size>
         <input_file_ref idref="fl-b"/>
      </object_component>
      <object_component id="oc-35">
         <name>.debug_line</name>
         <load_address>0x138e</load_address>
         <run_address>0x138e</run_address>
         <size>0x41</size>
         <input_file_ref idref="fl-b"/>
      </object_component>
      <object_component id="oc-32">
         <name>.debug_line</name>
         <load_address>0x13cf</load_address>
         <run_address>0x13cf</run_address>
         <size>0xa1</size>
         <input_file_ref idref="fl-b"/>
      </object_component>
      <object_component id="oc-1e7">
         <name>.debug_line</name>
         <load_address>0x1470</load_address>
         <run_address>0x1470</run_address>
         <size>0x20</size>
         <input_file_ref idref="fl-c"/>
      </object_component>
      <object_component id="oc-e5">
         <name>.debug_line</name>
         <load_address>0x1490</load_address>
         <run_address>0x1490</run_address>
         <size>0xb7</size>
         <input_file_ref idref="fl-c"/>
      </object_component>
      <object_component id="oc-25">
         <name>.debug_line</name>
         <load_address>0x1547</load_address>
         <run_address>0x1547</run_address>
         <size>0x53</size>
         <input_file_ref idref="fl-c7"/>
      </object_component>
      <object_component id="oc-ce">
         <name>.debug_line</name>
         <load_address>0x159a</load_address>
         <run_address>0x159a</run_address>
         <size>0x20</size>
         <input_file_ref idref="fl-c8"/>
      </object_component>
      <object_component id="oc-16">
         <name>.debug_line</name>
         <load_address>0x15ba</load_address>
         <run_address>0x15ba</run_address>
         <size>0xa9</size>
         <input_file_ref idref="fl-c8"/>
      </object_component>
      <object_component id="oc-3b">
         <name>.debug_line</name>
         <load_address>0x1663</load_address>
         <run_address>0x1663</run_address>
         <size>0x3a</size>
         <input_file_ref idref="fl-c8"/>
      </object_component>
      <object_component id="oc-8b">
         <name>.debug_line</name>
         <load_address>0x169d</load_address>
         <run_address>0x169d</run_address>
         <size>0x8a</size>
         <input_file_ref idref="fl-c8"/>
      </object_component>
      <object_component id="oc-95">
         <name>.debug_line</name>
         <load_address>0x1727</load_address>
         <run_address>0x1727</run_address>
         <size>0x8a</size>
         <input_file_ref idref="fl-c9"/>
      </object_component>
      <object_component id="oc-1c">
         <name>.debug_line</name>
         <load_address>0x17b1</load_address>
         <run_address>0x17b1</run_address>
         <size>0x55</size>
         <input_file_ref idref="fl-c9"/>
      </object_component>
      <object_component id="oc-4b">
         <name>.debug_line</name>
         <load_address>0x1806</load_address>
         <run_address>0x1806</run_address>
         <size>0x3a</size>
         <input_file_ref idref="fl-c9"/>
      </object_component>
      <object_component id="oc-92">
         <name>.debug_line</name>
         <load_address>0x1840</load_address>
         <run_address>0x1840</run_address>
         <size>0x8a</size>
         <input_file_ref idref="fl-c9"/>
      </object_component>
      <object_component id="oc-9d">
         <name>.debug_line</name>
         <load_address>0x18ca</load_address>
         <run_address>0x18ca</run_address>
         <size>0x8a</size>
         <input_file_ref idref="fl-ca"/>
      </object_component>
      <object_component id="oc-21">
         <name>.debug_line</name>
         <load_address>0x1954</load_address>
         <run_address>0x1954</run_address>
         <size>0x4f</size>
         <input_file_ref idref="fl-ca"/>
      </object_component>
      <object_component id="oc-57">
         <name>.debug_line</name>
         <load_address>0x19a3</load_address>
         <run_address>0x19a3</run_address>
         <size>0x34</size>
         <input_file_ref idref="fl-ca"/>
      </object_component>
      <object_component id="oc-284">
         <name>.debug_line</name>
         <load_address>0x19d7</load_address>
         <run_address>0x19d7</run_address>
         <size>0x93</size>
         <input_file_ref idref="fl-cb"/>
      </object_component>
      <object_component id="oc-273">
         <name>.debug_line</name>
         <load_address>0x1a6a</load_address>
         <run_address>0x1a6a</run_address>
         <size>0x2b</size>
         <input_file_ref idref="fl-cb"/>
      </object_component>
      <object_component id="oc-190">
         <name>.debug_line</name>
         <load_address>0x1a95</load_address>
         <run_address>0x1a95</run_address>
         <size>0x2b4</size>
         <input_file_ref idref="fl-cb"/>
      </object_component>
      <object_component id="oc-220">
         <name>.debug_line</name>
         <load_address>0x1d49</load_address>
         <run_address>0x1d49</run_address>
         <size>0x8a</size>
         <input_file_ref idref="fl-cb"/>
      </object_component>
      <object_component id="oc-29d">
         <name>.debug_line</name>
         <load_address>0x1dd3</load_address>
         <run_address>0x1dd3</run_address>
         <size>0x89</size>
         <input_file_ref idref="fl-cc"/>
      </object_component>
      <object_component id="oc-205">
         <name>.debug_line</name>
         <load_address>0x1e5c</load_address>
         <run_address>0x1e5c</run_address>
         <size>0x132</size>
         <input_file_ref idref="fl-cc"/>
      </object_component>
      <object_component id="oc-271">
         <name>.debug_line</name>
         <load_address>0x1f8e</load_address>
         <run_address>0x1f8e</run_address>
         <size>0x2b</size>
         <input_file_ref idref="fl-cd"/>
      </object_component>
      <object_component id="oc-125">
         <name>.debug_line</name>
         <load_address>0x1fb9</load_address>
         <run_address>0x1fb9</run_address>
         <size>0xf2</size>
         <input_file_ref idref="fl-ce"/>
      </object_component>
      <object_component id="oc-119">
         <name>.debug_line</name>
         <load_address>0x20ab</load_address>
         <run_address>0x20ab</run_address>
         <size>0x2a</size>
         <input_file_ref idref="fl-ce"/>
      </object_component>
      <object_component id="oc-76">
         <name>.debug_line</name>
         <load_address>0x20d5</load_address>
         <run_address>0x20d5</run_address>
         <size>0x86</size>
         <input_file_ref idref="fl-ce"/>
      </object_component>
      <object_component id="oc-1ae">
         <name>.debug_line</name>
         <load_address>0x215b</load_address>
         <run_address>0x215b</run_address>
         <size>0xd2</size>
         <input_file_ref idref="fl-cf"/>
      </object_component>
      <object_component id="oc-210">
         <name>.debug_line</name>
         <load_address>0x222d</load_address>
         <run_address>0x222d</run_address>
         <size>0x77</size>
         <input_file_ref idref="fl-d0"/>
      </object_component>
      <object_component id="oc-215">
         <name>.debug_line</name>
         <load_address>0x22a4</load_address>
         <run_address>0x22a4</run_address>
         <size>0x77</size>
         <input_file_ref idref="fl-d0"/>
      </object_component>
      <object_component id="oc-161">
         <name>.debug_line</name>
         <load_address>0x231b</load_address>
         <run_address>0x231b</run_address>
         <size>0xa8</size>
         <input_file_ref idref="fl-d1"/>
      </object_component>
      <object_component id="oc-157">
         <name>.debug_line</name>
         <load_address>0x23c3</load_address>
         <run_address>0x23c3</run_address>
         <size>0x8e</size>
         <input_file_ref idref="fl-d2"/>
      </object_component>
      <object_component id="oc-15f">
         <name>.debug_line</name>
         <load_address>0x2451</load_address>
         <run_address>0x2451</run_address>
[...]
         <name>checkBumper</name>
         <value>0x2ac1</value>
         <object_component_ref idref="oc-ae"/>
      </symbol>
      <symbol id="sm-134">
         <name>turn_counterClockwise</name>
         <value>0x2a6b</value>
         <object_component_ref idref="oc-ae"/>
      </symbol>
      <symbol id="sm-135">
         <name>main</name>
         <value>0x27dd</value>
         <object_component_ref idref="oc-ae"/>
      </symbol>
      <symbol id="sm-136">
         <name>checkCliff</name>
         <value>0x2af7</value>
         <object_component_ref idref="oc-ae"/>
      </symbol>
      <symbol id="sm-137">
         <name>move_roomba</name>
         <value>0x281d</value>
         <object_component_ref idref="oc-ae"/>
      </symbol>
      <symbol id="sm-138">
         <name>cliffWarning</name>
         <value>0x2bfd</value>
         <object_component_ref idref="oc-ae"/>
      </symbol>
      <symbol id="sm-1e8">
         <name>go_charge</name>
         <value>0x1a51</value>
         <object_component_ref idref="oc-de"/>
      </symbol>
      <symbol id="sm-1e9">
         <name>GPIOF_Handler</name>
         <value>0x1ca3</value>
         <object_component_ref idref="oc-de"/>
      </symbol>
      <symbol id="sm-1ea">
         <name>getDegrees</name>
         <value>0x1cc5</value>
         <object_component_ref idref="oc-de"/>
      </symbol>
      <symbol id="sm-1eb">
         <name>oi_free</name>
         <value>0x13b9</value>
         <object_component_ref idref="oc-de"/>
      </symbol>
      <symbol id="sm-1ec">
         <name>oi_uartReceive</name>
         <value>0x1b03</value>
         <object_component_ref idref="oc-de"/>
      </symbol>
      <symbol id="sm-1ed">
         <name>oi_setWheels</name>
         <value>0x19a5</value>
         <object_component_ref idref="oc-de"/>
      </symbol>
      <symbol id="sm-1ee">
         <name>oi_shutoff_init</name>
         <value>0x1c31</value>
         <object_component_ref idref="oc-de"/>
      </symbol>
      <symbol id="sm-1ef">
         <name>oi_parseInt</name>
         <value>0x4b7f</value>
         <object_component_ref idref="oc-138"/>
      </symbol>
      <symbol id="sm-1f0">
         <name>oi_uartSendStr</name>
         <value>0x1b2b</value>
         <object_component_ref idref="oc-de"/>
      </symbol>
      <symbol id="sm-1f1">
         <name>oi_close</name>
         <value>0x1403</value>
         <object_component_ref idref="oc-de"/>
      </symbol>
      <symbol id="sm-1f2">
         <name>oi_uartSendBuff</name>
         <value>0x1b49</value>
         <object_component_ref idref="oc-de"/>
      </symbol>
      <symbol id="sm-1f3">
         <name>oi_checkFirmware</name>
         <value>0x1b7b</value>
         <object_component_ref idref="oc-de"/>
      </symbol>
      <symbol id="sm-1f4">
         <name>oi_init_noupdate</name>
         <value>0x13c9</value>
         <object_component_ref idref="oc-de"/>
      </symbol>
      <symbol id="sm-1f5">
         <name>oi_uartSendChar</name>
         <value>0x1ae7</value>
         <object_component_ref idref="oc-de"/>
      </symbol>
      <symbol id="sm-1f6">
         <name>oi_alloc</name>
         <value>0x13ad</value>
         <object_component_ref idref="oc-de"/>
      </symbol>
      <symbol id="sm-1f7">
         <name>oi_loadSong</name>
         <value>0x19e7</value>
         <object_component_ref idref="oc-de"/>
      </symbol>
      <symbol id="sm-1f8">
         <name>oi_play_song</name>
         <value>0x1a3d</value>
         <object_component_ref idref="oc-de"/>
      </symbol>
      <symbol id="sm-1f9">
         <name>oi_parsePacket</name>
         <value>0x1467</value>
         <object_component_ref idref="oc-de"/>
      </symbol>
      <symbol id="sm-1fa">
         <name>oi_setLeds</name>
         <value>0x1961</value>
         <object_component_ref idref="oc-de"/>
      </symbol>
      <symbol id="sm-1fb">
         <name>oi_init</name>
         <value>0x13ed</value>
         <object_component_ref idref="oc-de"/>
      </symbol>
      <symbol id="sm-1fc">
         <name>oi_update</name>
         <value>0x1415</value>
         <object_component_ref idref="oc-de"/>
      </symbol>
      <symbol id="sm-1fd">
         <name>oi_uartInit</name>
         <value>0x1a5f</value>
         <object_component_ref idref="oc-de"/>
      </symbol>
      <symbol id="sm-231">
         <name>send_pulse</name>
         <value>0x347f</value>
         <object_component_ref idref="oc-fc"/>
      </symbol>
      <symbol id="sm-232">
         <name>TIMER3B_Handler</name>
         <value>0x34e9</value>
         <object_component_ref idref="oc-fc"/>
      </symbol>
      <symbol id="sm-233">
         <name>ping_init</name>
         <value>0x33e1</value>
         <object_component_ref idref="oc-fc"/>
      </symbol>
      <symbol id="sm-234">
         <name>ping_getDistance</name>
         <value>0x3549</value>
         <object_component_ref idref="oc-fc"/>
      </symbol>
      <symbol id="sm-257">
         <name>move_servo</name>
         <value>0x3d4d</value>
         <object_component_ref idref="oc-102"/>
      </symbol>
      <symbol id="sm-258">
         <name>servo_init</name>
         <value>0x3c89</value>
         <object_component_ref idref="oc-102"/>
      </symbol>
      <symbol id="sm-279">
         <name>timer_startClock</name>
         <value>0x3ebd</value>
         <object_component_ref idref="oc-108"/>
      </symbol>
      <symbol id="sm-27a">
         <name>timer_stopClock</name>
         <value>0x3f0f</value>
         <object_component_ref idref="oc-108"/>
      </symbol>
      <symbol id="sm-27b">
         <name>timer_getClock</name>
         <value>0x3f09</value>
         <object_component_ref idref="oc-108"/>
      </symbol>
      <symbol id="sm-27c">
         <name>timer_stopTimer</name>
         <value>0x3ea7</value>
         <object_component_ref idref="oc-108"/>
      </symbol>
      <symbol id="sm-27d">
         <name>timer_startTimer</name>
         <value>0x3e57</value>
         <object_component_ref idref="oc-108"/>
      </symbol>
      <symbol id="sm-27e">
         <name>timer_waitMillis</name>
         <value>0x3df9</value>
         <object_component_ref idref="oc-108"/>
      </symbol>
      <symbol id="sm-27f">
         <name>timer_waitMicros</name>
         <value>0x3e2d</value>
         <object_component_ref idref="oc-108"/>
      </symbol>
      <symbol id="sm-29b">
         <name>ResetISR</name>
         <value>0x4c77</value>
         <object_component_ref idref="oc-2e"/>
      </symbol>
      <symbol id="sm-29c">
         <name>g_pfnVectors</name>
         <value>0x0</value>
         <object_component_ref idref="oc-f"/>
      </symbol>
      <symbol id="sm-2be">
         <name>uart_sendChar</name>
         <value>0x40b3</value>
         <object_component_ref idref="oc-e4"/>
      </symbol>
      <symbol id="sm-2bf">
         <name>uart_init</name>
         <value>0x40f5</value>
         <object_component_ref idref="oc-e4"/>
      </symbol>
      <symbol id="sm-2c0">
         <name>uart_receive</name>
         <value>0x40cf</value>
         <object_component_ref idref="oc-e4"/>
      </symbol>
      <symbol id="sm-2c1">
         <name>uart_sendStr</name>
         <value>0x4089</value>
         <object_component_ref idref="oc-e4"/>
      </symbol>
      <symbol id="sm-2d2">
         <name>_c_int00</name>
         <value>0x4925</value>
         <object_component_ref idref="oc-24"/>
      </symbol>
      <symbol id="sm-2d3">
         <name>__stack</name>
         <value>0x2000026c</value>
         <object_component_ref idref="oc-2a"/>
      </symbol>
      <symbol id="sm-2f1">
         <name>__TI_decompress_lzss</name>
         <value>0x4857</value>
         <object_component_ref idref="oc-12"/>
      </symbol>
      <symbol id="sm-308">
         <name>__TI_decompress_none</name>
         <value>0x4c51</value>
         <object_component_ref idref="oc-18"/>
      </symbol>
      <symbol id="sm-31a">
         <name>__TI_zero_init</name>
         <value>0x4c6b</value>
         <object_component_ref idref="oc-1e"/>
      </symbol>
      <symbol id="sm-3aa">
         <name>pow</name>
         <value>0x1e31</value>
         <object_component_ref idref="oc-18f"/>
      </symbol>
      <symbol id="sm-3ab">
         <name>powl</name>
         <value>0x1e31</value>
         <object_component_ref idref="oc-18f"/>
      </symbol>
      <symbol id="sm-3cf">
         <name>sqrtl</name>
         <value>0x3b19</value>
         <object_component_ref idref="oc-200"/>
      </symbol>
      <symbol id="sm-3d0">
         <name>sqrt</name>
         <value>0x3b19</value>
         <object_component_ref idref="oc-200"/>
      </symbol>
      <symbol id="sm-3d8">
         <name>errno</name>
         <value>0x20000f24</value>
         <object_component_ref idref="oc-206"/>
      </symbol>
      <symbol id="sm-3f9">
         <name>C$$EXIT</name>
         <value>0x4979</value>
         <object_component_ref idref="oc-72"/>
      </symbol>
      <symbol id="sm-3fa">
         <name>abort</name>
         <value>0x497d</value>
         <object_component_ref idref="oc-72"/>
      </symbol>
      <symbol id="sm-3fb">
         <name>exit</name>
         <value>0x4985</value>
         <object_component_ref idref="oc-72"/>
      </symbol>
      <symbol id="sm-3fc">
         <name>__TI_dtors_ptr</name>
         <value>0x20000f08</value>
         <object_component_ref idref="oc-b6"/>
      </symbol>
      <symbol id="sm-3fd">
         <name>__TI_cleanup_ptr</name>
         <value>0x20000f04</value>
         <object_component_ref idref="oc-b6"/>
      </symbol>
      <symbol id="sm-3fe">
         <name>__TI_enable_exit_profile_output</name>
         <value>0x20000f0c</value>
         <object_component_ref idref="oc-b6"/>
      </symbol>
      <symbol id="sm-415">
         <name>__aeabi_dsub</name>
         <value>0x37ed</value>
         <object_component_ref idref="oc-1aa"/>
      </symbol>
      <symbol id="sm-416">
         <name>__aeabi_dadd</name>
         <value>0x37f7</value>
         <object_component_ref idref="oc-1aa"/>
      </symbol>
      <symbol id="sm-438">
         <name>__aeabi_cdcmpeq</name>
         <value>0x45f1</value>
         <object_component_ref idref="oc-20c"/>
      </symbol>
      <symbol id="sm-439">
         <name>__aeabi_cdcmple</name>
         <value>0x45f1</value>
         <object_component_ref idref="oc-20c"/>
      </symbol>
      <symbol id="sm-43a">
         <name>__aeabi_cdrcmple</name>
         <value>0x4677</value>
         <object_component_ref idref="oc-211"/>
      </symbol>
      <symbol id="sm-44e">
         <name>__aeabi_ddiv</name>
         <value>0x3f51</value>
         <object_component_ref idref="oc-160"/>
      </symbol>
      <symbol id="sm-459">
         <name>__aeabi_dmul</name>
         <value>0x42d5</value>
         <object_component_ref idref="oc-156"/>
      </symbol>
      <symbol id="sm-463">
         <name>__aeabi_d2iz</name>
         <value>0x4ab9</value>
         <object_component_ref idref="oc-15b"/>
      </symbol>
      <symbol id="sm-46f">
         <name>__aeabi_d2f</name>
         <value>0x47e9</value>
         <object_component_ref idref="oc-195"/>
      </symbol>
      <symbol id="sm-479">
         <name>__aeabi_i2d</name>
         <value>0x4b35</value>
         <object_component_ref idref="oc-151"/>
      </symbol>
      <symbol id="sm-494">
         <name>memcpy</name>
         <value>0x44cd</value>
         <object_component_ref idref="oc-42"/>
      </symbol>
      <symbol id="sm-495">
         <name>__aeabi_memcpy</name>
         <value>0x44cd</value>
         <object_component_ref idref="oc-42"/>
      </symbol>
      <symbol id="sm-496">
         <name>__aeabi_memcpy8</name>
         <value>0x44cd</value>
         <object_component_ref idref="oc-42"/>
      </symbol>
      <symbol id="sm-497">
         <name>__aeabi_memcpy4</name>
         <value>0x44cd</value>
         <object_component_ref idref="oc-42"/>
      </symbol>
      <symbol id="sm-50b">
         <name>_sys_memory</name>
         <value>0x20000a70</value>
         <object_component_ref idref="oc-2b"/>
      </symbol>
      <symbol id="sm-50c">
         <name>free</name>
         <value>0x2e0f</value>
         <object_component_ref idref="oc-132"/>
      </symbol>
      <symbol id="sm-50d">
         <name>realloc</name>
         <value>0x2ed1</value>
         <object_component_ref idref="oc-132"/>
      </symbol>
      <symbol id="sm-50e">
         <name>memalign</name>
         <value>0x2fd9</value>
         <object_component_ref idref="oc-132"/>
      </symbol>
      <symbol id="sm-50f">
         <name>calloc</name>
         <value>0x30c5</value>
         <object_component_ref idref="oc-132"/>
      </symbol>
      <symbol id="sm-510">
         <name>malloc</name>
         <value>0x2da5</value>
         <object_component_ref idref="oc-132"/>
      </symbol>
      <symbol id="sm-511">
         <name>minit</name>
         <value>0x2d25</value>
         <object_component_ref idref="oc-132"/>
      </symbol>
      <symbol id="sm-520">
         <name>__aeabi_memset</name>
         <value>0x46ff</value>
         <object_component_ref idref="oc-4e"/>
      </symbol>
      <symbol id="sm-521">
         <name>memset</name>
         <value>0x4705</value>
         <object_component_ref idref="oc-4e"/>
      </symbol>
      <symbol id="sm-522">
         <name>__aeabi_memset8</name>
         <value>0x46ff</value>
         <object_component_ref idref="oc-4e"/>
      </symbol>
      <symbol id="sm-523">
         <name>__aeabi_memset4</name>
         <value>0x46ff</value>
         <object_component_ref idref="oc-4e"/>
      </symbol>
      <symbol id="sm-524">
         <name>__aeabi_memclr8</name>
         <value>0x46fd</value>
         <object_component_ref idref="oc-4e"/>
      </symbol>
      <symbol id="sm-525">
         <name>__aeabi_memclr4</name>
         <value>0x46fd</value>
         <object_component_ref idref="oc-4e"/>
      </symbol>
      <symbol id="sm-526">
         <name>__aeabi_memclr</name>
         <value>0x46fd</value>
         <object_component_ref idref="oc-4e"/>
      </symbol>
      <symbol id="sm-530">
         <name>__mpu_init</name>
         <value>0x13ab</value>
         <object_component_ref idref="oc-5a"/>
      </symbol>
      <symbol id="sm-53a">
         <name>_system_pre_init</name>
         <value>0x4c83</value>
         <object_component_ref idref="oc-60"/>
      </symbol>
      <symbol id="sm-55c">
         <name>scalbn</name>
         <value>0x43d1</value>
         <object_component_ref idref="oc-216"/>
      </symbol>
      <symbol id="sm-55d">
         <name>scalbnl</name>
         <value>0x43d1</value>
         <object_component_ref idref="oc-216"/>
      </symbol>
      <symbol id="sm-55e">
         <name>ldexpl</name>
         <value>0x43d1</value>
         <object_component_ref idref="oc-216"/>
      </symbol>
      <symbol id="sm-55f">
         <name>ldexp</name>
         <value>0x43d1</value>
         <object_component_ref idref="oc-216"/>
      </symbol>
      <symbol id="sm-567">
         <name>main_func_sp</name>
         <value>0x20000f28</value>
         <object_component_ref idref="oc-78"/>
      </symbol>
      <symbol id="sm-576">
         <name>strcmp</name>
         <value>0x4bb1</value>
         <object_component_ref idref="oc-13f"/>
      </symbol>
      <symbol id="sm-584">
         <name>strcpy</name>
         <value>0x4c09</value>
         <object_component_ref idref="oc-17b"/>
      </symbol>
      <symbol id="sm-5a5">
         <name>vsnprintf</name>
         <value>0x4569</value>
         <object_component_ref idref="oc-175"/>
      </symbol>
      <symbol id="sm-5be">
         <name>_nop</name>
         <value>0x4bef</value>
         <object_component_ref idref="oc-11a"/>
      </symbol>
      <symbol id="sm-5bf">
         <name>_lock</name>
         <value>0x20000f1c</value>
         <object_component_ref idref="oc-b9"/>
      </symbol>
      <symbol id="sm-5c0">
         <name>_unlock</name>
         <value>0x20000f20</value>
         <object_component_ref idref="oc-b9"/>
      </symbol>
      <symbol id="sm-5c1">
         <name>_register_lock</name>
         <value>0x4be7</value>
         <object_component_ref idref="oc-11a"/>
      </symbol>
      <symbol id="sm-5c2">
         <name>_register_unlock</name>
         <value>0x4be1</value>
         <object_component_ref idref="oc-11a"/>
      </symbol>
      <symbol id="sm-6c3">
         <name>__TI_printfi</name>
         <value>0xab1</value>
         <object_component_ref idref="oc-1e8"/>
      </symbol>
      <symbol id="sm-6d7">
         <name>_args_main</name>
         <value>0x4b99</value>
         <object_component_ref idref="oc-6c"/>
      </symbol>
      <symbol id="sm-6ed">
         <name>atoi</name>
         <value>0x4a21</value>
         <object_component_ref idref="oc-252"/>
      </symbol>
      <symbol id="sm-717">
         <name>__TI_auto_init</name>
         <value>0x4779</value>
         <object_component_ref idref="oc-66"/>
      </symbol>
      <symbol id="sm-731">
         <name>copy_in</name>
         <value>0x4a6d</value>
         <object_component_ref idref="oc-a0"/>
      </symbol>
      <symbol id="sm-73c">
         <name>_ctypes_</name>
         <value>0x4c88</value>
         <object_component_ref idref="oc-28e"/>
      </symbol>
      <symbol id="sm-74b">
         <name>ltoa</name>
         <value>0x49cd</value>
         <object_component_ref idref="oc-240"/>
      </symbol>
      <symbol id="sm-75b">
         <name>memccpy</name>
         <value>0x4b63</value>
         <object_component_ref idref="oc-258"/>
      </symbol>
      <symbol id="sm-765">
         <name>copysign</name>
         <value>0x4bf5</value>
         <object_component_ref idref="oc-276"/>
      </symbol>
      <symbol id="sm-766">
         <name>copysignl</name>
         <value>0x4bf5</value>
         <object_component_ref idref="oc-276"/>
      </symbol>
      <symbol id="sm-77c">
         <name>frexpl</name>
         <value>0x48c1</value>
         <object_component_ref idref="oc-246"/>
      </symbol>
      <symbol id="sm-77d">
         <name>frexp</name>
         <value>0x48c1</value>
         <object_component_ref idref="oc-246"/>
      </symbol>
      <symbol id="sm-787">
         <name>_system_post_cinit</name>
         <value>0x39a3</value>
         <object_component_ref idref="oc-a6"/>
      </symbol>
      <symbol id="sm-797">
         <name>strchr</name>
         <value>0x4bc9</value>
         <object_component_ref idref="oc-24c"/>
      </symbol>
      <symbol id="sm-7a5">
         <name>strlen</name>
         <value>0x4c1d</value>
         <object_component_ref idref="oc-23a"/>
      </symbol>
      <symbol id="sm-7c1">
         <name>__aeabi_uldivmod</name>
         <value>0x35f9</value>
         <object_component_ref idref="oc-235"/>
      </symbol>
      <symbol id="sm-7e1">
         <name>IntRegister</name>
         <value>0x4b01</value>
         <object_component_ref idref="oc-145"/>
      </symbol>
      <symbol id="sm-7e2">
         <name>g_pfnRAMVectors</name>
         <value>0x20000000</value>
         <object_component_ref idref="oc-1cd"/>
      </symbol>
      <symbol id="sm-7e3">
         <name>IntMasterEnable</name>
         <value>0x4c31</value>
         <object_component_ref idref="oc-14b"/>
      </symbol>
      <symbol id="sm-7ed">
         <name>CPUcpsie</name>
         <value>0x4c5f</value>
         <object_component_ref idref="oc-1d2"/>
      </symbol>
      <symbol id="sm-7ee">
         <name>__TI_static_base__</name>
         <value>0x0</value>
      </symbol>
      <symbol id="sm-7f1">
         <name>SHT$$INIT_ARRAY$$Limit</name>
         <value>0x0</value>
      </symbol>
      <symbol id="sm-7f2">
         <name>SHT$$INIT_ARRAY$$Base</name>
         <value>0x0</value>
      </symbol>
   </symbol_table>
   <title>Link successful</title>
</link_info>
